Archive member included to satisfy reference by file (symbol)

/usr/local/src/arm-gnu-toolchain-13.2/bin/../lib/gcc/arm-none-eabi/13.2.1/../../../../arm-none-eabi/lib/thumb/v7-m/nofp/libc_nano.a(libc_a-exit.o)
                              /usr/local/src/arm-gnu-toolchain-13.2/bin/../lib/gcc/arm-none-eabi/13.2.1/../../../../arm-none-eabi/lib/thumb/v7-m/nofp/crt0.o (exit)
/usr/local/src/arm-gnu-toolchain-13.2/bin/../lib/gcc/arm-none-eabi/13.2.1/../../../../arm-none-eabi/lib/thumb/v7-m/nofp/libc_nano.a(libc_a-init.o)
                              /usr/local/src/arm-gnu-toolchain-13.2/bin/../lib/gcc/arm-none-eabi/13.2.1/../../../../arm-none-eabi/lib/thumb/v7-m/nofp/crt0.o (__libc_init_array)
/usr/local/src/arm-gnu-toolchain-13.2/bin/../lib/gcc/arm-none-eabi/13.2.1/../../../../arm-none-eabi/lib/thumb/v7-m/nofp/libc_nano.a(libc_a-setjmp.o)
                              build/unity.o (setjmp)
/usr/local/src/arm-gnu-toolchain-13.2/bin/../lib/gcc/arm-none-eabi/13.2.1/../../../../arm-none-eabi/lib/thumb/v7-m/nofp/libc_nano.a(libc_a-strcmp.o)
                              build/unity_fixture.o (strcmp)
/usr/local/src/arm-gnu-toolchain-13.2/bin/../lib/gcc/arm-none-eabi/13.2.1/../../../../arm-none-eabi/lib/thumb/v7-m/nofp/libc_nano.a(libc_a-memcpy-stub.o)
                              build/eeprom_driver.o (memcpy)
/usr/local/src/arm-gnu-toolchain-13.2/bin/../lib/gcc/arm-none-eabi/13.2.1/../../../../arm-none-eabi/lib/thumb/v7-m/nofp/libc_nano.a(libc_a-malloc.o)
                              build/unity_memory.o (malloc)
/usr/local/src/arm-gnu-toolchain-13.2/bin/../lib/gcc/arm-none-eabi/13.2.1/../../../../arm-none-eabi/lib/thumb/v7-m/nofp/libc_nano.a(libc_a-mallocr.o)
                              /usr/local/src/arm-gnu-toolchain-13.2/bin/../lib/gcc/arm-none-eabi/13.2.1/../../../../arm-none-eabi/lib/thumb/v7-m/nofp/libc_nano.a(libc_a-malloc.o) (_malloc_r)
/usr/local/src/arm-gnu-toolchain-13.2/bin/../lib/gcc/arm-none-eabi/13.2.1/../../../../arm-none-eabi/lib/thumb/v7-m/nofp/libc_nano.a(libc_a-findfp.o)
                              /usr/local/src/arm-gnu-toolchain-13.2/bin/../lib/gcc/arm-none-eabi/13.2.1/../../../../arm-none-eabi/lib/thumb/v7-m/nofp/libc_nano.a(libc_a-exit.o) (__stdio_exit_handler)
/usr/local/src/arm-gnu-toolchain-13.2/bin/../lib/gcc/arm-none-eabi/13.2.1/../../../../arm-none-eabi/lib/thumb/v7-m/nofp/libc_nano.a(libc_a-stdio.o)
                              /usr/local/src/arm-gnu-toolchain-13.2/bin/../lib/gcc/arm-none-eabi/13.2.1/../../../../arm-none-eabi/lib/thumb/v7-m/nofp/libc_nano.a(libc_a-findfp.o) (__sread)
/usr/local/src/arm-gnu-toolchain-13.2/bin/../lib/gcc/arm-none-eabi/13.2.1/../../../../arm-none-eabi/lib/thumb/v7-m/nofp/libc_nano.a(libc_a-mlock.o)
                              /usr/local/src/arm-gnu-toolchain-13.2/bin/../lib/gcc/arm-none-eabi/13.2.1/../../../../arm-none-eabi/lib/thumb/v7-m/nofp/libc_nano.a(libc_a-mallocr.o) (__malloc_lock)
/usr/local/src/arm-gnu-toolchain-13.2/bin/../lib/gcc/arm-none-eabi/13.2.1/../../../../arm-none-eabi/lib/thumb/v7-m/nofp/libc_nano.a(libc_a-strstr.o)
                              build/unity_fixture.o (strstr)
/usr/local/src/arm-gnu-toolchain-13.2/bin/../lib/gcc/arm-none-eabi/13.2.1/../../../../arm-none-eabi/lib/thumb/v7-m/nofp/libc_nano.a(libc_a-readr.o)
                              /usr/local/src/arm-gnu-toolchain-13.2/bin/../lib/gcc/arm-none-eabi/13.2.1/../../../../arm-none-eabi/lib/thumb/v7-m/nofp/libc_nano.a(libc_a-stdio.o) (_read_r)
/usr/local/src/arm-gnu-toolchain-13.2/bin/../lib/gcc/arm-none-eabi/13.2.1/../../../../arm-none-eabi/lib/thumb/v7-m/nofp/libc_nano.a(libc_a-sbrkr.o)
                              /usr/local/src/arm-gnu-toolchain-13.2/bin/../lib/gcc/arm-none-eabi/13.2.1/../../../../arm-none-eabi/lib/thumb/v7-m/nofp/libc_nano.a(libc_a-mallocr.o) (_sbrk_r)
/usr/local/src/arm-gnu-toolchain-13.2/bin/../lib/gcc/arm-none-eabi/13.2.1/../../../../arm-none-eabi/lib/thumb/v7-m/nofp/libc_nano.a(libc_a-writer.o)
                              /usr/local/src/arm-gnu-toolchain-13.2/bin/../lib/gcc/arm-none-eabi/13.2.1/../../../../arm-none-eabi/lib/thumb/v7-m/nofp/libc_nano.a(libc_a-stdio.o) (_write_r)
/usr/local/src/arm-gnu-toolchain-13.2/bin/../lib/gcc/arm-none-eabi/13.2.1/../../../../arm-none-eabi/lib/thumb/v7-m/nofp/libc_nano.a(libc_a-fwalk.o)
                              /usr/local/src/arm-gnu-toolchain-13.2/bin/../lib/gcc/arm-none-eabi/13.2.1/../../../../arm-none-eabi/lib/thumb/v7-m/nofp/libc_nano.a(libc_a-findfp.o) (_fwalk_sglue)
/usr/local/src/arm-gnu-toolchain-13.2/bin/../lib/gcc/arm-none-eabi/13.2.1/../../../../arm-none-eabi/lib/thumb/v7-m/nofp/libc_nano.a(libc_a-memset.o)
                              /usr/local/src/arm-gnu-toolchain-13.2/bin/../lib/gcc/arm-none-eabi/13.2.1/../../../../arm-none-eabi/lib/thumb/v7-m/nofp/crt0.o (memset)
/usr/local/src/arm-gnu-toolchain-13.2/bin/../lib/gcc/arm-none-eabi/13.2.1/../../../../arm-none-eabi/lib/thumb/v7-m/nofp/libc_nano.a(libc_a-freer.o)
[...]
Memory Configuration

Name             Origin             Length             Attributes
RAM              0x20000000         0x00005000         xrw
FLASH            0x08000000         0x00010000         xr
*default*        0x00000000         0xffffffff

Linker script and memory map

LOAD /usr/local/src/arm-gnu-toolchain-13.2/bin/../lib/gcc/arm-none-eabi/13.2.1/thumb/v7-m/nofp/crti.o
LOAD /usr/local/src/arm-gnu-toolchain-13.2/bin/../lib/gcc/arm-none-eabi/13.2.1/thumb/v7-m/nofp/crtbegin.o
LOAD /usr/local/src/arm-gnu-toolchain-13.2/bin/../lib/gcc/arm-none-eabi/13.2.1/../../../../arm-none-eabi/lib/thumb/v7-m/nofp/crt0.o
LOAD build/eeprom_driver.o
LOAD build/eeprom_isr.o
LOAD build/unity.o
LOAD build/unity_fixture.o
LOAD build/unity_memory.o
LOAD build/target_tests.o
LOAD build/eeprom_test_runner.o
LOAD build/eeprom_test.o
LOAD build/eeprom_io.o
LOAD build/eeprom_time.o
LOAD build/stm32f1xx_it.o
LOAD build/stm32f1xx_hal_msp.o
LOAD build/stm32f1xx_hal_gpio_ex.o
LOAD build/stm32f1xx_hal_i2c.o
LOAD build/stm32f1xx_hal.o
LOAD build/stm32f1xx_hal_rcc.o
LOAD build/stm32f1xx_hal_rcc_ex.o
LOAD build/stm32f1xx_hal_gpio.o
LOAD build/stm32f1xx_hal_dma.o
LOAD build/stm32f1xx_hal_cortex.o
LOAD build/stm32f1xx_hal_pwr.o
LOAD build/stm32f1xx_hal_flash.o
LOAD build/stm32f1xx_hal_flash_ex.o
LOAD build/stm32f1xx_hal_exti.o
LOAD build/stm32f1xx_hal_tim.o
LOAD build/stm32f1xx_hal_tim_ex.o
LOAD build/system_stm32f1xx.o
LOAD build/stm32f1xx_hal_uart.o
LOAD build/startup_stm32f103xb.o
LOAD /usr/local/src/arm-gnu-toolchain-13.2/bin/../lib/gcc/arm-none-eabi/13.2.1/../../../../arm-none-eabi/lib/thumb/v7-m/nofp/libc_nano.a
LOAD /usr/local/src/arm-gnu-toolchain-13.2/bin/../lib/gcc/arm-none-eabi/13.2.1/../../../../arm-none-eabi/lib/thumb/v7-m/nofp/libm.a
LOAD /usr/local/src/arm-gnu-toolchain-13.2/bin/../lib/gcc/arm-none-eabi/13.2.1/../../../../arm-none-eabi/lib/thumb/v7-m/nofp/libnosys.a
START GROUP
LOAD /usr/local/src/arm-gnu-toolchain-13.2/bin/../lib/gcc/arm-none-eabi/13.2.1/thumb/v7-m/nofp/libgcc.a
LOAD /usr/local/src/arm-gnu-toolchain-13.2/bin/../lib/gcc/arm-none-eabi/13.2.1/../../../../arm-none-eabi/lib/thumb/v7-m/nofp/libc_nano.a
END GROUP
START GROUP
LOAD /usr/local/src/arm-gnu-toolchain-13.2/bin/../lib/gcc/arm-none-eabi/13.2.1/thumb/v7-m/nofp/libgcc.a
LOAD /usr/local/src/arm-gnu-toolchain-13.2/bin/../lib/gcc/arm-none-eabi/13.2.1/../../../../arm-none-eabi/lib/thumb/v7-m/nofp/libc_nano.a
END GROUP
LOAD /usr/local/src/arm-gnu-toolchain-13.2/bin/../lib/gcc/arm-none-eabi/13.2.1/thumb/v7-m/nofp/crtend.o
LOAD /usr/local/src/arm-gnu-toolchain-13.2/bin/../lib/gcc/arm-none-eabi/13.2.1/thumb/v7-m/nofp/crtn.o
                0x20005000                        _estack = (ORIGIN (RAM) + LENGTH (RAM))
                0x00000200                        _Min_Heap_Size = 0x200
                0x00000400                        _Min_Stack_Size = 0x400

.isr_vector     0x08000000      0x10c
                0x08000000                        . = ALIGN (0x4)
 *(.isr_vector)
 .isr_vector    0x08000000      0x10c build/startup_stm32f103xb.o
                0x08000000                g_pfnVectors
                0x0800010c                        . = ALIGN (0x4)

.text           0x0800010c     0x3c98
                0x0800010c                        . = ALIGN (0x4)
 *(.text)
 .text          0x0800010c       0x1c /usr/local/src/arm-gnu-toolchain-13.2/bin/../lib/gcc/arm-none-eabi/13.2.1/../../../../arm-none-eabi/lib/thumb/v7-m/nofp/libc_nano.a(libc_a-setjmp.o)
                0x0800010c                setjmp
                0x08000118                longjmp
 .text          0x08000128       0x14 /usr/local/src/arm-gnu-toolchain-13.2/bin/../lib/gcc/arm-none-eabi/13.2.1/../../../../arm-none-eabi/lib/thumb/v7-m/nofp/libc_nano.a(libc_a-strcmp.o)
                0x08000128                strcmp
 .text          0x0800013c      0x1ac /usr/local/src/arm-gnu-toolchain-13.2/bin/../lib/gcc/arm-none-eabi/13.2.1/thumb/v7-m/nofp/libgcc.a(libunwind.o)
                0x0800013c                __restore_core_regs
                0x0800013c                restore_core_regs
                0x08000154                __gnu_Unwind_Restore_VFP
                0x0800015c                __gnu_Unwind_Save_VFP
                0x08000164                __gnu_Unwind_Restore_VFP_D
                0x0800016c                __gnu_Unwind_Save_VFP_D
                0x08000174                __gnu_Unwind_Restore_VFP_D_16_to_31
                0x0800017c                __gnu_Unwind_Save_VFP_D_16_to_31
                0x08000184                __gnu_Unwind_Restore_WMMXD
                0x080001c8                __gnu_Unwind_Save_WMMXD
                0x0800020c                __gnu_Unwind_Restore_WMMXC
                0x08000220                __gnu_Unwind_Save_WMMXC
                0x08000234                ___Unwind_RaiseException
                0x08000234                _Unwind_RaiseException
                0x08000258                ___Unwind_Resume
                0x08000258                _Unwind_Resume
                0x0800027c                _Unwind_Resume_or_Rethrow
                0x0800027c                ___Unwind_Resume_or_Rethrow
                0x080002a0                ___Unwind_ForcedUnwind
                0x080002a0                _Unwind_ForcedUnwind
                0x080002c4                _Unwind_Backtrace
                0x080002c4                ___Unwind_Backtrace
 *(.text*)
 .text.deregister_tm_clones
                0x080002e8       0x1c /usr/local/src/arm-gnu-toolchain-13.2/bin/../lib/gcc/arm-none-eabi/13.2.1/thumb/v7-m/nofp/crtbegin.o
 .text.register_tm_clones
                0x08000304       0x24 /usr/local/src/arm-gnu-toolchain-13.2/bin/../lib/gcc/arm-none-eabi/13.2.1/thumb/v7-m/nofp/crtbegin.o
 .text.__do_global_dtors_aux
                0x08000328       0x28 /usr/local/src/arm-gnu-toolchain-13.2/bin/../lib/gcc/arm-none-eabi/13.2.1/thumb/v7-m/nofp/crtbegin.o
 .text.frame_dummy
                0x08000350       0x24 /usr/local/src/arm-gnu-toolchain-13.2/bin/../lib/gcc/arm-none-eabi/13.2.1/thumb/v7-m/nofp/crtbegin.o
 .text.invert_address
                0x08000374        0xa build/eeprom_driver.o
 .text.get_num_of_start_remaining_bytes
                0x0800037e       0x16 build/eeprom_driver.o
 .text.send_page
                0x08000394       0x32 build/eeprom_driver.o
 .text.send_start_bytes
                0x080003c6       0x3a build/eeprom_driver.o
 .text.send_offset_bytes
                0x08000400       0x34 build/eeprom_driver.o
 .text.eeprom_addr_write
                0x08000434       0x1c build/eeprom_driver.o
                0x08000434                eeprom_addr_write
 .text.eeprom_byte_write
                0x08000450       0x28 build/eeprom_driver.o
                0x08000450                eeprom_byte_write
 .text.eeprom_page_write
                0x08000478       0x74 build/eeprom_driver.o
                0x08000478                eeprom_page_write
 .text.eeprom_current_address_read
                0x080004ec        0xa build/eeprom_driver.o
                0x080004ec                eeprom_current_address_read
 .text.eeprom_random_byte_read
                0x080004f6       0x18 build/eeprom_driver.o
                0x080004f6                eeprom_random_byte_read
 .text.eeprom_sequential_read
                0x0800050e        0xa build/eeprom_driver.o
                0x0800050e                eeprom_sequential_read
 .text.eeprom_check_link
                0x08000518       0x44 build/eeprom_driver.o
                0x08000518                eeprom_check_link
 .text.UnityPrintNumberUnsigned
                0x0800055c       0x48 build/unity.o
                0x0800055c                UnityPrintNumberUnsigned
 .text.UnityPrintNumber
                0x080005a4       0x18 build/unity.o
                0x080005a4                UnityPrintNumber
 .text.UnityPrintNumberHex
                0x080005bc       0x34 build/unity.o
                0x080005bc                UnityPrintNumberHex
 .text.UnityPrintChar
                0x080005f0       0x50 build/unity.o
 .text.UnityPrint
                0x08000640       0x18 build/unity.o
                0x08000640                UnityPrint
 .text.UnityTestResultsBegin
                0x08000658       0x30 build/unity.o
 .text.UnityTestResultsFailBegin
                0x08000688       0x24 build/unity.o
 .text.UnityAddMsgIfSpecified
                0x080006ac       0x50 build/unity.o
 .text.UnityPrintNumberByStyle
                0x080006fc       0x92 build/unity.o
                0x080006fc                UnityPrintNumberByStyle
 *fill*         0x0800078e        0x2 
 .text.UnityAssertEqualNumber
                0x08000790       0x6c build/unity.o
                0x08000790                UnityAssertEqualNumber
 .text.UnityBegin
                0x080007fc       0x20 build/unity.o
                0x080007fc                UnityBegin
 .text.UnityEnd
                0x0800081c       0x94 build/unity.o
                0x0800081c                UnityEnd
 .text.announceTestRun
                0x080008b0       0x38 build/unity_fixture.o
 .text.selected
                0x080008e8       0x1a build/unity_fixture.o
 *fill*         0x08000902        0x2 
 .text.testSelected
                0x08000904       0x14 build/unity_fixture.o
 .text.groupSelected
                0x08000918       0x14 build/unity_fixture.o
 .text.UnityPointer_Init
                0x0800092c        0xc build/unity_fixture.o
                0x0800092c                UnityPointer_Init
 .text.UnityPointer_UndoAllSets
                0x08000938       0x28 build/unity_fixture.o
                0x08000938                UnityPointer_UndoAllSets
 .text.UnityGetCommandLineOptions
                0x08000960      0x23c build/unity_fixture.o
                0x08000960                UnityGetCommandLineOptions
 .text.UnityMain
                0x08000b9c       0x50 build/unity_fixture.o
                0x08000b9c                UnityMain
 .text.UnityConcludeFixtureTest
                0x08000bec       0x74 build/unity_fixture.o
                0x08000bec                UnityConcludeFixtureTest
 .text.UnityTestRunner
                0x08000c60       0x98 build/unity_fixture.o
                0x08000c60                UnityTestRunner
 .text.MX_GPIO_Init
                0x08000cf8       0x30 build/target_tests.o
 .text.run_all_tests
                0x08000d28        0x8 build/target_tests.o
 .text.unity_config_put_c
                0x08000d30       0x20 build/target_tests.o
                0x08000d30                unity_config_put_c
 .text._kill    0x08000d50        0x6 build/target_tests.o
                0x08000d50                _kill
 .text._getpid  0x08000d56        0x4 build/target_tests.o
                0x08000d56                _getpid
 .text._exit    0x08000d5a        0x2 build/target_tests.o
                0x08000d5a                _exit
 .text.Error_Handler
                0x08000d5c        0x4 build/target_tests.o
                0x08000d5c                Error_Handler
 .text.MX_I2C2_Init
                0x08000d60       0x38 build/target_tests.o
 .text.MX_USART1_UART_Init
                0x08000d98       0x34 build/target_tests.o
 .text.SystemClock_Config
                0x08000dcc       0x52 build/target_tests.o
                0x08000dcc                SystemClock_Config
 *fill*         0x08000e1e        0x2 
 .text.main     0x08000e20       0x28 build/target_tests.o
                0x08000e20                main
 .text.TEST_eeprom_driver_GROUP_RUNNER
                0x08000e48       0x2c build/eeprom_test_runner.o
                0x08000e48                TEST_eeprom_driver_GROUP_RUNNER
 .text.TEST_eeprom_driver_SETUP
                0x08000e74        0x2 build/eeprom_test.o
                0x08000e74                TEST_eeprom_driver_SETUP
 .text.TEST_eeprom_driver_TEAR_DOWN
                0x08000e76        0x2 build/eeprom_test.o
                0x08000e76                TEST_eeprom_driver_TEAR_DOWN
 .text.TEST_eeprom_driver_check_link_success_
                0x08000e78       0x1e build/eeprom_test.o
                0x08000e78                TEST_eeprom_driver_check_link_success_
 .text.check_data
                0x08000e96       0x2a build/eeprom_test.o
 .text.TEST_eeprom_driver_random_write_and_read_byte_success_
                0x08000ec0       0x4c build/eeprom_test.o
                0x08000ec0                TEST_eeprom_driver_random_write_and_read_byte_success_
 .text.TEST_eeprom_driver_current_address_read_byte_success_
                0x08000f0c       0x4e build/eeprom_test.o
                0x08000f0c                TEST_eeprom_driver_current_address_read_byte_success_
 *fill*         0x08000f5a        0x2 
 .text.TEST_eeprom_driver_multiple_current_address_read_byte_success_
                0x08000f5c       0x98 build/eeprom_test.o
                0x08000f5c                TEST_eeprom_driver_multiple_current_address_read_byte_success_
 .text.TEST_eeprom_driver_page_8_sequential_read_success_
                0x08000ff4       0x64 build/eeprom_test.o
                0x08000ff4                TEST_eeprom_driver_page_8_sequential_read_success_
 .text.TEST_eeprom_driver_page_68_sequential_read_success_
                0x08001058       0x84 build/eeprom_test.o
                0x08001058                TEST_eeprom_driver_page_68_sequential_read_success_
 .text.TEST_eeprom_driver_page_128_sequential_read_success_
                0x080010dc       0xa0 build/eeprom_test.o
                0x080010dc                TEST_eeprom_driver_page_128_sequential_read_success_
 .text.TEST_eeprom_driver_page_8_write_success_
                0x0800117c       0x6c build/eeprom_test.o
                0x0800117c                TEST_eeprom_driver_page_8_write_success_
 .text.TEST_eeprom_driver_page_68_write_success_
                0x080011e8       0x70 build/eeprom_test.o
                0x080011e8                TEST_eeprom_driver_page_68_write_success_
 .text.TEST_eeprom_driver_page_128_write_success_
                0x08001258       0x78 build/eeprom_test.o
                0x08001258                TEST_eeprom_driver_page_128_write_success_
 .text.TEST_eeprom_driver_check_link_success_run
                0x080012d0       0x44 build/eeprom_test.o
                0x080012d0                TEST_eeprom_driver_check_link_success_run
 .text.TEST_eeprom_driver_random_write_and_read_byte_success_run
                0x08001314       0x44 build/eeprom_test.o
                0x08001314                TEST_eeprom_driver_random_write_and_read_byte_success_run
 .text.TEST_eeprom_driver_current_address_read_byte_success_run
                0x08001358       0x44 build/eeprom_test.o
                0x08001358                TEST_eeprom_driver_current_address_read_byte_success_run
 .text.TEST_eeprom_driver_multiple_current_address_read_byte_success_run
                0x0800139c       0x44 build/eeprom_test.o
                0x0800139c                TEST_eeprom_driver_multiple_current_address_read_byte_success_run
 .text.TEST_eeprom_driver_page_8_sequential_read_success_run
                0x080013e0       0x44 build/eeprom_test.o
                0x080013e0                TEST_eeprom_driver_page_8_sequential_read_success_run
 .text.TEST_eeprom_driver_page_68_sequential_read_success_run
                0x08001424       0x44 build/eeprom_test.o
                0x08001424                TEST_eeprom_driver_page_68_sequential_read_success_run
 .text.TEST_eeprom_driver_page_128_sequential_read_success_run
                0x08001468       0x44 build/eeprom_test.o
                0x08001468                TEST_eeprom_driver_page_128_sequential_read_success_run
 .text.TEST_eeprom_driver_page_8_write_success_run
                0x080014ac       0x44 build/eeprom_test.o
                0x080014ac                TEST_eeprom_driver_page_8_write_success_run
 .text.TEST_eeprom_driver_page_68_write_success_run
                0x080014f0       0x44 build/eeprom_test.o
                0x080014f0                TEST_eeprom_driver_page_68_write_success_run
 .text.TEST_eeprom_driver_page_128_write_success_run
                0x08001534       0x44 build/eeprom_test.o
                0x08001534                TEST_eeprom_driver_page_128_write_success_run
 .text.eeprom_io_read
                0x08001578       0x20 build/eeprom_io.o
                0x08001578                eeprom_io_read
 .text.eeprom_io_write
                0x08001598       0x20 build/eeprom_io.o
                0x08001598                eeprom_io_write
 .text.eeprom_delay
                0x080015b8        0x8 build/eeprom_time.o
                0x080015b8                eeprom_delay
 .text.NMI_Handler
                0x080015c0        0x2 build/stm32f1xx_it.o
                0x080015c0                NMI_Handler
 .text.HardFault_Handler
                0x080015c2        0x2 build/stm32f1xx_it.o
                0x080015c2                HardFault_Handler
 .text.MemManage_Handler
                0x080015c4        0x2 build/stm32f1xx_it.o
                0x080015c4                MemManage_Handler
 .text.BusFault_Handler
                0x080015c6        0x2 build/stm32f1xx_it.o
                0x080015c6                BusFault_Handler
 .text.UsageFault_Handler
                0x080015c8        0x2 build/stm32f1xx_it.o
                0x080015c8                UsageFault_Handler
 .text.SVC_Handler
                0x080015ca        0x2 build/stm32f1xx_it.o
                0x080015ca                SVC_Handler
 .text.DebugMon_Handler
                0x080015cc        0x2 build/stm32f1xx_it.o
                0x080015cc                DebugMon_Handler
 .text.PendSV_Handler
                0x080015ce        0x2 build/stm32f1xx_it.o
                0x080015ce                PendSV_Handler
 .text.SysTick_Handler
                0x080015d0        0x8 build/stm32f1xx_it.o
                0x080015d0                SysTick_Handler
 .text.HAL_MspInit
                0x080015d8       0x44 build/stm32f1xx_hal_msp.o
                0x080015d8                HAL_MspInit
 .text.HAL_I2C_MspInit
                0x0800161c       0x64 build/stm32f1xx_hal_msp.o
                0x0800161c                HAL_I2C_MspInit
 .text.HAL_UART_MspInit
                0x08001680       0x78 build/stm32f1xx_hal_msp.o
                0x08001680                HAL_UART_MspInit
 .text.I2C_IsAcknowledgeFailed
                0x080016f8       0x32 build/stm32f1xx_hal_i2c.o
 .text.I2C_WaitOnFlagUntilTimeout
                0x0800172a       0xaa build/stm32f1xx_hal_i2c.o
 .text.I2C_WaitOnMasterAddressFlagUntilTimeout
                0x080017d4       0xd6 build/stm32f1xx_hal_i2c.o
 *fill*         0x080018aa        0x2 
 .text.I2C_MasterRequestWrite
                0x080018ac       0xb4 build/stm32f1xx_hal_i2c.o
 .text.I2C_MasterRequestRead
                0x08001960      0x120 build/stm32f1xx_hal_i2c.o
 .text.I2C_WaitOnTXEFlagUntilTimeout
                0x08001a80       0x5e build/stm32f1xx_hal_i2c.o
 .text.I2C_WaitOnBTFFlagUntilTimeout
                0x08001ade       0x5e build/stm32f1xx_hal_i2c.o
 .text.I2C_WaitOnRXNEFlagUntilTimeout
                0x08001b3c       0x78 build/stm32f1xx_hal_i2c.o
 .text.HAL_I2C_Init
                0x08001bb4      0x1bc build/stm32f1xx_hal_i2c.o
                0x08001bb4                HAL_I2C_Init
 .text.HAL_I2C_Master_Transmit
                0x08001d70      0x178 build/stm32f1xx_hal_i2c.o
                0x08001d70                HAL_I2C_Master_Transmit
 .text.HAL_I2C_Master_Receive
                0x08001ee8      0x358 build/stm32f1xx_hal_i2c.o
                0x08001ee8                HAL_I2C_Master_Receive
 .text.HAL_InitTick
                0x08002240       0x4c build/stm32f1xx_hal.o
                0x08002240                HAL_InitTick
 .text.HAL_Init
                0x0800228c       0x24 build/stm32f1xx_hal.o
                0x0800228c                HAL_Init
 .text.HAL_IncTick
                0x080022b0       0x18 build/stm32f1xx_hal.o
                0x080022b0                HAL_IncTick
 .text.HAL_GetTick
                0x080022c8        0xc build/stm32f1xx_hal.o
                0x080022c8                HAL_GetTick
 .text.HAL_Delay
                0x080022d4       0x28 build/stm32f1xx_hal.o
                0x080022d4                HAL_Delay
 .text.RCC_Delay
                0x080022fc       0x2c build/stm32f1xx_hal_rcc.o
 .text.HAL_RCC_OscConfig
                0x08002328      0x410 build/stm32f1xx_hal_rcc.o
                0x08002328                HAL_RCC_OscConfig
 .text.HAL_RCC_GetSysClockFreq
                0x08002738       0x54 build/stm32f1xx_hal_rcc.o
                0x08002738                HAL_RCC_GetSysClockFreq
 .text.HAL_RCC_ClockConfig
                0x0800278c      0x16c build/stm32f1xx_hal_rcc.o
                0x0800278c                HAL_RCC_ClockConfig
 .text.HAL_RCC_GetHCLKFreq
                0x080028f8        0xc build/stm32f1xx_hal_rcc.o
                0x080028f8                HAL_RCC_GetHCLKFreq
 .text.HAL_RCC_GetPCLK1Freq
                0x08002904       0x20 build/stm32f1xx_hal_rcc.o
                0x08002904                HAL_RCC_GetPCLK1Freq
 .text.HAL_RCC_GetPCLK2Freq
                0x08002924       0x20 build/stm32f1xx_hal_rcc.o
                0x08002924                HAL_RCC_GetPCLK2Freq
 .text.HAL_GPIO_Init
                0x08002944      0x21c build/stm32f1xx_hal_gpio.o
                0x08002944                HAL_GPIO_Init
 .text.__NVIC_SetPriority
                0x08002b60       0x28 build/stm32f1xx_hal_cortex.o
 .text.NVIC_EncodePriority
                0x08002b88       0x3e build/stm32f1xx_hal_cortex.o
 *fill*         0x08002bc6        0x2 
 .text.HAL_NVIC_SetPriorityGrouping
                0x08002bc8       0x24 build/stm32f1xx_hal_cortex.o
                0x08002bc8                HAL_NVIC_SetPriorityGrouping
 .text.HAL_NVIC_SetPriority
                0x08002bec       0x20 build/stm32f1xx_hal_cortex.o
                0x08002bec                HAL_NVIC_SetPriority
 .text.HAL_SYSTICK_Config
                0x08002c0c       0x28 build/stm32f1xx_hal_cortex.o
                0x08002c0c                HAL_SYSTICK_Config
 .text.SystemInit
                0x08002c34        0x2 build/system_stm32f1xx.o
                0x08002c34                SystemInit
 *fill*         0x08002c36        0x2 
 .text.UART_SetConfig
                0x08002c38       0x94 build/stm32f1xx_hal_uart.o
 .text.UART_WaitOnFlagUntilTimeout
                0x08002ccc       0x84 build/stm32f1xx_hal_uart.o
 .text.HAL_UART_Init
                0x08002d50       0x60 build/stm32f1xx_hal_uart.o
                0x08002d50                HAL_UART_Init
 .text.HAL_UART_Transmit
                0x08002db0       0xbe build/stm32f1xx_hal_uart.o
                0x08002db0                HAL_UART_Transmit
 *fill*         0x08002e6e        0x2 
 .text.Reset_Handler
                0x08002e70       0x48 build/startup_stm32f103xb.o
                0x08002e70                Reset_Handler
 .text.Default_Handler
                0x08002eb8        0x2 build/startup_stm32f103xb.o
                0x08002eb8                RTC_Alarm_IRQHandler
                0x08002eb8                EXTI2_IRQHandler
                0x08002eb8                TIM1_CC_IRQHandler
                0x08002eb8                PVD_IRQHandler
                0x08002eb8                EXTI3_IRQHandler
                0x08002eb8                EXTI0_IRQHandler
                0x08002eb8                I2C2_EV_IRQHandler
                0x08002eb8                ADC1_2_IRQHandler
                0x08002eb8                SPI1_IRQHandler
                0x08002eb8                TAMPER_IRQHandler
                0x08002eb8                DMA1_Channel4_IRQHandler
                0x08002eb8                USART3_IRQHandler
                0x08002eb8                RTC_IRQHandler
                0x08002eb8                DMA1_Channel7_IRQHandler
                0x08002eb8                CAN1_RX1_IRQHandler
                0x08002eb8                TIM4_IRQHandler
                0x08002eb8                I2C1_EV_IRQHandler
                0x08002eb8                DMA1_Channel6_IRQHandler
                0x08002eb8                TIM3_IRQHandler
                0x08002eb8                RCC_IRQHandler
                0x08002eb8                TIM1_TRG_COM_IRQHandler
                0x08002eb8                DMA1_Channel1_IRQHandler
                0x08002eb8                Default_Handler
                0x08002eb8                EXTI15_10_IRQHandler
                0x08002eb8                EXTI9_5_IRQHandler
                0x08002eb8                SPI2_IRQHandler
                0x08002eb8                DMA1_Channel5_IRQHandler
                0x08002eb8                EXTI4_IRQHandler
                0x08002eb8                USB_LP_CAN1_RX0_IRQHandler
                0x08002eb8                USB_HP_CAN1_TX_IRQHandler
                0x08002eb8                DMA1_Channel3_IRQHandler
                0x08002eb8                TIM1_UP_IRQHandler
                0x08002eb8                WWDG_IRQHandler
                0x08002eb8                TIM2_IRQHandler
                0x08002eb8                TIM1_BRK_IRQHandler
                0x08002eb8                EXTI1_IRQHandler
                0x08002eb8                USART2_IRQHandler
                0x08002eb8                I2C2_ER_IRQHandler
                0x08002eb8                DMA1_Channel2_IRQHandler
                0x08002eb8                CAN1_SCE_IRQHandler
                0x08002eb8                FLASH_IRQHandler
                0x08002eb8                USART1_IRQHandler
                0x08002eb8                I2C1_ER_IRQHandler
                0x08002eb8                USBWakeUp_IRQHandler
 *fill*         0x08002eba        0x2 
 .text.__libc_init_array
                0x08002ebc       0x48 /usr/local/src/arm-gnu-toolchain-13.2/bin/../lib/gcc/arm-none-eabi/13.2.1/../../../../arm-none-eabi/lib/thumb/v7-m/nofp/libc_nano.a(libc_a-init.o)
                0x08002ebc                __libc_init_array
 .text.memcpy   0x08002f04       0x1c /usr/local/src/arm-gnu-toolchain-13.2/bin/../lib/gcc/arm-none-eabi/13.2.1/../../../../arm-none-eabi/lib/thumb/v7-m/nofp/libc_nano.a(libc_a-memcpy-stub.o)
                0x08002f04                memcpy
 .text.strstr   0x08002f20       0x2c /usr/local/src/arm-gnu-toolchain-13.2/bin/../lib/gcc/arm-none-eabi/13.2.1/../../../../arm-none-eabi/lib/thumb/v7-m/nofp/libc_nano.a(libc_a-strstr.o)
                0x08002f20                strstr
 .text.memset   0x08002f4c       0x10 /usr/local/src/arm-gnu-toolchain-13.2/bin/../lib/gcc/arm-none-eabi/13.2.1/../../../../arm-none-eabi/lib/thumb/v7-m/nofp/libc_nano.a(libc_a-memset.o)
                0x08002f4c                memset
 .text.selfrel_offset31
                0x08002f5c       0x14 /usr/local/src/arm-gnu-toolchain-13.2/bin/../lib/gcc/arm-none-eabi/13.2.1/thumb/v7-m/nofp/libgcc.a(unwind-arm.o)
 .text.search_EIT_table
                0x08002f70       0x64 /usr/local/src/arm-gnu-toolchain-13.2/bin/../lib/gcc/arm-none-eabi/13.2.1/thumb/v7-m/nofp/libgcc.a(unwind-arm.o)
 .text.__gnu_unwind_get_pr_addr
                0x08002fd4       0x28 /usr/local/src/arm-gnu-toolchain-13.2/bin/../lib/gcc/arm-none-eabi/13.2.1/thumb/v7-m/nofp/libgcc.a(unwind-arm.o)
 .text.get_eit_entry
                0x08002ffc       0x98 /usr/local/src/arm-gnu-toolchain-13.2/bin/../lib/gcc/arm-none-eabi/13.2.1/thumb/v7-m/nofp/libgcc.a(unwind-arm.o)
 .text.restore_non_core_regs
                0x08003094       0x58 /usr/local/src/arm-gnu-toolchain-13.2/bin/../lib/gcc/arm-none-eabi/13.2.1/thumb/v7-m/nofp/libgcc.a(unwind-arm.o)
 .text._Unwind_decode_typeinfo_ptr.constprop.0
                0x080030ec        0xc /usr/local/src/arm-gnu-toolchain-13.2/bin/../lib/gcc/arm-none-eabi/13.2.1/thumb/v7-m/nofp/libgcc.a(unwind-arm.o)
 .text._Unwind_DebugHook
                0x080030f8        0x4 /usr/local/src/arm-gnu-toolchain-13.2/bin/../lib/gcc/arm-none-eabi/13.2.1/thumb/v7-m/nofp/libgcc.a(unwind-arm.o)
 .text.unwind_phase2
                0x080030fc       0x40 /usr/local/src/arm-gnu-toolchain-13.2/bin/../lib/gcc/arm-none-eabi/13.2.1/thumb/v7-m/nofp/libgcc.a(unwind-arm.o)
 .text.unwind_phase2_forced
                0x0800313c       0xe0 /usr/local/src/arm-gnu-toolchain-13.2/bin/../lib/gcc/arm-none-eabi/13.2.1/thumb/v7-m/nofp/libgcc.a(unwind-arm.o)
 .text.__gnu_Unwind_RaiseException
                0x0800321c       0x68 /usr/local/src/arm-gnu-toolchain-13.2/bin/../lib/gcc/arm-none-eabi/13.2.1/thumb/v7-m/nofp/libgcc.a(unwind-arm.o)
                0x0800321c                __gnu_Unwind_RaiseException
 .text.__gnu_Unwind_ForcedUnwind
                0x08003284       0x18 /usr/local/src/arm-gnu-toolchain-13.2/bin/../lib/gcc/arm-none-eabi/13.2.1/thumb/v7-m/nofp/libgcc.a(unwind-arm.o)
                0x08003284                __gnu_Unwind_ForcedUnwind
 .text.__gnu_Unwind_Resume
                0x0800329c       0x44 /usr/local/src/arm-gnu-toolchain-13.2/bin/../lib/gcc/arm-none-eabi/13.2.1/thumb/v7-m/nofp/libgcc.a(unwind-arm.o)
                0x0800329c                __gnu_Unwind_Resume
 .text.__gnu_Unwind_Resume_or_Rethrow
                0x080032e0       0x18 /usr/local/src/arm-gnu-toolchain-13.2/bin/../lib/gcc/arm-none-eabi/13.2.1/thumb/v7-m/nofp/libgcc.a(unwind-arm.o)
                0x080032e0                __gnu_Unwind_Resume_or_Rethrow
 .text._Unwind_VRS_Get
                0x080032f8       0x34 /usr/local/src/arm-gnu-toolchain-13.2/bin/../lib/gcc/arm-none-eabi/13.2.1/thumb/v7-m/nofp/libgcc.a(unwind-arm.o)
                0x080032f8                _Unwind_VRS_Get
 .text._Unwind_GetGR
                0x0800332c       0x1c /usr/local/src/arm-gnu-toolchain-13.2/bin/../lib/gcc/arm-none-eabi/13.2.1/thumb/v7-m/nofp/libgcc.a(unwind-arm.o)
 .text._Unwind_VRS_Set
                0x08003348       0x34 /usr/local/src/arm-gnu-toolchain-13.2/bin/../lib/gcc/arm-none-eabi/13.2.1/thumb/v7-m/nofp/libgcc.a(unwind-arm.o)
                0x08003348                _Unwind_VRS_Set
 .text._Unwind_SetGR
                0x0800337c       0x18 /usr/local/src/arm-gnu-toolchain-13.2/bin/../lib/gcc/arm-none-eabi/13.2.1/thumb/v7-m/nofp/libgcc.a(unwind-arm.o)
 .text.__gnu_Unwind_Backtrace
                0x08003394       0x80 /usr/local/src/arm-gnu-toolchain-13.2/bin/../lib/gcc/arm-none-eabi/13.2.1/thumb/v7-m/nofp/libgcc.a(unwind-arm.o)
                0x08003394                __gnu_Unwind_Backtrace
 .text.__gnu_unwind_pr_common
                0x08003414      0x2a8 /usr/local/src/arm-gnu-toolchain-13.2/bin/../lib/gcc/arm-none-eabi/13.2.1/thumb/v7-m/nofp/libgcc.a(unwind-arm.o)
 .text.__aeabi_unwind_cpp_pr0
                0x080036bc        0x8 /usr/local/src/arm-gnu-toolchain-13.2/bin/../lib/gcc/arm-none-eabi/13.2.1/thumb/v7-m/nofp/libgcc.a(unwind-arm.o)
                0x080036bc                __aeabi_unwind_cpp_pr0
 .text.__aeabi_unwind_cpp_pr1
                0x080036c4        0x8 /usr/local/src/arm-gnu-toolchain-13.2/bin/../lib/gcc/arm-none-eabi/13.2.1/thumb/v7-m/nofp/libgcc.a(unwind-arm.o)
                0x080036c4                __aeabi_unwind_cpp_pr1
 .text.__aeabi_unwind_cpp_pr2
                0x080036cc        0x8 /usr/local/src/arm-gnu-toolchain-13.2/bin/../lib/gcc/arm-none-eabi/13.2.1/thumb/v7-m/nofp/libgcc.a(unwind-arm.o)
                0x080036cc                __aeabi_unwind_cpp_pr2
 .text._Unwind_VRS_Pop
                0x080036d4      0x2ec /usr/local/src/arm-gnu-toolchain-13.2/bin/../lib/gcc/arm-none-eabi/13.2.1/thumb/v7-m/nofp/libgcc.a(unwind-arm.o)
                0x080036d4                _Unwind_VRS_Pop
 .text.next_unwind_byte
                0x080039c0       0x38 /usr/local/src/arm-gnu-toolchain-13.2/bin/../lib/gcc/arm-none-eabi/13.2.1/thumb/v7-m/nofp/libgcc.a(pr-support.o)
 .text.__gnu_unwind_execute
                0x080039f8      0x2fc /usr/local/src/arm-gnu-toolchain-13.2/bin/../lib/gcc/arm-none-eabi/13.2.1/thumb/v7-m/nofp/libgcc.a(pr-support.o)
                0x080039f8                __gnu_unwind_execute
 .text.abort    0x08003cf4        0xe /usr/local/src/arm-gnu-toolchain-13.2/bin/../lib/gcc/arm-none-eabi/13.2.1/../../../../arm-none-eabi/lib/thumb/v7-m/nofp/libc_nano.a(libc_a-abort.o)
                0x08003cf4                abort
 .text._raise_r
                0x08003d02       0x50 /usr/local/src/arm-gnu-toolchain-13.2/bin/../lib/gcc/arm-none-eabi/13.2.1/../../../../arm-none-eabi/lib/thumb/v7-m/nofp/libc_nano.a(libc_a-signal.o)
                0x08003d02                _raise_r
 *fill*         0x08003d52        0x2 
 .text.raise    0x08003d54       0x10 /usr/local/src/arm-gnu-toolchain-13.2/bin/../lib/gcc/arm-none-eabi/13.2.1/../../../../arm-none-eabi/lib/thumb/v7-m/nofp/libc_nano.a(libc_a-signal.o)
                0x08003d54                raise
 .text._kill_r  0x08003d64       0x24 /usr/local/src/arm-gnu-toolchain-13.2/bin/../lib/gcc/arm-none-eabi/13.2.1/../../../../arm-none-eabi/lib/thumb/v7-m/nofp/libc_nano.a(libc_a-signalr.o)
                0x08003d64                _kill_r
 .text._getpid_r
                0x08003d88        0x4 /usr/local/src/arm-gnu-toolchain-13.2/bin/../lib/gcc/arm-none-eabi/13.2.1/../../../../arm-none-eabi/lib/thumb/v7-m/nofp/libc_nano.a(libc_a-signalr.o)
                0x08003d88                _getpid_r
 *(.glue_7)
 .glue_7        0x08003d8c        0x0 linker stubs
 *(.glue_7t)
 .glue_7t       0x08003d8c        0x0 linker stubs
 *(.eh_frame)
 .eh_frame      0x08003d8c        0x0 /usr/local/src/arm-gnu-toolchain-13.2/bin/../lib/gcc/arm-none-eabi/13.2.1/thumb/v7-m/nofp/crtbegin.o
 *(.init)
 .init          0x08003d8c        0x4 /usr/local/src/arm-gnu-toolchain-13.2/bin/../lib/gcc/arm-none-eabi/13.2.1/thumb/v7-m/nofp/crti.o
                0x08003d8c                _init
 .init          0x08003d90        0x8 /usr/local/src/arm-gnu-toolchain-13.2/bin/../lib/gcc/arm-none-eabi/13.2.1/thumb/v7-m/nofp/crtn.o
 *(.fini)
 .fini          0x08003d98        0x4 /usr/local/src/arm-gnu-toolchain-13.2/bin/../lib/gcc/arm-none-eabi/13.2.1/thumb/v7-m/nofp/crti.o
                0x08003d98                _fini
 .fini          0x08003d9c        0x8 /usr/local/src/arm-gnu-toolchain-13.2/bin/../lib/gcc/arm-none-eabi/13.2.1/thumb/v7-m/nofp/crtn.o
                0x08003da4                        . = ALIGN (0x4)
                0x08003da4                        _etext = .

.vfp11_veneer   0x08003da4        0x0
 .vfp11_veneer  0x08003da4        0x0 linker stubs

.v4_bx          0x08003da4        0x0
 .v4_bx         0x08003da4        0x0 linker stubs

.iplt           0x08003da4        0x0
 .iplt          0x08003da4        0x0 /usr/local/src/arm-gnu-toolchain-13.2/bin/../lib/gcc/arm-none-eabi/13.2.1/thumb/v7-m/nofp/crtbegin.o

.rodata         0x08003da4      0x694
                0x08003da4                        . = ALIGN (0x4)
 *(.rodata)
 .rodata        0x08003da4       0x1d build/eeprom_test.o
 *(.rodata*)
 *fill*         0x08003dc1        0x3 
 .rodata.UnityStrDetail2Name
                0x08003dc4        0xb build/unity.o
 *fill*         0x08003dcf        0x1 
 .rodata.UnityStrDetail1Name
                0x08003dd0        0xa build/unity.o
 *fill*         0x08003dda        0x2 
 .rodata.UnityStrResultsIgnored
                0x08003ddc        0xa build/unity.o
 *fill*         0x08003de6        0x2 
 .rodata.UnityStrResultsFailures
                0x08003de8        0xb build/unity.o
 *fill*         0x08003df3        0x1 
 .rodata.UnityStrResultsTests
                0x08003df4        0x8 build/unity.o
 .rodata.UnityStrBreaker
                0x08003dfc       0x18 build/unity.o
 .rodata.UnityStrWas
                0x08003e14        0x6 build/unity.o
 *fill*         0x08003e1a        0x2 
 .rodata.UnityStrExpected
                0x08003e1c        0xb build/unity.o
 *fill*         0x08003e27        0x1 
 .rodata.UnityStrSpacer
                0x08003e28        0x3 build/unity.o
 *fill*         0x08003e2b        0x1 
 .rodata.UnityStrFail
                0x08003e2c        0x5 build/unity.o
                0x08003e2c                UnityStrFail
 *fill*         0x08003e31        0x3 
 .rodata.UnityStrPass
                0x08003e34        0x5 build/unity.o
                0x08003e34                UnityStrPass
 *fill*         0x08003e39        0x3 
 .rodata.UnityStrOk
                0x08003e3c        0x3 build/unity.o
                0x08003e3c                UnityStrOk
 *fill*         0x08003e3f        0x1 
 .rodata.announceTestRun.str1.4
                0x08003e40      0x5cb build/unity_fixture.o
                                 0x15 (size before relaxing)
 .rodata.UnityGetCommandLineOptions.str1.4
                0x0800440b      0x237 build/unity_fixture.o
 .rodata.UnityConcludeFixtureTest.str1.4
                0x0800440b        0x2 build/unity_fixture.o
 .rodata.TEST_eeprom_driver_check_link_success_run.str1.4
                0x0800440b       0x7a build/eeprom_test.o
 .rodata.TEST_eeprom_driver_random_write_and_read_byte_success_run.str1.4
                0x0800440b       0x5b build/eeprom_test.o
 .rodata.TEST_eeprom_driver_current_address_read_byte_success_run.str1.4
                0x0800440b       0x5a build/eeprom_test.o
 .rodata.TEST_eeprom_driver_multiple_current_address_read_byte_success_run.str1.4
                0x0800440b       0x6b build/eeprom_test.o
 .rodata.TEST_eeprom_driver_page_8_sequential_read_success_run.str1.4
                0x0800440b       0x53 build/eeprom_test.o
 .rodata.TEST_eeprom_driver_page_68_sequential_read_success_run.str1.4
                0x0800440b       0x58 build/eeprom_test.o
 .rodata.TEST_eeprom_driver_page_128_sequential_read_success_run.str1.4
                0x0800440b       0x59 build/eeprom_test.o
 .rodata.TEST_eeprom_driver_page_8_write_success_run.str1.4
                0x0800440b       0x41 build/eeprom_test.o
 .rodata.TEST_eeprom_driver_page_68_write_success_run.str1.4
                0x0800440b       0x42 build/eeprom_test.o
 .rodata.TEST_eeprom_driver_page_128_write_success_run.str1.4
                0x0800440b       0x43 build/eeprom_test.o
 *fill*         0x0800440b        0x1 
 .rodata.aPredivFactorTable.0
                0x0800440c        0x2 build/stm32f1xx_hal_rcc.o
 *fill*         0x0800440e        0x2 
 .rodata.aPLLMULFactorTable.1
                0x08004410       0x10 build/stm32f1xx_hal_rcc.o
 .rodata.APBPrescTable
                0x08004420        0x8 build/system_stm32f1xx.o
                0x08004420                APBPrescTable
 .rodata.AHBPrescTable
                0x08004428       0x10 build/system_stm32f1xx.o
                0x08004428                AHBPrescTable
                0x08004438                        . = ALIGN (0x4)

.ARM.extab
 *(.ARM.extab* .gnu.linkonce.armextab.*)

.ARM            0x08004438       0x90
                0x08004438                        __exidx_start = .
 *(.ARM.exidx*)
 .ARM.exidx     0x08004438        0x8 /usr/local/src/arm-gnu-toolchain-13.2/bin/../lib/gcc/arm-none-eabi/13.2.1/../../../../arm-none-eabi/lib/thumb/v7-m/nofp/libc_nano.a(libc_a-setjmp.o)
                                 0x10 (size before relaxing)
 .ARM.exidx     0x08004440        0x8 /usr/local/src/arm-gnu-toolchain-13.2/bin/../lib/gcc/arm-none-eabi/13.2.1/../../../../arm-none-eabi/lib/thumb/v7-m/nofp/libc_nano.a(libc_a-strcmp.o)
 .ARM.exidx.text.selfrel_offset31
                0x08004448        0x0 /usr/local/src/arm-gnu-toolchain-13.2/bin/../lib/gcc/arm-none-eabi/13.2.1/thumb/v7-m/nofp/libgcc.a(unwind-arm.o)
                                  0x8 (size before relaxing)
 .ARM.exidx.text.search_EIT_table
                0x08004448        0x0 /usr/local/src/arm-gnu-toolchain-13.2/bin/../lib/gcc/arm-none-eabi/13.2.1/thumb/v7-m/nofp/libgcc.a(unwind-arm.o)
                                  0x8 (size before relaxing)
 .ARM.exidx.text.__gnu_unwind_get_pr_addr
                0x08004448        0x0 /usr/local/src/arm-gnu-toolchain-13.2/bin/../lib/gcc/arm-none-eabi/13.2.1/thumb/v7-m/nofp/libgcc.a(unwind-arm.o)
                                  0x8 (size before relaxing)
 .ARM.exidx.text.get_eit_entry
                0x08004448        0x8 /usr/local/src/arm-gnu-toolchain-13.2/bin/../lib/gcc/arm-none-eabi/13.2.1/thumb/v7-m/nofp/libgcc.a(unwind-arm.o)
 .ARM.exidx.text.restore_non_core_regs
                0x08004450        0x8 /usr/local/src/arm-gnu-toolchain-13.2/bin/../lib/gcc/arm-none-eabi/13.2.1/thumb/v7-m/nofp/libgcc.a(unwind-arm.o)
 .ARM.exidx.text._Unwind_decode_typeinfo_ptr.constprop.0
                0x08004458        0x8 /usr/local/src/arm-gnu-toolchain-13.2/bin/../lib/gcc/arm-none-eabi/13.2.1/thumb/v7-m/nofp/libgcc.a(unwind-arm.o)
 .ARM.exidx.text._Unwind_DebugHook
                0x08004460        0x0 /usr/local/src/arm-gnu-toolchain-13.2/bin/../lib/gcc/arm-none-eabi/13.2.1/thumb/v7-m/nofp/libgcc.a(unwind-arm.o)
                                  0x8 (size before relaxing)
 .ARM.exidx.text.unwind_phase2
                0x08004460        0x8 /usr/local/src/arm-gnu-toolchain-13.2/bin/../lib/gcc/arm-none-eabi/13.2.1/thumb/v7-m/nofp/libgcc.a(unwind-arm.o)
 .ARM.exidx.text.unwind_phase2_forced
                0x08004468        0x8 /usr/local/src/arm-gnu-toolchain-13.2/bin/../lib/gcc/arm-none-eabi/13.2.1/thumb/v7-m/nofp/libgcc.a(unwind-arm.o)
 .ARM.exidx.text.__gnu_Unwind_RaiseException
                0x08004470        0x8 /usr/local/src/arm-gnu-toolchain-13.2/bin/../lib/gcc/arm-none-eabi/13.2.1/thumb/v7-m/nofp/libgcc.a(unwind-arm.o)
 .ARM.exidx.text.__gnu_Unwind_ForcedUnwind
                0x08004478        0x8 /usr/local/src/arm-gnu-toolchain-13.2/bin/../lib/gcc/arm-none-eabi/13.2.1/thumb/v7-m/nofp/libgcc.a(unwind-arm.o)
 .ARM.exidx.text.__gnu_Unwind_Resume
                0x08004480        0x8 /usr/local/src/arm-gnu-toolchain-13.2/bin/../lib/gcc/arm-none-eabi/13.2.1/thumb/v7-m/nofp/libgcc.a(unwind-arm.o)
 .ARM.exidx.text.__gnu_Unwind_Resume_or_Rethrow
                0x08004488        0x8 /usr/local/src/arm-gnu-toolchain-13.2/bin/../lib/gcc/arm-none-eabi/13.2.1/thumb/v7-m/nofp/libgcc.a(unwind-arm.o)
 .ARM.exidx.text._Unwind_VRS_Get
                0x08004490        0x0 /usr/local/src/arm-gnu-toolchain-13.2/bin/../lib/gcc/arm-none-eabi/13.2.1/thumb/v7-m/nofp/libgcc.a(unwind-arm.o)
                                  0x8 (size before relaxing)
 .ARM.exidx.text._Unwind_GetGR
                0x08004490        0x0 /usr/local/src/arm-gnu-toolchain-13.2/bin/../lib/gcc/arm-none-eabi/13.2.1/thumb/v7-m/nofp/libgcc.a(unwind-arm.o)
                                  0x8 (size before relaxing)
 .ARM.exidx.text._Unwind_VRS_Set
                0x08004490        0x0 /usr/local/src/arm-gnu-toolchain-13.2/bin/../lib/gcc/arm-none-eabi/13.2.1/thumb/v7-m/nofp/libgcc.a(unwind-arm.o)
                                  0x8 (size before relaxing)
 .ARM.exidx.text._Unwind_SetGR
                0x08004490        0x0 /usr/local/src/arm-gnu-toolchain-13.2/bin/../lib/gcc/arm-none-eabi/13.2.1/thumb/v7-m/nofp/libgcc.a(unwind-arm.o)
                                  0x8 (size before relaxing)
 .ARM.exidx.text.__gnu_Unwind_Backtrace
                0x08004490        0x8 /usr/local/src/arm-gnu-toolchain-13.2/bin/../lib/gcc/arm-none-eabi/13.2.1/thumb/v7-m/nofp/libgcc.a(unwind-arm.o)
 .ARM.exidx.text.__gnu_unwind_pr_common
                0x08004498        0x8 /usr/local/src/arm-gnu-toolchain-13.2/bin/../lib/gcc/arm-none-eabi/13.2.1/thumb/v7-m/nofp/libgcc.a(unwind-arm.o)
 .ARM.exidx.text.__aeabi_unwind_cpp_pr0
                0x080044a0        0x8 /usr/local/src/arm-gnu-toolchain-13.2/bin/../lib/gcc/arm-none-eabi/13.2.1/thumb/v7-m/nofp/libgcc.a(unwind-arm.o)
 .ARM.exidx.text.__aeabi_unwind_cpp_pr1
                0x080044a8        0x0 /usr/local/src/arm-gnu-toolchain-13.2/bin/../lib/gcc/arm-none-eabi/13.2.1/thumb/v7-m/nofp/libgcc.a(unwind-arm.o)
                                  0x8 (size before relaxing)
 .ARM.exidx.text.__aeabi_unwind_cpp_pr2
                0x080044a8        0x0 /usr/local/src/arm-gnu-toolchain-13.2/bin/../lib/gcc/arm-none-eabi/13.2.1/thumb/v7-m/nofp/libgcc.a(unwind-arm.o)
                                  0x8 (size before relaxing)
 .ARM.exidx.text._Unwind_VRS_Pop
                0x080044a8        0x8 /usr/local/src/arm-gnu-toolchain-13.2/bin/../lib/gcc/arm-none-eabi/13.2.1/thumb/v7-m/nofp/libgcc.a(unwind-arm.o)
 .ARM.exidx.text.next_unwind_byte
                0x080044b0        0x8 /usr/local/src/arm-gnu-toolchain-13.2/bin/../lib/gcc/arm-none-eabi/13.2.1/thumb/v7-m/nofp/libgcc.a(pr-support.o)
 .ARM.exidx.text.__gnu_unwind_execute
                0x080044b8       0x10 /usr/local/src/arm-gnu-toolchain-13.2/bin/../lib/gcc/arm-none-eabi/13.2.1/thumb/v7-m/nofp/libgcc.a(pr-support.o)
                                  0x8 (size before relaxing)
                0x080044c8                        __exidx_end = .

.rel.dyn        0x080044c8        0x0
 .rel.iplt      0x080044c8        0x0 /usr/local/src/arm-gnu-toolchain-13.2/bin/../lib/gcc/arm-none-eabi/13.2.1/thumb/v7-m/nofp/crtbegin.o

.preinit_array  0x080044c8        0x0
                0x080044c8                        PROVIDE (__preinit_array_start = .)
 *(.preinit_array*)
                0x080044c8                        PROVIDE (__preinit_array_end = .)

.init_array     0x080044c8        0x4
                0x080044c8                        PROVIDE (__init_array_start = .)
 *(SORT_BY_NAME(.init_array.*))
 *(.init_array*)
 .init_array    0x080044c8        0x4 /usr/local/src/arm-gnu-toolchain-13.2/bin/../lib/gcc/arm-none-eabi/13.2.1/thumb/v7-m/nofp/crtbegin.o
                0x080044cc                        PROVIDE (__init_array_end = .)

.fini_array     0x080044cc        0x4
                [!provide]                        PROVIDE (__fini_array_start = .)
 *(SORT_BY_NAME(.fini_array.*))
 *(.fini_array*)
 .fini_array    0x080044cc        0x4 /usr/local/src/arm-gnu-toolchain-13.2/bin/../lib/gcc/arm-none-eabi/13.2.1/thumb/v7-m/nofp/crtbegin.o
                [!provide]                        PROVIDE (__fini_array_end = .)
                0x080044d0                        _sidata = LOADADDR (.data)

.data           0x20000000       0x64 load address 0x080044d0
                0x20000000                        . = ALIGN (0x4)
                0x20000000                        _sdata = .
 *(.data)
 *(.data*)
 .data.data.1   0x20000000        0x3 build/eeprom_driver.o
 *fill*         0x20000003        0x1 
 .data.i2c      0x20000004        0x4 build/target_tests.o
                0x20000004                i2c
 .data.uwTickFreq
                0x20000008        0x1 build/stm32f1xx_hal.o
                0x20000008                uwTickFreq
 *fill*         0x20000009        0x3 
 .data.uwTickPrio
                0x2000000c        0x4 build/stm32f1xx_hal.o
                0x2000000c                uwTickPrio
 .data.SystemCoreClock
                0x20000010        0x4 build/system_stm32f1xx.o
                0x20000010                SystemCoreClock
 .data._impure_ptr
                0x20000014        0x4 /usr/local/src/arm-gnu-toolchain-13.2/bin/../lib/gcc/arm-none-eabi/13.2.1/../../../../arm-none-eabi/lib/thumb/v7-m/nofp/libc_nano.a(libc_a-impure.o)
                0x20000014                _impure_ptr
 .data._impure_data
                0x20000018       0x4c /usr/local/src/arm-gnu-toolchain-13.2/bin/../lib/gcc/arm-none-eabi/13.2.1/../../../../arm-none-eabi/lib/thumb/v7-m/nofp/libc_nano.a(libc_a-impure.o)
                0x20000018                _impure_data
                0x20000064                        . = ALIGN (0x4)
                0x20000064                        _edata = .

.tm_clone_table
                0x20000064        0x0 load address 0x08004534
 .tm_clone_table
                0x20000064        0x0 /usr/local/src/arm-gnu-toolchain-13.2/bin/../lib/gcc/arm-none-eabi/13.2.1/thumb/v7-m/nofp/crtbegin.o
 .tm_clone_table
                0x20000064        0x0 /usr/local/src/arm-gnu-toolchain-13.2/bin/../lib/gcc/arm-none-eabi/13.2.1/thumb/v7-m/nofp/crtend.o

.igot.plt       0x20000064        0x0 load address 0x08004534
 .igot.plt      0x20000064        0x0 /usr/local/src/arm-gnu-toolchain-13.2/bin/../lib/gcc/arm-none-eabi/13.2.1/thumb/v7-m/nofp/crtbegin.o
                0x20000064                        . = ALIGN (0x4)

.bss            0x20000068      0x304 load address 0x08004534
                0x20000068                        _sbss = .
                0x20000068                        __bss_start__ = _sbss
 *(.bss)
 *(.bss*)
 .bss.completed.1
                0x20000068        0x1 /usr/local/src/arm-gnu-toolchain-13.2/bin/../lib/gcc/arm-none-eabi/13.2.1/thumb/v7-m/nofp/crtbegin.o
 *fill*         0x20000069        0x3 
 .bss.object.0  0x2000006c       0x18 /usr/local/src/arm-gnu-toolchain-13.2/bin/../lib/gcc/arm-none-eabi/13.2.1/thumb/v7-m/nofp/crtbegin.o
 .bss.result.0  0x20000084        0x1 build/eeprom_driver.o
 *fill*         0x20000085        0x3 
 .bss.Unity     0x20000088       0xc8 build/unity.o
                0x20000088                Unity
 .bss.pointer_index
                0x20000150        0x4 build/unity_fixture.o
 .bss.pointer_store
                0x20000154       0x28 build/unity_fixture.o
 .bss.UnityFixture
                0x2000017c       0x14 build/unity_fixture.o
                0x2000017c                UnityFixture
 .bss.huart1    0x20000190       0x48 build/target_tests.o
                0x20000190                huart1
 .bss.hi2c2     0x200001d8       0x54 build/target_tests.o
                0x200001d8                hi2c2
 .bss.uwTick    0x2000022c        0x4 build/stm32f1xx_hal.o
                0x2000022c                uwTick
 .bss.__sf      0x20000230      0x138 /usr/local/src/arm-gnu-toolchain-13.2/bin/../lib/gcc/arm-none-eabi/13.2.1/../../../../arm-none-eabi/lib/thumb/v7-m/nofp/libc_nano.a(libc_a-findfp.o)
                0x20000230                __sf
 .bss.errno     0x20000368        0x4 /usr/local/src/arm-gnu-toolchain-13.2/bin/../lib/gcc/arm-none-eabi/13.2.1/../../../../arm-none-eabi/lib/thumb/v7-m/nofp/libc_nano.a(libc_a-reent.o)
                0x20000368                errno
 *(COMMON)
                0x2000036c                        . = ALIGN (0x4)
                0x2000036c                        _ebss = .
                0x2000036c                        __bss_end__ = _ebss

._user_heap_stack
                0x2000036c      0x604 load address 0x08004534
                0x20000370                        . = ALIGN (0x8)
 *fill*         0x2000036c        0x4 
                0x20000370                        PROVIDE (end = .)
                [!provide]                        PROVIDE (_end = .)
                0x20000570                        . = (. + _Min_Heap_Size)
 *fill*         0x20000370      0x200 
                0x20000970                        . = (. + _Min_Stack_Size)
 *fill*         0x20000570      0x400 
                0x20000970                        . = ALIGN (0x8)

/DISCARD/
 libc.a(*)
 libm.a(*)
 libgcc.a(*)

.ARM.attributes
                0x00000000       0x29
 *(.ARM.attributes)
 .ARM.attributes
                0x00000000       0x1d /usr/local/src/arm-gnu-toolchain-13.2/bin/../lib/gcc/arm-none-eabi/13.2.1/thumb/v7-m/nofp/crti.o
 .ARM.attributes
                0x0000001d       0x2d /usr/local/src/arm-gnu-toolchain-13.2/bin/../lib/gcc/arm-none-eabi/13.2.1/thumb/v7-m/nofp/crtbegin.o
 .ARM.attributes
                0x0000004a       0x2d build/eeprom_driver.o
 .ARM.attributes
                0x00000077       0x2d build/unity.o
 .ARM.attributes
                0x000000a4       0x2d build/unity_fixture.o
 .ARM.attributes
                0x000000d1       0x2d build/target_tests.o
 .ARM.attributes
                0x000000fe       0x2d build/eeprom_test_runner.o
 .ARM.attributes
                0x0000012b       0x2d build/eeprom_test.o
 .ARM.attributes
                0x00000158       0x2d build/eeprom_io.o
 .ARM.attributes
                0x00000185       0x2d build/eeprom_time.o
 .ARM.attributes
                0x000001b2       0x2d build/stm32f1xx_it.o
 .ARM.attributes
                0x000001df       0x2d build/stm32f1xx_hal_msp.o
 .ARM.attributes
                0x0000020c       0x2d build/stm32f1xx_hal_i2c.o
 .ARM.attributes
                0x00000239       0x2d build/stm32f1xx_hal.o
 .ARM.attributes
                0x00000266       0x2d build/stm32f1xx_hal_rcc.o
 .ARM.attributes
                0x00000293       0x2d build/stm32f1xx_hal_gpio.o
 .ARM.attributes
                0x000002c0       0x2d build/stm32f1xx_hal_cortex.o
 .ARM.attributes
                0x000002ed       0x2d build/system_stm32f1xx.o
 .ARM.attributes
                0x0000031a       0x2d build/stm32f1xx_hal_uart.o
 .ARM.attributes
                0x00000347       0x21 build/startup_stm32f103xb.o
 .ARM.attributes
                0x00000368       0x2d /usr/local/src/arm-gnu-toolchain-13.2/bin/../lib/gcc/arm-none-eabi/13.2.1/../../../../arm-none-eabi/lib/thumb/v7-m/nofp/libc_nano.a(libc_a-init.o)
 .ARM.attributes
                0x00000395       0x1b /usr/local/src/arm-gnu-toolchain-13.2/bin/../lib/gcc/arm-none-eabi/13.2.1/../../../../arm-none-eabi/lib/thumb/v7-m/nofp/libc_nano.a(libc_a-setjmp.o)
 .ARM.attributes
                0x000003b0       0x1b /usr/local/src/arm-gnu-toolchain-13.2/bin/../lib/gcc/arm-none-eabi/13.2.1/../../../../arm-none-eabi/lib/thumb/v7-m/nofp/libc_nano.a(libc_a-strcmp.o)
 .ARM.attributes
                0x000003cb       0x2d /usr/local/src/arm-gnu-toolchain-13.2/bin/../lib/gcc/arm-none-eabi/13.2.1/../../../../arm-none-eabi/lib/thumb/v7-m/nofp/libc_nano.a(libc_a-memcpy-stub.o)
 .ARM.attributes
                0x000003f8       0x2d /usr/local/src/arm-gnu-toolchain-13.2/bin/../lib/gcc/arm-none-eabi/13.2.1/../../../../arm-none-eabi/lib/thumb/v7-m/nofp/libc_nano.a(libc_a-findfp.o)
 .ARM.attributes
                0x00000425       0x2d /usr/local/src/arm-gnu-toolchain-13.2/bin/../lib/gcc/arm-none-eabi/13.2.1/../../../../arm-none-eabi/lib/thumb/v7-m/nofp/libc_nano.a(libc_a-strstr.o)
 .ARM.attributes
                0x00000452       0x2d /usr/local/src/arm-gnu-toolchain-13.2/bin/../lib/gcc/arm-none-eabi/13.2.1/../../../../arm-none-eabi/lib/thumb/v7-m/nofp/libc_nano.a(libc_a-memset.o)
 .ARM.attributes
                0x0000047f       0x2d /usr/local/src/arm-gnu-toolchain-13.2/bin/../lib/gcc/arm-none-eabi/13.2.1/../../../../arm-none-eabi/lib/thumb/v7-m/nofp/libc_nano.a(libc_a-reent.o)
 .ARM.attributes
                0x000004ac       0x2d /usr/local/src/arm-gnu-toolchain-13.2/bin/../lib/gcc/arm-none-eabi/13.2.1/../../../../arm-none-eabi/lib/thumb/v7-m/nofp/libc_nano.a(libc_a-impure.o)
 .ARM.attributes
                0x000004d9       0x2d /usr/local/src/arm-gnu-toolchain-13.2/bin/../lib/gcc/arm-none-eabi/13.2.1/thumb/v7-m/nofp/libgcc.a(unwind-arm.o)
 .ARM.attributes
                0x00000506       0x1d /usr/local/src/arm-gnu-toolchain-13.2/bin/../lib/gcc/arm-none-eabi/13.2.1/thumb/v7-m/nofp/libgcc.a(libunwind.o)
 .ARM.attributes
                0x00000523       0x2d /usr/local/src/arm-gnu-toolchain-13.2/bin/../lib/gcc/arm-none-eabi/13.2.1/thumb/v7-m/nofp/libgcc.a(pr-support.o)
 .ARM.attributes
                0x00000550       0x2d /usr/local/src/arm-gnu-toolchain-13.2/bin/../lib/gcc/arm-none-eabi/13.2.1/../../../../arm-none-eabi/lib/thumb/v7-m/nofp/libc_nano.a(libc_a-abort.o)
 .ARM.attributes
                0x0000057d       0x2d /usr/local/src/arm-gnu-toolchain-13.2/bin/../lib/gcc/arm-none-eabi/13.2.1/../../../../arm-none-eabi/lib/thumb/v7-m/nofp/libc_nano.a(libc_a-signal.o)
 .ARM.attributes
                0x000005aa       0x2d /usr/local/src/arm-gnu-toolchain-13.2/bin/../lib/gcc/arm-none-eabi/13.2.1/../../../../arm-none-eabi/lib/thumb/v7-m/nofp/libc_nano.a(libc_a-signalr.o)
 .ARM.attributes
                0x000005d7       0x2d /usr/local/src/arm-gnu-toolchain-13.2/bin/../lib/gcc/arm-none-eabi/13.2.1/thumb/v7-m/nofp/crtend.o
 .ARM.attributes
                0x00000604       0x1d /usr/local/src/arm-gnu-toolchain-13.2/bin/../lib/gcc/arm-none-eabi/13.2.1/thumb/v7-m/nofp/crtn.o
OUTPUT(build/EEPROM_Driver.elf elf32-littlearm)
LOAD linker stubs
LOAD /usr/local/src/arm-gnu-toolchain-13.2/bin/../lib/gcc/arm-none-eabi/13.2.1/../../../../arm-none-eabi/lib/thumb/v7-m/nofp/libc.a
LOAD /usr/local/src/arm-gnu-toolchain-13.2/bin/../lib/gcc/arm-none-eabi/13.2.1/../../../../arm-none-eabi/lib/thumb/v7-m/nofp/libm.a
LOAD /usr/local/src/arm-gnu-toolchain-13.2/bin/../lib/gcc/arm-none-eabi/13.2.1/thumb/v7-m/nofp/libgcc.a

.debug_info     0x00000000    0x137a0
 .debug_info    0x00000000      0x991 build/eeprom_driver.o
 .debug_info    0x00000991     0x375b build/unity.o
 .debug_info    0x000040ec      0xe05 build/unity_fixture.o
 .debug_info    0x00004ef1      0xf29 build/target_tests.o
 .debug_info    0x00005e1a      0x262 build/eeprom_test_runner.o
 .debug_info    0x0000607c     0x1301 build/eeprom_test.o
 .debug_info    0x0000737d      0x80f build/eeprom_io.o
 .debug_info    0x00007b8c       0xe8 build/eeprom_time.o
 .debug_info    0x00007c74      0x158 build/stm32f1xx_it.o
 .debug_info    0x00007dcc      0xd64 build/stm32f1xx_hal_msp.o
 .debug_info    0x00008b30     0x3d20 build/stm32f1xx_hal_i2c.o
 .debug_info    0x0000c850      0x880 build/stm32f1xx_hal.o
 .debug_info    0x0000d0d0      0xb10 build/stm32f1xx_hal_rcc.o
 .debug_info    0x0000dbe0      0x6d7 build/stm32f1xx_hal_gpio.o
 .debug_info    0x0000e2b7      0xe3f build/stm32f1xx_hal_cortex.o
 .debug_info    0x0000f0f6      0x26e build/system_stm32f1xx.o
 .debug_info    0x0000f364     0x440c build/stm32f1xx_hal_uart.o
 .debug_info    0x00013770       0x30 build/startup_stm32f103xb.o

.debug_abbrev   0x00000000     0x25c1
 .debug_abbrev  0x00000000      0x238 build/eeprom_driver.o
 .debug_abbrev  0x00000238      0x3e1 build/unity.o
 .debug_abbrev  0x00000619      0x2c4 build/unity_fixture.o
 .debug_abbrev  0x000008dd      0x2fb build/target_tests.o
 .debug_abbrev  0x00000bd8       0x78 build/eeprom_test_runner.o
 .debug_abbrev  0x00000c50      0x24d build/eeprom_test.o
 .debug_abbrev  0x00000e9d      0x185 build/eeprom_io.o
 .debug_abbrev  0x00001022       0x9c build/eeprom_time.o
 .debug_abbrev  0x000010be       0x80 build/stm32f1xx_it.o
 .debug_abbrev  0x0000113e      0x1d5 build/stm32f1xx_hal_msp.o
 .debug_abbrev  0x00001313      0x31e build/stm32f1xx_hal_i2c.o
 .debug_abbrev  0x00001631      0x232 build/stm32f1xx_hal.o
 .debug_abbrev  0x00001863      0x2d6 build/stm32f1xx_hal_rcc.o
 .debug_abbrev  0x00001b39      0x222 build/stm32f1xx_hal_gpio.o
 .debug_abbrev  0x00001d5b      0x3aa build/stm32f1xx_hal_cortex.o
 .debug_abbrev  0x00002105      0x140 build/system_stm32f1xx.o
 .debug_abbrev  0x00002245      0x35f build/stm32f1xx_hal_uart.o
 .debug_abbrev  0x000025a4       0x1d build/startup_stm32f103xb.o

.debug_loc      0x00000000    0x10c99
 .debug_loc     0x00000000      0x7f4 build/eeprom_driver.o
 .debug_loc     0x000007f4     0x2fe5 build/unity.o
 .debug_loc     0x000037d9      0x7a6 build/unity_fixture.o
 .debug_loc     0x00003f7f      0x14d build/target_tests.o
 .debug_loc     0x000040cc       0x20 build/eeprom_test_runner.o
 .debug_loc     0x000040ec      0x873 build/eeprom_test.o
 .debug_loc     0x0000495f      0x150 build/eeprom_io.o
 .debug_loc     0x00004aaf       0x4b build/eeprom_time.o
 .debug_loc     0x00004afa       0x20 build/stm32f1xx_it.o
 .debug_loc     0x00004b1a      0x21e build/stm32f1xx_hal_msp.o
 .debug_loc     0x00004d38     0x54d5 build/stm32f1xx_hal_i2c.o
 .debug_loc     0x0000a20d      0x1f9 build/stm32f1xx_hal.o
 .debug_loc     0x0000a406      0x7c6 build/stm32f1xx_hal_rcc.o
 .debug_loc     0x0000abcc      0x56c build/stm32f1xx_hal_gpio.o
 .debug_loc     0x0000b138      0x8b4 build/stm32f1xx_hal_cortex.o
 .debug_loc     0x0000b9ec      0x11b build/system_stm32f1xx.o
 .debug_loc     0x0000bb07     0x5192 build/stm32f1xx_hal_uart.o

.debug_aranges  0x00000000      0xc20
 .debug_aranges
                0x00000000       0x78 build/eeprom_driver.o
 .debug_aranges
                0x00000078      0x150 build/unity.o
 .debug_aranges
                0x000001c8       0x88 build/unity_fixture.o
 .debug_aranges
                0x00000250       0x70 build/target_tests.o
 .debug_aranges
                0x000002c0       0x20 build/eeprom_test_runner.o
 .debug_aranges
                0x000002e0       0xd0 build/eeprom_test.o
 .debug_aranges
                0x000003b0       0x28 build/eeprom_io.o
 .debug_aranges
                0x000003d8       0x20 build/eeprom_time.o
 .debug_aranges
                0x000003f8       0x60 build/stm32f1xx_it.o
 .debug_aranges
                0x00000458       0x40 build/stm32f1xx_hal_msp.o
 .debug_aranges
                0x00000498      0x2a8 build/stm32f1xx_hal_i2c.o
 .debug_aranges
                0x00000740       0xe0 build/stm32f1xx_hal.o
 .debug_aranges
                0x00000820       0x90 build/stm32f1xx_hal_rcc.o
 .debug_aranges
                0x000008b0       0x58 build/stm32f1xx_hal_gpio.o
 .debug_aranges
                0x00000908       0xc0 build/stm32f1xx_hal_cortex.o
 .debug_aranges
                0x000009c8       0x28 build/system_stm32f1xx.o
 .debug_aranges
                0x000009f0      0x208 build/stm32f1xx_hal_uart.o
 .debug_aranges
                0x00000bf8       0x28 build/startup_stm32f103xb.o

.debug_ranges   0x00000000      0xc38
 .debug_ranges  0x00000000       0x68 build/eeprom_driver.o
 .debug_ranges  0x00000068      0x1d8 build/unity.o
 .debug_ranges  0x00000240       0x78 build/unity_fixture.o
 .debug_ranges  0x000002b8       0x60 build/target_tests.o
 .debug_ranges  0x00000318       0x10 build/eeprom_test_runner.o
 .debug_ranges  0x00000328      0x108 build/eeprom_test.o
 .debug_ranges  0x00000430       0x18 build/eeprom_io.o
 .debug_ranges  0x00000448       0x10 build/eeprom_time.o
 .debug_ranges  0x00000458       0x50 build/stm32f1xx_it.o
 .debug_ranges  0x000004a8       0x30 build/stm32f1xx_hal_msp.o
 .debug_ranges  0x000004d8      0x2b0 build/stm32f1xx_hal_i2c.o
 .debug_ranges  0x00000788       0xd0 build/stm32f1xx_hal.o
 .debug_ranges  0x00000858       0xa0 build/stm32f1xx_hal_rcc.o
 .debug_ranges  0x000008f8       0x48 build/stm32f1xx_hal_gpio.o
 .debug_ranges  0x00000940       0xb0 build/stm32f1xx_hal_cortex.o
 .debug_ranges  0x000009f0       0x18 build/system_stm32f1xx.o
 .debug_ranges  0x00000a08      0x210 build/stm32f1xx_hal_uart.o
 .debug_ranges  0x00000c18       0x20 build/startup_stm32f103xb.o

.debug_line     0x00000000     0xe292
 .debug_line    0x00000000      0x4da build/eeprom_driver.o
 .debug_line    0x000004da     0x17b4 build/unity.o
 .debug_line    0x00001c8e      0x75c build/unity_fixture.o
 .debug_line    0x000023ea      0x49e build/target_tests.o
 .debug_line    0x00002888       0xd7 build/eeprom_test_runner.o
 .debug_line    0x0000295f      0x72b build/eeprom_test.o
 .debug_line    0x0000308a      0x1f9 build/eeprom_io.o
 .debug_line    0x00003283      0x13b build/eeprom_time.o
 .debug_line    0x000033be      0x13d build/stm32f1xx_it.o
 .debug_line    0x000034fb      0x310 build/stm32f1xx_hal_msp.o
 .debug_line    0x0000380b     0x55ab build/stm32f1xx_hal_i2c.o
 .debug_line    0x00008db6      0x4f8 build/stm32f1xx_hal.o
 .debug_line    0x000092ae      0xc74 build/stm32f1xx_hal_rcc.o
 .debug_line    0x00009f22      0x59a build/stm32f1xx_hal_gpio.o
 .debug_line    0x0000a4bc      0x671 build/stm32f1xx_hal_cortex.o
 .debug_line    0x0000ab2d      0x20f build/system_stm32f1xx.o
 .debug_line    0x0000ad3c     0x34e5 build/stm32f1xx_hal_uart.o
 .debug_line    0x0000e221       0x71 build/startup_stm32f103xb.o

.debug_str      0x00000000     0x3ddf
 .debug_str     0x00000000     0x3ddf build/eeprom_driver.o
                                0x3d8 (size before relaxing)
 .debug_str     0x00003ddf      0xe2c build/unity.o
 .debug_str     0x00003ddf      0x4f0 build/unity_fixture.o
 .debug_str     0x00003ddf      0xac8 build/target_tests.o
 .debug_str     0x00003ddf      0x3c5 build/eeprom_test_runner.o
 .debug_str     0x00003ddf      0x926 build/eeprom_test.o
 .debug_str     0x00003ddf      0x6f3 build/eeprom_io.o
 .debug_str     0x00003ddf      0x1ac build/eeprom_time.o
 .debug_str     0x00003ddf      0x206 build/stm32f1xx_it.o
 .debug_str     0x00003ddf      0x920 build/stm32f1xx_hal_msp.o
 .debug_str     0x00003ddf      0xfa9 build/stm32f1xx_hal_i2c.o
 .debug_str     0x00003ddf      0x812 build/stm32f1xx_hal.o
 .debug_str     0x00003ddf      0x60f build/stm32f1xx_hal_rcc.o
 .debug_str     0x00003ddf      0x3e4 build/stm32f1xx_hal_gpio.o
 .debug_str     0x00003ddf      0x8b7 build/stm32f1xx_hal_cortex.o
 .debug_str     0x00003ddf      0x238 build/system_stm32f1xx.o
 .debug_str     0x00003ddf      0xcd8 build/stm32f1xx_hal_uart.o
 .debug_str     0x00003ddf       0x6f build/startup_stm32f103xb.o

.comment        0x00000000       0x44
 .comment       0x00000000       0x44 build/eeprom_driver.o
                                 0x45 (size before relaxing)
 .comment       0x00000044       0x45 build/unity.o
 .comment       0x00000044       0x45 build/unity_fixture.o
 .comment       0x00000044       0x45 build/target_tests.o
 .comment       0x00000044       0x45 build/eeprom_test_runner.o
 .comment       0x00000044       0x45 build/eeprom_test.o
 .comment       0x00000044       0x45 build/eeprom_io.o
 .comment       0x00000044       0x45 build/eeprom_time.o
 .comment       0x00000044       0x45 build/stm32f1xx_it.o
 .comment       0x00000044       0x45 build/stm32f1xx_hal_msp.o
 .comment       0x00000044       0x45 build/stm32f1xx_hal_i2c.o
 .comment       0x00000044       0x45 build/stm32f1xx_hal.o
 .comment       0x00000044       0x45 build/stm32f1xx_hal_rcc.o
 .comment       0x00000044       0x45 build/stm32f1xx_hal_gpio.o
 .comment       0x00000044       0x45 build/stm32f1xx_hal_cortex.o
 .comment       0x00000044       0x45 build/system_stm32f1xx.o
 .comment       0x00000044       0x45 build/stm32f1xx_hal_uart.o

.debug_frame    0x00000000     0x2968
 .debug_frame   0x00000000      0x154 build/eeprom_driver.o
 .debug_frame   0x00000154      0x4a4 build/unity.o
 .debug_frame   0x000005f8      0x15c build/unity_fixture.o
 .debug_frame   0x00000754      0x104 build/target_tests.o
 .debug_frame   0x00000858       0x28 build/eeprom_test_runner.o
 .debug_frame   0x00000880      0x2ac build/eeprom_test.o
 .debug_frame   0x00000b2c       0x48 build/eeprom_io.o
 .debug_frame   0x00000b74       0x28 build/eeprom_time.o
 .debug_frame   0x00000b9c       0xa8 build/stm32f1xx_it.o
 .debug_frame   0x00000c44       0x98 build/stm32f1xx_hal_msp.o
 .debug_frame   0x00000cdc      0x984 build/stm32f1xx_hal_i2c.o
 .debug_frame   0x00001660      0x1cc build/stm32f1xx_hal.o
 .debug_frame   0x0000182c      0x184 build/stm32f1xx_hal_rcc.o
 .debug_frame   0x000019b0       0xe4 build/stm32f1xx_hal_gpio.o
 .debug_frame   0x00001a94      0x19c build/stm32f1xx_hal_cortex.o
 .debug_frame   0x00001c30       0x30 build/system_stm32f1xx.o
 .debug_frame   0x00001c60      0x5d4 build/stm32f1xx_hal_uart.o
 .debug_frame   0x00002234       0x2c /usr/local/src/arm-gnu-toolchain-13.2/bin/../lib/gcc/arm-none-eabi/13.2.1/../../../../arm-none-eabi/lib/thumb/v7-m/nofp/libc_nano.a(libc_a-init.o)
 .debug_frame   0x00002260       0x20 /usr/local/src/arm-gnu-toolchain-13.2/bin/../lib/gcc/arm-none-eabi/13.2.1/../../../../arm-none-eabi/lib/thumb/v7-m/nofp/libc_nano.a(libc_a-strcmp.o)
 .debug_frame   0x00002280       0x28 /usr/local/src/arm-gnu-toolchain-13.2/bin/../lib/gcc/arm-none-eabi/13.2.1/../../../../arm-none-eabi/lib/thumb/v7-m/nofp/libc_nano.a(libc_a-memcpy-stub.o)
 .debug_frame   0x000022a8      0x144 /usr/local/src/arm-gnu-toolchain-13.2/bin/../lib/gcc/arm-none-eabi/13.2.1/../../../../arm-none-eabi/lib/thumb/v7-m/nofp/libc_nano.a(libc_a-findfp.o)
 .debug_frame   0x000023ec       0x2c /usr/local/src/arm-gnu-toolchain-13.2/bin/../lib/gcc/arm-none-eabi/13.2.1/../../../../arm-none-eabi/lib/thumb/v7-m/nofp/libc_nano.a(libc_a-strstr.o)
 .debug_frame   0x00002418       0x20 /usr/local/src/arm-gnu-toolchain-13.2/bin/../lib/gcc/arm-none-eabi/13.2.1/../../../../arm-none-eabi/lib/thumb/v7-m/nofp/libc_nano.a(libc_a-memset.o)
 .debug_frame   0x00002438       0x38 /usr/local/src/arm-gnu-toolchain-13.2/bin/../lib/gcc/arm-none-eabi/13.2.1/../../../../arm-none-eabi/lib/thumb/v7-m/nofp/libc_nano.a(libc_a-reent.o)
 .debug_frame   0x00002470      0x2d4 /usr/local/src/arm-gnu-toolchain-13.2/bin/../lib/gcc/arm-none-eabi/13.2.1/thumb/v7-m/nofp/libgcc.a(unwind-arm.o)
 .debug_frame   0x00002744       0xf4 /usr/local/src/arm-gnu-toolchain-13.2/bin/../lib/gcc/arm-none-eabi/13.2.1/thumb/v7-m/nofp/libgcc.a(pr-support.o)
 .debug_frame   0x00002838       0x28 /usr/local/src/arm-gnu-toolchain-13.2/bin/../lib/gcc/arm-none-eabi/13.2.1/../../../../arm-none-eabi/lib/thumb/v7-m/nofp/libc_nano.a(libc_a-abort.o)
 .debug_frame   0x00002860       0xcc /usr/local/src/arm-gnu-toolchain-13.2/bin/../lib/gcc/arm-none-eabi/13.2.1/../../../../arm-none-eabi/lib/thumb/v7-m/nofp/libc_nano.a(libc_a-signal.o)
 .debug_frame   0x0000292c       0x3c /usr/local/src/arm-gnu-toolchain-13.2/bin/../lib/gcc/arm-none-eabi/13.2.1/../../../../arm-none-eabi/lib/thumb/v7-m/nofp/libc_nano.a(libc_a-signalr.o)

.debug_line_str
                0x00000000      0x1aa
 .debug_line_str
                0x00000000      0x1aa /usr/local/src/arm-gnu-toolchain-13.2/bin/../lib/gcc/arm-none-eabi/13.2.1/../../../../arm-none-eabi/lib/thumb/v7-m/nofp/libc_nano.a(libc_a-setjmp.o)
                                 0xd6 (size before relaxing)
 .debug_line_str
                0x000001aa       0xdf /usr/local/src/arm-gnu-toolchain-13.2/bin/../lib/gcc/arm-none-eabi/13.2.1/../../../../arm-none-eabi/lib/thumb/v7-m/nofp/libc_nano.a(libc_a-strcmp.o)
 .debug_line_str
                0x000001aa       0xc2 /usr/local/src/arm-gnu-toolchain-13.2/bin/../lib/gcc/arm-none-eabi/13.2.1/thumb/v7-m/nofp/libgcc.a(libunwind.o)

Cross Reference Table

Symbol                                            File
ADC1_2_IRQHandler                                 build/startup_stm32f103xb.o
AHBPrescTable                                     build/system_stm32f1xx.o
                                                  build/stm32f1xx_hal_rcc.o
APBPrescTable                                     build/system_stm32f1xx.o
                                                  build/stm32f1xx_hal_rcc.o
BusFault_Handler                                  build/stm32f1xx_it.o
CAN1_RX1_IRQHandler                               build/startup_stm32f103xb.o
CAN1_SCE_IRQHandler                               build/startup_stm32f103xb.o
DMA1_Channel1_IRQHandler                          build/startup_stm32f103xb.o
DMA1_Channel2_IRQHandler                          build/startup_stm32f103xb.o
DMA1_Channel3_IRQHandler                          build/startup_stm32f103xb.o
DMA1_Channel4_IRQHandler                          build/startup_stm32f103xb.o
DMA1_Channel5_IRQHandler                          build/startup_stm32f103xb.o
DMA1_Channel6_IRQHandler                          build/startup_stm32f103xb.o
DMA1_Channel7_IRQHandler                          build/startup_stm32f103xb.o
DebugMon_Handler                                  build/stm32f1xx_it.o
Default_Handler                                   build/startup_stm32f103xb.o
EXTI0_IRQHandler                                  build/startup_stm32f103xb.o
EXTI15_10_IRQHandler                              build/startup_stm32f103xb.o
EXTI1_IRQHandler                                  build/startup_stm32f103xb.o
EXTI2_IRQHandler                                  build/startup_stm32f103xb.o
EXTI3_IRQHandler                                  build/startup_stm32f103xb.o
EXTI4_IRQHandler                                  build/startup_stm32f103xb.o
EXTI9_5_IRQHandler                                build/startup_stm32f103xb.o
Error_Handler                                     build/target_tests.o
FLASH_IRQHandler                                  build/startup_stm32f103xb.o
FLASH_PageErase                                   build/stm32f1xx_hal_flash_ex.o
                                                  build/stm32f1xx_hal_flash.o
FLASH_WaitForLastOperation                        build/stm32f1xx_hal_flash.o
                                                  build/stm32f1xx_hal_flash_ex.o
HAL_DBGMCU_DisableDBGSleepMode                    build/stm32f1xx_hal.o
HAL_DBGMCU_DisableDBGStandbyMode                  build/stm32f1xx_hal.o
HAL_DBGMCU_DisableDBGStopMode                     build/stm32f1xx_hal.o
HAL_DBGMCU_EnableDBGSleepMode                     build/stm32f1xx_hal.o
HAL_DBGMCU_EnableDBGStandbyMode                   build/stm32f1xx_hal.o
HAL_DBGMCU_EnableDBGStopMode                      build/stm32f1xx_hal.o
HAL_DMA_Abort                                     build/stm32f1xx_hal_dma.o
                                                  build/stm32f1xx_hal_uart.o
HAL_DMA_Abort_IT                                  build/stm32f1xx_hal_dma.o
                                                  build/stm32f1xx_hal_uart.o
                                                  build/stm32f1xx_hal_i2c.o
HAL_DMA_DeInit                                    build/stm32f1xx_hal_dma.o
HAL_DMA_GetError                                  build/stm32f1xx_hal_dma.o
                                                  build/stm32f1xx_hal_uart.o
HAL_DMA_GetState                                  build/stm32f1xx_hal_dma.o
                                                  build/stm32f1xx_hal_i2c.o
HAL_DMA_IRQHandler                                build/stm32f1xx_hal_dma.o
HAL_DMA_Init                                      build/stm32f1xx_hal_dma.o
HAL_DMA_PollForTransfer                           build/stm32f1xx_hal_dma.o
HAL_DMA_RegisterCallback                          build/stm32f1xx_hal_dma.o
HAL_DMA_Start                                     build/stm32f1xx_hal_dma.o
HAL_DMA_Start_IT                                  build/stm32f1xx_hal_dma.o
                                                  build/stm32f1xx_hal_uart.o
                                                  build/stm32f1xx_hal_i2c.o
HAL_DMA_UnRegisterCallback                        build/stm32f1xx_hal_dma.o
HAL_DeInit                                        build/stm32f1xx_hal.o
HAL_Delay                                         build/stm32f1xx_hal.o
                                                  build/eeprom_time.o
HAL_EXTI_ClearConfigLine                          build/stm32f1xx_hal_exti.o
HAL_EXTI_ClearPending                             build/stm32f1xx_hal_exti.o
HAL_EXTI_GenerateSWI                              build/stm32f1xx_hal_exti.o
HAL_EXTI_GetConfigLine                            build/stm32f1xx_hal_exti.o
HAL_EXTI_GetHandle                                build/stm32f1xx_hal_exti.o
HAL_EXTI_GetPending                               build/stm32f1xx_hal_exti.o
HAL_EXTI_IRQHandler                               build/stm32f1xx_hal_exti.o
HAL_EXTI_RegisterCallback                         build/stm32f1xx_hal_exti.o
HAL_EXTI_SetConfigLine                            build/stm32f1xx_hal_exti.o
HAL_FLASHEx_Erase                                 build/stm32f1xx_hal_flash_ex.o
HAL_FLASHEx_Erase_IT                              build/stm32f1xx_hal_flash_ex.o
HAL_FLASHEx_OBErase                               build/stm32f1xx_hal_flash_ex.o
HAL_FLASHEx_OBGetConfig                           build/stm32f1xx_hal_flash_ex.o
HAL_FLASHEx_OBGetUserData                         build/stm32f1xx_hal_flash_ex.o
HAL_FLASHEx_OBProgram                             build/stm32f1xx_hal_flash_ex.o
HAL_FLASH_EndOfOperationCallback                  build/stm32f1xx_hal_flash.o
HAL_FLASH_GetError                                build/stm32f1xx_hal_flash.o
HAL_FLASH_IRQHandler                              build/stm32f1xx_hal_flash.o
HAL_FLASH_Lock                                    build/stm32f1xx_hal_flash.o
HAL_FLASH_OB_Launch                               build/stm32f1xx_hal_flash.o
HAL_FLASH_OB_Lock                                 build/stm32f1xx_hal_flash.o
HAL_FLASH_OB_Unlock                               build/stm32f1xx_hal_flash.o
HAL_FLASH_OperationErrorCallback                  build/stm32f1xx_hal_flash.o
HAL_FLASH_Program                                 build/stm32f1xx_hal_flash.o
HAL_FLASH_Program_IT                              build/stm32f1xx_hal_flash.o
HAL_FLASH_Unlock                                  build/stm32f1xx_hal_flash.o
HAL_GPIOEx_ConfigEventout                         build/stm32f1xx_hal_gpio_ex.o
HAL_GPIOEx_DisableEventout                        build/stm32f1xx_hal_gpio_ex.o
HAL_GPIOEx_EnableEventout                         build/stm32f1xx_hal_gpio_ex.o
HAL_GPIO_DeInit                                   build/stm32f1xx_hal_gpio.o
                                                  build/stm32f1xx_hal_msp.o
HAL_GPIO_EXTI_Callback                            build/stm32f1xx_hal_gpio.o
HAL_GPIO_EXTI_IRQHandler                          build/stm32f1xx_hal_gpio.o
HAL_GPIO_Init                                     build/stm32f1xx_hal_gpio.o
                                                  build/stm32f1xx_hal_rcc.o
                                                  build/stm32f1xx_hal_msp.o
HAL_GPIO_LockPin                                  build/stm32f1xx_hal_gpio.o
HAL_GPIO_ReadPin                                  build/stm32f1xx_hal_gpio.o
HAL_GPIO_TogglePin                                build/stm32f1xx_hal_gpio.o
HAL_GPIO_WritePin                                 build/stm32f1xx_hal_gpio.o
HAL_GetDEVID                                      build/stm32f1xx_hal.o
HAL_GetHalVersion                                 build/stm32f1xx_hal.o
HAL_GetREVID                                      build/stm32f1xx_hal.o
HAL_GetTick                                       build/stm32f1xx_hal.o
                                                  build/stm32f1xx_hal_uart.o
                                                  build/stm32f1xx_hal_flash.o
                                                  build/stm32f1xx_hal_dma.o
                                                  build/stm32f1xx_hal_rcc_ex.o
                                                  build/stm32f1xx_hal_rcc.o
                                                  build/stm32f1xx_hal_i2c.o
HAL_GetTickFreq                                   build/stm32f1xx_hal.o
HAL_GetTickPrio                                   build/stm32f1xx_hal.o
HAL_GetUIDw0                                      build/stm32f1xx_hal.o
HAL_GetUIDw1                                      build/stm32f1xx_hal.o
HAL_GetUIDw2                                      build/stm32f1xx_hal.o
HAL_HalfDuplex_EnableReceiver                     build/stm32f1xx_hal_uart.o
HAL_HalfDuplex_EnableTransmitter                  build/stm32f1xx_hal_uart.o
HAL_HalfDuplex_Init                               build/stm32f1xx_hal_uart.o
HAL_I2C_AbortCpltCallback                         build/stm32f1xx_hal_i2c.o
HAL_I2C_AddrCallback                              build/stm32f1xx_hal_i2c.o
HAL_I2C_DeInit                                    build/stm32f1xx_hal_i2c.o
HAL_I2C_DisableListen_IT                          build/stm32f1xx_hal_i2c.o
HAL_I2C_ER_IRQHandler                             build/stm32f1xx_hal_i2c.o
HAL_I2C_EV_IRQHandler                             build/stm32f1xx_hal_i2c.o
HAL_I2C_EnableListen_IT                           build/stm32f1xx_hal_i2c.o
HAL_I2C_ErrorCallback                             build/stm32f1xx_hal_i2c.o
HAL_I2C_GetError                                  build/stm32f1xx_hal_i2c.o
HAL_I2C_GetMode                                   build/stm32f1xx_hal_i2c.o
HAL_I2C_GetState                                  build/stm32f1xx_hal_i2c.o
HAL_I2C_Init                                      build/stm32f1xx_hal_i2c.o
                                                  build/target_tests.o
HAL_I2C_IsDeviceReady                             build/stm32f1xx_hal_i2c.o
HAL_I2C_ListenCpltCallback                        build/stm32f1xx_hal_i2c.o
HAL_I2C_MasterRxCpltCallback                      build/stm32f1xx_hal_i2c.o
HAL_I2C_MasterTxCpltCallback                      build/stm32f1xx_hal_i2c.o
HAL_I2C_Master_Abort_IT                           build/stm32f1xx_hal_i2c.o
HAL_I2C_Master_Receive                            build/stm32f1xx_hal_i2c.o
                                                  build/eeprom_io.o
HAL_I2C_Master_Receive_DMA                        build/stm32f1xx_hal_i2c.o
HAL_I2C_Master_Receive_IT                         build/stm32f1xx_hal_i2c.o
HAL_I2C_Master_Seq_Receive_DMA                    build/stm32f1xx_hal_i2c.o
HAL_I2C_Master_Seq_Receive_IT                     build/stm32f1xx_hal_i2c.o
HAL_I2C_Master_Seq_Transmit_DMA                   build/stm32f1xx_hal_i2c.o
HAL_I2C_Master_Seq_Transmit_IT                    build/stm32f1xx_hal_i2c.o
HAL_I2C_Master_Transmit                           build/stm32f1xx_hal_i2c.o
                                                  build/eeprom_io.o
HAL_I2C_Master_Transmit_DMA                       build/stm32f1xx_hal_i2c.o
HAL_I2C_Master_Transmit_IT                        build/stm32f1xx_hal_i2c.o
HAL_I2C_MemRxCpltCallback                         build/stm32f1xx_hal_i2c.o
HAL_I2C_MemTxCpltCallback                         build/stm32f1xx_hal_i2c.o
HAL_I2C_Mem_Read                                  build/stm32f1xx_hal_i2c.o
HAL_I2C_Mem_Read_DMA                              build/stm32f1xx_hal_i2c.o
HAL_I2C_Mem_Read_IT                               build/stm32f1xx_hal_i2c.o
HAL_I2C_Mem_Write                                 build/stm32f1xx_hal_i2c.o
HAL_I2C_Mem_Write_DMA                             build/stm32f1xx_hal_i2c.o
HAL_I2C_Mem_Write_IT                              build/stm32f1xx_hal_i2c.o
HAL_I2C_MspDeInit                                 build/stm32f1xx_hal_msp.o
HAL_I2C_MspInit                                   build/stm32f1xx_hal_msp.o
HAL_I2C_SlaveRxCpltCallback                       build/stm32f1xx_hal_i2c.o
HAL_I2C_SlaveTxCpltCallback                       build/stm32f1xx_hal_i2c.o
HAL_I2C_Slave_Receive                             build/stm32f1xx_hal_i2c.o
HAL_I2C_Slave_Receive_DMA                         build/stm32f1xx_hal_i2c.o
HAL_I2C_Slave_Receive_IT                          build/stm32f1xx_hal_i2c.o
HAL_I2C_Slave_Seq_Receive_DMA                     build/stm32f1xx_hal_i2c.o
HAL_I2C_Slave_Seq_Receive_IT                      build/stm32f1xx_hal_i2c.o
HAL_I2C_Slave_Seq_Transmit_DMA                    build/stm32f1xx_hal_i2c.o
HAL_I2C_Slave_Seq_Transmit_IT                     build/stm32f1xx_hal_i2c.o
HAL_I2C_Slave_Transmit                            build/stm32f1xx_hal_i2c.o
HAL_I2C_Slave_Transmit_DMA                        build/stm32f1xx_hal_i2c.o
HAL_I2C_Slave_Transmit_IT                         build/stm32f1xx_hal_i2c.o
HAL_IncTick                                       build/stm32f1xx_hal.o
                                                  build/stm32f1xx_it.o
HAL_Init                                          build/stm32f1xx_hal.o
                                                  build/target_tests.o
HAL_InitTick                                      build/stm32f1xx_hal.o
                                                  build/stm32f1xx_hal_rcc.o
HAL_LIN_Init                                      build/stm32f1xx_hal_uart.o
HAL_LIN_SendBreak                                 build/stm32f1xx_hal_uart.o
HAL_MspDeInit                                     build/stm32f1xx_hal.o
HAL_MspInit                                       build/stm32f1xx_hal_msp.o
HAL_MultiProcessor_EnterMuteMode                  build/stm32f1xx_hal_uart.o
HAL_MultiProcessor_ExitMuteMode                   build/stm32f1xx_hal_uart.o
HAL_MultiProcessor_Init                           build/stm32f1xx_hal_uart.o
HAL_NVIC_ClearPendingIRQ                          build/stm32f1xx_hal_cortex.o
HAL_NVIC_DisableIRQ                               build/stm32f1xx_hal_cortex.o
HAL_NVIC_EnableIRQ                                build/stm32f1xx_hal_cortex.o
HAL_NVIC_GetActive                                build/stm32f1xx_hal_cortex.o
HAL_NVIC_GetPendingIRQ                            build/stm32f1xx_hal_cortex.o
HAL_NVIC_GetPriority                              build/stm32f1xx_hal_cortex.o
HAL_NVIC_GetPriorityGrouping                      build/stm32f1xx_hal_cortex.o
HAL_NVIC_SetPendingIRQ                            build/stm32f1xx_hal_cortex.o
HAL_NVIC_SetPriority                              build/stm32f1xx_hal_cortex.o
                                                  build/stm32f1xx_hal.o
HAL_NVIC_SetPriorityGrouping                      build/stm32f1xx_hal_cortex.o
                                                  build/stm32f1xx_hal.o
HAL_NVIC_SystemReset                              build/stm32f1xx_hal_cortex.o
                                                  build/stm32f1xx_hal_flash.o
HAL_PWR_ConfigPVD                                 build/stm32f1xx_hal_pwr.o
HAL_PWR_DeInit                                    build/stm32f1xx_hal_pwr.o
HAL_PWR_DisableBkUpAccess                         build/stm32f1xx_hal_pwr.o
HAL_PWR_DisablePVD                                build/stm32f1xx_hal_pwr.o
HAL_PWR_DisableSEVOnPend                          build/stm32f1xx_hal_pwr.o
HAL_PWR_DisableSleepOnExit                        build/stm32f1xx_hal_pwr.o
HAL_PWR_DisableWakeUpPin                          build/stm32f1xx_hal_pwr.o
HAL_PWR_EnableBkUpAccess                          build/stm32f1xx_hal_pwr.o
HAL_PWR_EnablePVD                                 build/stm32f1xx_hal_pwr.o
HAL_PWR_EnableSEVOnPend                           build/stm32f1xx_hal_pwr.o
HAL_PWR_EnableSleepOnExit                         build/stm32f1xx_hal_pwr.o
HAL_PWR_EnableWakeUpPin                           build/stm32f1xx_hal_pwr.o
HAL_PWR_EnterSLEEPMode                            build/stm32f1xx_hal_pwr.o
HAL_PWR_EnterSTANDBYMode                          build/stm32f1xx_hal_pwr.o
HAL_PWR_EnterSTOPMode                             build/stm32f1xx_hal_pwr.o
HAL_PWR_PVDCallback                               build/stm32f1xx_hal_pwr.o
HAL_PWR_PVD_IRQHandler                            build/stm32f1xx_hal_pwr.o
HAL_RCCEx_GetPeriphCLKConfig                      build/stm32f1xx_hal_rcc_ex.o
HAL_RCCEx_GetPeriphCLKFreq                        build/stm32f1xx_hal_rcc_ex.o
HAL_RCCEx_PeriphCLKConfig                         build/stm32f1xx_hal_rcc_ex.o
HAL_RCC_CSSCallback                               build/stm32f1xx_hal_rcc.o
HAL_RCC_ClockConfig                               build/stm32f1xx_hal_rcc.o
                                                  build/target_tests.o
HAL_RCC_DeInit                                    build/stm32f1xx_hal_rcc.o
HAL_RCC_DisableCSS                                build/stm32f1xx_hal_rcc.o
HAL_RCC_EnableCSS                                 build/stm32f1xx_hal_rcc.o
HAL_RCC_GetClockConfig                            build/stm32f1xx_hal_rcc.o
HAL_RCC_GetHCLKFreq                               build/stm32f1xx_hal_rcc.o
HAL_RCC_GetOscConfig                              build/stm32f1xx_hal_rcc.o
HAL_RCC_GetPCLK1Freq                              build/stm32f1xx_hal_rcc.o
                                                  build/stm32f1xx_hal_uart.o
                                                  build/stm32f1xx_hal_i2c.o
HAL_RCC_GetPCLK2Freq                              build/stm32f1xx_hal_rcc.o
                                                  build/stm32f1xx_hal_uart.o
                                                  build/stm32f1xx_hal_rcc_ex.o
HAL_RCC_GetSysClockFreq                           build/stm32f1xx_hal_rcc.o
HAL_RCC_MCOConfig                                 build/stm32f1xx_hal_rcc.o
HAL_RCC_NMI_IRQHandler                            build/stm32f1xx_hal_rcc.o
HAL_RCC_OscConfig                                 build/stm32f1xx_hal_rcc.o
                                                  build/target_tests.o
HAL_ResumeTick                                    build/stm32f1xx_hal.o
HAL_SYSTICK_CLKSourceConfig                       build/stm32f1xx_hal_cortex.o
HAL_SYSTICK_Callback                              build/stm32f1xx_hal_cortex.o
HAL_SYSTICK_Config                                build/stm32f1xx_hal_cortex.o
                                                  build/stm32f1xx_hal.o
HAL_SYSTICK_IRQHandler                            build/stm32f1xx_hal_cortex.o
HAL_SetTickFreq                                   build/stm32f1xx_hal.o
HAL_SuspendTick                                   build/stm32f1xx_hal.o
HAL_UARTEx_GetRxEventType                         build/stm32f1xx_hal_uart.o
HAL_UARTEx_ReceiveToIdle                          build/stm32f1xx_hal_uart.o
HAL_UARTEx_ReceiveToIdle_DMA                      build/stm32f1xx_hal_uart.o
HAL_UARTEx_ReceiveToIdle_IT                       build/stm32f1xx_hal_uart.o
HAL_UARTEx_RxEventCallback                        build/stm32f1xx_hal_uart.o
HAL_UART_Abort                                    build/stm32f1xx_hal_uart.o
HAL_UART_AbortCpltCallback                        build/stm32f1xx_hal_uart.o
HAL_UART_AbortReceive                             build/stm32f1xx_hal_uart.o
HAL_UART_AbortReceiveCpltCallback                 build/stm32f1xx_hal_uart.o
HAL_UART_AbortReceive_IT                          build/stm32f1xx_hal_uart.o
HAL_UART_AbortTransmit                            build/stm32f1xx_hal_uart.o
HAL_UART_AbortTransmitCpltCallback                build/stm32f1xx_hal_uart.o
HAL_UART_AbortTransmit_IT                         build/stm32f1xx_hal_uart.o
HAL_UART_Abort_IT                                 build/stm32f1xx_hal_uart.o
HAL_UART_DMAPause                                 build/stm32f1xx_hal_uart.o
HAL_UART_DMAResume                                build/stm32f1xx_hal_uart.o
HAL_UART_DMAStop                                  build/stm32f1xx_hal_uart.o
HAL_UART_DeInit                                   build/stm32f1xx_hal_uart.o
HAL_UART_ErrorCallback                            build/stm32f1xx_hal_uart.o
HAL_UART_GetError                                 build/stm32f1xx_hal_uart.o
HAL_UART_GetState                                 build/stm32f1xx_hal_uart.o
HAL_UART_IRQHandler                               build/stm32f1xx_hal_uart.o
HAL_UART_Init                                     build/stm32f1xx_hal_uart.o
                                                  build/target_tests.o
HAL_UART_MspDeInit                                build/stm32f1xx_hal_msp.o
HAL_UART_MspInit                                  build/stm32f1xx_hal_msp.o
HAL_UART_Receive                                  build/stm32f1xx_hal_uart.o
HAL_UART_Receive_DMA                              build/stm32f1xx_hal_uart.o
HAL_UART_Receive_IT                               build/stm32f1xx_hal_uart.o
HAL_UART_RxCpltCallback                           build/stm32f1xx_hal_uart.o
HAL_UART_RxHalfCpltCallback                       build/stm32f1xx_hal_uart.o
HAL_UART_Transmit                                 build/stm32f1xx_hal_uart.o
                                                  build/target_tests.o
HAL_UART_Transmit_DMA                             build/stm32f1xx_hal_uart.o
HAL_UART_Transmit_IT                              build/stm32f1xx_hal_uart.o
HAL_UART_TxCpltCallback                           build/stm32f1xx_hal_uart.o
HAL_UART_TxHalfCpltCallback                       build/stm32f1xx_hal_uart.o
HardFault_Handler                                 build/stm32f1xx_it.o
I2C1_ER_IRQHandler                                build/startup_stm32f103xb.o
I2C1_EV_IRQHandler                                build/startup_stm32f103xb.o
I2C2_ER_IRQHandler                                build/startup_stm32f103xb.o
I2C2_EV_IRQHandler                                build/startup_stm32f103xb.o
MemManage_Handler                                 build/stm32f1xx_it.o
NMI_Handler                                       build/stm32f1xx_it.o
PVD_IRQHandler                                    build/startup_stm32f103xb.o
PendSV_Handler                                    build/stm32f1xx_it.o
RCC_IRQHandler                                    build/startup_stm32f103xb.o
RTC_Alarm_IRQHandler                              build/startup_stm32f103xb.o
RTC_IRQHandler                                    build/startup_stm32f103xb.o
Reset_Handler                                     build/startup_stm32f103xb.o
SPI1_IRQHandler                                   build/startup_stm32f103xb.o
SPI2_IRQHandler                                   build/startup_stm32f103xb.o
SVC_Handler                                       build/stm32f1xx_it.o
SysTick_Handler                                   build/stm32f1xx_it.o
SystemClock_Config                                build/target_tests.o
SystemCoreClock                                   build/system_stm32f1xx.o
                                                  build/stm32f1xx_hal_rcc.o
                                                  build/stm32f1xx_hal.o
                                                  build/stm32f1xx_hal_i2c.o
SystemCoreClockUpdate                             build/system_stm32f1xx.o
SystemInit                                        build/system_stm32f1xx.o
                                                  build/startup_stm32f103xb.o
TAMPER_IRQHandler                                 build/startup_stm32f103xb.o
TEST_eeprom_driver_GROUP_RUNNER                   build/eeprom_test_runner.o
                                                  build/target_tests.o
TEST_eeprom_driver_SETUP                          build/eeprom_test.o
TEST_eeprom_driver_TEAR_DOWN                      build/eeprom_test.o
TEST_eeprom_driver_check_link_success_            build/eeprom_test.o
TEST_eeprom_driver_check_link_success_run         build/eeprom_test.o
                                                  build/eeprom_test_runner.o
TEST_eeprom_driver_current_address_read_byte_success_ build/eeprom_test.o
TEST_eeprom_driver_current_address_read_byte_success_run build/eeprom_test.o
                                                  build/eeprom_test_runner.o
TEST_eeprom_driver_multiple_current_address_read_byte_success_ build/eeprom_test.o
TEST_eeprom_driver_multiple_current_address_read_byte_success_run build/eeprom_test.o
                                                  build/eeprom_test_runner.o
TEST_eeprom_driver_page_128_sequential_read_success_ build/eeprom_test.o
TEST_eeprom_driver_page_128_sequential_read_success_run build/eeprom_test.o
                                                  build/eeprom_test_runner.o
TEST_eeprom_driver_page_128_write_success_        build/eeprom_test.o
TEST_eeprom_driver_page_128_write_success_run     build/eeprom_test.o
                                                  build/eeprom_test_runner.o
TEST_eeprom_driver_page_68_sequential_read_success_ build/eeprom_test.o
TEST_eeprom_driver_page_68_sequential_read_success_run build/eeprom_test.o
                                                  build/eeprom_test_runner.o
TEST_eeprom_driver_page_68_write_success_         build/eeprom_test.o
TEST_eeprom_driver_page_68_write_success_run      build/eeprom_test.o