Archive member included to satisfy reference by file (symbol)

/usr/local/src/arm-gnu-toolchain-13.2/bin/../lib/gcc/arm-none-eabi/13.2.1/../../../../arm-none-eabi/lib/thumb/v7-m/nofp/libc_nano.a(libc_a-exit.o)
                              /usr/local/src/arm-gnu-toolchain-13.2/bin/../lib/gcc/arm-none-eabi/13.2.1/../../../../arm-none-eabi/lib/thumb/v7-m/nofp/crt0.o (exit)
/usr/local/src/arm-gnu-toolchain-13.2/bin/../lib/gcc/arm-none-eabi/13.2.1/../../../../arm-none-eabi/lib/thumb/v7-m/nofp/libc_nano.a(libc_a-init.o)
                              /usr/local/src/arm-gnu-toolchain-13.2/bin/../lib/gcc/arm-none-eabi/13.2.1/../../../../arm-none-eabi/lib/thumb/v7-m/nofp/crt0.o (__libc_init_array)
/usr/local/src/arm-gnu-toolchain-13.2/bin/../lib/gcc/arm-none-eabi/13.2.1/../../../../arm-none-eabi/lib/thumb/v7-m/nofp/libc_nano.a(libc_a-setjmp.o)
                              build/unity.o (setjmp)
/usr/local/src/arm-gnu-toolchain-13.2/bin/../lib/gcc/arm-none-eabi/13.2.1/../../../../arm-none-eabi/lib/thumb/v7-m/nofp/libc_nano.a(libc_a-strcmp.o)
                              build/unity_fixture.o (strcmp)
/usr/local/src/arm-gnu-toolchain-13.2/bin/../lib/gcc/arm-none-eabi/13.2.1/../../../../arm-none-eabi/lib/thumb/v7-m/nofp/libc_nano.a(libc_a-memcpy-stub.o)
                              build/unity_memory.o (memcpy)
/usr/local/src/arm-gnu-toolchain-13.2/bin/../lib/gcc/arm-none-eabi/13.2.1/../../../../arm-none-eabi/lib/thumb/v7-m/nofp/libc_nano.a(libc_a-malloc.o)
                              build/unity_memory.o (malloc)
/usr/local/src/arm-gnu-toolchain-13.2/bin/../lib/gcc/arm-none-eabi/13.2.1/../../../../arm-none-eabi/lib/thumb/v7-m/nofp/libc_nano.a(libc_a-mallocr.o)
                              /usr/local/src/arm-gnu-toolchain-13.2/bin/../lib/gcc/arm-none-eabi/13.2.1/../../../../arm-none-eabi/lib/thumb/v7-m/nofp/libc_nano.a(libc_a-malloc.o) (_malloc_r)
/usr/local/src/arm-gnu-toolchain-13.2/bin/../lib/gcc/arm-none-eabi/13.2.1/../../../../arm-none-eabi/lib/thumb/v7-m/nofp/libc_nano.a(libc_a-findfp.o)
                              /usr/local/src/arm-gnu-toolchain-13.2/bin/../lib/gcc/arm-none-eabi/13.2.1/../../../../arm-none-eabi/lib/thumb/v7-m/nofp/libc_nano.a(libc_a-exit.o) (__stdio_exit_handler)
/usr/local/src/arm-gnu-toolchain-13.2/bin/../lib/gcc/arm-none-eabi/13.2.1/../../../../arm-none-eabi/lib/thumb/v7-m/nofp/libc_nano.a(libc_a-sprintf.o)
                              build/mock_eeprom_io.o (sprintf)
/usr/local/src/arm-gnu-toolchain-13.2/bin/../lib/gcc/arm-none-eabi/13.2.1/../../../../arm-none-eabi/lib/thumb/v7-m/nofp/libc_nano.a(libc_a-stdio.o)
                              /usr/local/src/arm-gnu-toolchain-13.2/bin/../lib/gcc/arm-none-eabi/13.2.1/../../../../arm-none-eabi/lib/thumb/v7-m/nofp/libc_nano.a(libc_a-findfp.o) (__sread)
/usr/local/src/arm-gnu-toolchain-13.2/bin/../lib/gcc/arm-none-eabi/13.2.1/../../../../arm-none-eabi/lib/thumb/v7-m/nofp/libc_nano.a(libc_a-mlock.o)
                              /usr/local/src/arm-gnu-toolchain-13.2/bin/../lib/gcc/arm-none-eabi/13.2.1/../../../../arm-none-eabi/lib/thumb/v7-m/nofp/libc_nano.a(libc_a-mallocr.o) (__malloc_lock)
/usr/local/src/arm-gnu-toolchain-13.2/bin/../lib/gcc/arm-none-eabi/13.2.1/../../../../arm-none-eabi/lib/thumb/v7-m/nofp/libc_nano.a(libc_a-strstr.o)
                              build/unity_fixture.o (strstr)
/usr/local/src/arm-gnu-toolchain-13.2/bin/../lib/gcc/arm-none-eabi/13.2.1/../../../../arm-none-eabi/lib/thumb/v7-m/nofp/libc_nano.a(libc_a-readr.o)
                              /usr/local/src/arm-gnu-toolchain-13.2/bin/../lib/gcc/arm-none-eabi/13.2.1/../../../../arm-none-eabi/lib/thumb/v7-m/nofp/libc_nano.a(libc_a-stdio.o) (_read_r)
/usr/local/src/arm-gnu-toolchain-13.2/bin/../lib/gcc/arm-none-eabi/13.2.1/../../../../arm-none-eabi/lib/thumb/v7-m/nofp/libc_nano.a(libc_a-sbrkr.o)
                              /usr/local/src/arm-gnu-toolchain-13.2/bin/../lib/gcc/arm-none-eabi/13.2.1/../../../../arm-none-eabi/lib/thumb/v7-m/nofp/libc_nano.a(libc_a-mallocr.o) (_sbrk_r)
/usr/local/src/arm-gnu-toolchain-13.2/bin/../lib/gcc/arm-none-eabi/13.2.1/../../../../arm-none-eabi/lib/thumb/v7-m/nofp/libc_nano.a(libc_a-writer.o)
                              /usr/local/src/arm-gnu-toolchain-13.2/bin/../lib/gcc/arm-none-eabi/13.2.1/../../../../arm-none-eabi/lib/thumb/v7-m/nofp/libc_nano.a(libc_a-stdio.o) (_write_r)
/usr/local/src/arm-gnu-toolchain-13.2/bin/../lib/gcc/arm-none-eabi/13.2.1/../../../../arm-none-eabi/lib/thumb/v7-m/nofp/libc_nano.a(libc_a-fwalk.o)
                              /usr/local/src/arm-gnu-toolchain-13.2/bin/../lib/gcc/arm-none-eabi/13.2.1/../../../../arm-none-eabi/lib/thumb/v7-m/nofp/libc_nano.a(libc_a-findfp.o) (_fwalk_sglue)
/usr/local/src/arm-gnu-toolchain-13.2/bin/../lib/gcc/arm-none-eabi/13.2.1/../../../../arm-none-eabi/lib/thumb/v7-m/nofp/libc_nano.a(libc_a-memset.o)
                              /usr/local/src/arm-gnu-toolchain-13.2/bin/../lib/gcc/arm-none-eabi/13.2.1/../../../../arm-none-eabi/lib/thumb/v7-m/nofp/crt0.o (memset)
[...]
Memory Configuration

Name             Origin             Length             Attributes
RAM              0x20000000         0x00005000         xrw
FLASH            0x08000000         0x00010000         xr
*default*        0x00000000         0xffffffff

Linker script and memory map

LOAD /usr/local/src/arm-gnu-toolchain-13.2/bin/../lib/gcc/arm-none-eabi/13.2.1/thumb/v7-m/nofp/crti.o
LOAD /usr/local/src/arm-gnu-toolchain-13.2/bin/../lib/gcc/arm-none-eabi/13.2.1/thumb/v7-m/nofp/crtbegin.o
LOAD /usr/local/src/arm-gnu-toolchain-13.2/bin/../lib/gcc/arm-none-eabi/13.2.1/../../../../arm-none-eabi/lib/thumb/v7-m/nofp/crt0.o
LOAD build/eeprom_driver.o
LOAD build/eeprom_isr.o
LOAD build/unity.o
LOAD build/unity_fixture.o
LOAD build/unity_memory.o
LOAD build/mock_eeprom_io.o
LOAD build/fake_eeprom_time.o
LOAD build/target_tests.o
LOAD build/eeprom_test_runner.o
LOAD build/eeprom_test.o
LOAD build/stm32f1xx_it.o
LOAD build/stm32f1xx_hal_msp.o
LOAD build/stm32f1xx_hal_gpio_ex.o
LOAD build/stm32f1xx_hal_i2c.o
LOAD build/stm32f1xx_hal.o
LOAD build/stm32f1xx_hal_rcc.o
LOAD build/stm32f1xx_hal_rcc_ex.o
LOAD build/stm32f1xx_hal_gpio.o
LOAD build/stm32f1xx_hal_dma.o
LOAD build/stm32f1xx_hal_cortex.o
LOAD build/stm32f1xx_hal_pwr.o
LOAD build/stm32f1xx_hal_flash.o
LOAD build/stm32f1xx_hal_flash_ex.o
LOAD build/stm32f1xx_hal_exti.o
LOAD build/stm32f1xx_hal_tim.o
LOAD build/stm32f1xx_hal_tim_ex.o
LOAD build/system_stm32f1xx.o
LOAD build/stm32f1xx_hal_uart.o
LOAD build/startup_stm32f103xb.o
LOAD /usr/local/src/arm-gnu-toolchain-13.2/bin/../lib/gcc/arm-none-eabi/13.2.1/../../../../arm-none-eabi/lib/thumb/v7-m/nofp/libc_nano.a
LOAD /usr/local/src/arm-gnu-toolchain-13.2/bin/../lib/gcc/arm-none-eabi/13.2.1/../../../../arm-none-eabi/lib/thumb/v7-m/nofp/libm.a
LOAD /usr/local/src/arm-gnu-toolchain-13.2/bin/../lib/gcc/arm-none-eabi/13.2.1/../../../../arm-none-eabi/lib/thumb/v7-m/nofp/libnosys.a
START GROUP
LOAD /usr/local/src/arm-gnu-toolchain-13.2/bin/../lib/gcc/arm-none-eabi/13.2.1/thumb/v7-m/nofp/libgcc.a
LOAD /usr/local/src/arm-gnu-toolchain-13.2/bin/../lib/gcc/arm-none-eabi/13.2.1/../../../../arm-none-eabi/lib/thumb/v7-m/nofp/libc_nano.a
END GROUP
START GROUP
LOAD /usr/local/src/arm-gnu-toolchain-13.2/bin/../lib/gcc/arm-none-eabi/13.2.1/thumb/v7-m/nofp/libgcc.a
LOAD /usr/local/src/arm-gnu-toolchain-13.2/bin/../lib/gcc/arm-none-eabi/13.2.1/../../../../arm-none-eabi/lib/thumb/v7-m/nofp/libc_nano.a
END GROUP
LOAD /usr/local/src/arm-gnu-toolchain-13.2/bin/../lib/gcc/arm-none-eabi/13.2.1/thumb/v7-m/nofp/crtend.o
LOAD /usr/local/src/arm-gnu-toolchain-13.2/bin/../lib/gcc/arm-none-eabi/13.2.1/thumb/v7-m/nofp/crtn.o
                0x20005000                        _estack = (ORIGIN (RAM) + LENGTH (RAM))
                0x00000200                        _Min_Heap_Size = 0x200
                0x00000400                        _Min_Stack_Size = 0x400

.isr_vector     0x08000000      0x10c
                0x08000000                        . = ALIGN (0x4)
 *(.isr_vector)
 .isr_vector    0x08000000      0x10c build/startup_stm32f103xb.o
                0x08000000                g_pfnVectors
                0x0800010c                        . = ALIGN (0x4)

.text           0x0800010c     0x13a8
                0x0800010c                        . = ALIGN (0x4)
 *(.text)
 .text          0x0800010c       0x14 /usr/local/src/arm-gnu-toolchain-13.2/bin/../lib/gcc/arm-none-eabi/13.2.1/../../../../arm-none-eabi/lib/thumb/v7-m/nofp/libc_nano.a(libc_a-strcmp.o)
                0x0800010c                strcmp
 *(.text*)
 .text.deregister_tm_clones
                0x08000120       0x1c /usr/local/src/arm-gnu-toolchain-13.2/bin/../lib/gcc/arm-none-eabi/13.2.1/thumb/v7-m/nofp/crtbegin.o
 .text.register_tm_clones
                0x0800013c       0x24 /usr/local/src/arm-gnu-toolchain-13.2/bin/../lib/gcc/arm-none-eabi/13.2.1/thumb/v7-m/nofp/crtbegin.o
 .text.__do_global_dtors_aux
                0x08000160       0x28 /usr/local/src/arm-gnu-toolchain-13.2/bin/../lib/gcc/arm-none-eabi/13.2.1/thumb/v7-m/nofp/crtbegin.o
 .text.frame_dummy
                0x08000188       0x24 /usr/local/src/arm-gnu-toolchain-13.2/bin/../lib/gcc/arm-none-eabi/13.2.1/thumb/v7-m/nofp/crtbegin.o
 .text.UnityPrintNumberUnsigned
                0x080001ac       0x48 build/unity.o
                0x080001ac                UnityPrintNumberUnsigned
 .text.UnityPrintNumber
                0x080001f4       0x18 build/unity.o
                0x080001f4                UnityPrintNumber
 .text.UnityPrintNumberHex
                0x0800020c       0x34 build/unity.o
                0x0800020c                UnityPrintNumberHex
 .text.UnityPrintChar
                0x08000240       0x50 build/unity.o
 .text.UnityPrint
                0x08000290       0x18 build/unity.o
                0x08000290                UnityPrint
 .text.UnityBegin
                0x080002a8       0x20 build/unity.o
                0x080002a8                UnityBegin
 .text.UnityEnd
                0x080002c8       0x94 build/unity.o
                0x080002c8                UnityEnd
 .text.announceTestRun
                0x0800035c       0x38 build/unity_fixture.o
 .text.UnityGetCommandLineOptions
                0x08000394      0x23c build/unity_fixture.o
                0x08000394                UnityGetCommandLineOptions
 .text.UnityMain
                0x080005d0       0x50 build/unity_fixture.o
                0x080005d0                UnityMain
 .text.MX_GPIO_Init
                0x08000620       0x20 build/target_tests.o
 .text.run_all_tests
                0x08000640        0x8 build/target_tests.o
 .text.unity_config_put_c
                0x08000648       0x20 build/target_tests.o
                0x08000648                unity_config_put_c
 .text.Error_Handler
                0x08000668        0x4 build/target_tests.o
                0x08000668                Error_Handler
 .text.MX_USART1_UART_Init
                0x0800066c       0x34 build/target_tests.o
 .text.SystemClock_Config
                0x080006a0       0x52 build/target_tests.o
                0x080006a0                SystemClock_Config
 *fill*         0x080006f2        0x2 
 .text.main     0x080006f4       0x24 build/target_tests.o
                0x080006f4                main
 .text.TEST_eeprom_driver_GROUP_RUNNER
                0x08000718        0x2 build/eeprom_test_runner.o
                0x08000718                TEST_eeprom_driver_GROUP_RUNNER
 .text.NMI_Handler
                0x0800071a        0x2 build/stm32f1xx_it.o
                0x0800071a                NMI_Handler
 .text.HardFault_Handler
                0x0800071c        0x2 build/stm32f1xx_it.o
                0x0800071c                HardFault_Handler
 .text.MemManage_Handler
                0x0800071e        0x2 build/stm32f1xx_it.o
                0x0800071e                MemManage_Handler
 .text.BusFault_Handler
                0x08000720        0x2 build/stm32f1xx_it.o
                0x08000720                BusFault_Handler
 .text.UsageFault_Handler
                0x08000722        0x2 build/stm32f1xx_it.o
                0x08000722                UsageFault_Handler
 .text.SVC_Handler
                0x08000724        0x2 build/stm32f1xx_it.o
                0x08000724                SVC_Handler
 .text.DebugMon_Handler
                0x08000726        0x2 build/stm32f1xx_it.o
                0x08000726                DebugMon_Handler
 .text.PendSV_Handler
                0x08000728        0x2 build/stm32f1xx_it.o
                0x08000728                PendSV_Handler
 .text.SysTick_Handler
                0x0800072a        0x8 build/stm32f1xx_it.o
                0x0800072a                SysTick_Handler
 *fill*         0x08000732        0x2 
 .text.HAL_MspInit
                0x08000734       0x44 build/stm32f1xx_hal_msp.o
                0x08000734                HAL_MspInit
 .text.HAL_UART_MspInit
                0x08000778       0x78 build/stm32f1xx_hal_msp.o
                0x08000778                HAL_UART_MspInit
 .text.HAL_InitTick
                0x080007f0       0x4c build/stm32f1xx_hal.o
                0x080007f0                HAL_InitTick
 .text.HAL_Init
                0x0800083c       0x24 build/stm32f1xx_hal.o
                0x0800083c                HAL_Init
 .text.HAL_IncTick
                0x08000860       0x18 build/stm32f1xx_hal.o
                0x08000860                HAL_IncTick
 .text.HAL_GetTick
                0x08000878        0xc build/stm32f1xx_hal.o
                0x08000878                HAL_GetTick
 .text.RCC_Delay
                0x08000884       0x2c build/stm32f1xx_hal_rcc.o
 .text.HAL_RCC_OscConfig
                0x080008b0      0x410 build/stm32f1xx_hal_rcc.o
                0x080008b0                HAL_RCC_OscConfig
 .text.HAL_RCC_GetSysClockFreq
                0x08000cc0       0x54 build/stm32f1xx_hal_rcc.o
                0x08000cc0                HAL_RCC_GetSysClockFreq
 .text.HAL_RCC_ClockConfig
                0x08000d14      0x16c build/stm32f1xx_hal_rcc.o
                0x08000d14                HAL_RCC_ClockConfig
 .text.HAL_RCC_GetHCLKFreq
                0x08000e80        0xc build/stm32f1xx_hal_rcc.o
                0x08000e80                HAL_RCC_GetHCLKFreq
 .text.HAL_RCC_GetPCLK1Freq
                0x08000e8c       0x20 build/stm32f1xx_hal_rcc.o
                0x08000e8c                HAL_RCC_GetPCLK1Freq
 .text.HAL_RCC_GetPCLK2Freq
                0x08000eac       0x20 build/stm32f1xx_hal_rcc.o
                0x08000eac                HAL_RCC_GetPCLK2Freq
 .text.HAL_GPIO_Init
                0x08000ecc      0x21c build/stm32f1xx_hal_gpio.o
                0x08000ecc                HAL_GPIO_Init
 .text.__NVIC_SetPriority
                0x080010e8       0x28 build/stm32f1xx_hal_cortex.o
 .text.NVIC_EncodePriority
                0x08001110       0x3e build/stm32f1xx_hal_cortex.o
 *fill*         0x0800114e        0x2 
 .text.HAL_NVIC_SetPriorityGrouping
                0x08001150       0x24 build/stm32f1xx_hal_cortex.o
                0x08001150                HAL_NVIC_SetPriorityGrouping
 .text.HAL_NVIC_SetPriority
                0x08001174       0x20 build/stm32f1xx_hal_cortex.o
                0x08001174                HAL_NVIC_SetPriority
 .text.HAL_SYSTICK_Config
                0x08001194       0x28 build/stm32f1xx_hal_cortex.o
                0x08001194                HAL_SYSTICK_Config
 .text.SystemInit
                0x080011bc        0x2 build/system_stm32f1xx.o
                0x080011bc                SystemInit
 *fill*         0x080011be        0x2 
 .text.UART_SetConfig
                0x080011c0       0x94 build/stm32f1xx_hal_uart.o
 .text.UART_WaitOnFlagUntilTimeout
                0x08001254       0x84 build/stm32f1xx_hal_uart.o
 .text.HAL_UART_Init
                0x080012d8       0x60 build/stm32f1xx_hal_uart.o
                0x080012d8                HAL_UART_Init
 .text.HAL_UART_Transmit
                0x08001338       0xbe build/stm32f1xx_hal_uart.o
                0x08001338                HAL_UART_Transmit
 *fill*         0x080013f6        0x2 
 .text.Reset_Handler
                0x080013f8       0x48 build/startup_stm32f103xb.o
                0x080013f8                Reset_Handler
 .text.Default_Handler
                0x08001440        0x2 build/startup_stm32f103xb.o
                0x08001440                RTC_Alarm_IRQHandler
                0x08001440                EXTI2_IRQHandler
                0x08001440                TIM1_CC_IRQHandler
                0x08001440                PVD_IRQHandler
                0x08001440                EXTI3_IRQHandler
                0x08001440                EXTI0_IRQHandler
                0x08001440                I2C2_EV_IRQHandler
                0x08001440                ADC1_2_IRQHandler
                0x08001440                SPI1_IRQHandler
                0x08001440                TAMPER_IRQHandler
                0x08001440                DMA1_Channel4_IRQHandler
                0x08001440                USART3_IRQHandler
                0x08001440                RTC_IRQHandler
                0x08001440                DMA1_Channel7_IRQHandler
                0x08001440                CAN1_RX1_IRQHandler
                0x08001440                TIM4_IRQHandler
                0x08001440                I2C1_EV_IRQHandler
                0x08001440                DMA1_Channel6_IRQHandler
                0x08001440                TIM3_IRQHandler
                0x08001440                RCC_IRQHandler
                0x08001440                TIM1_TRG_COM_IRQHandler
                0x08001440                DMA1_Channel1_IRQHandler
                0x08001440                Default_Handler
                0x08001440                EXTI15_10_IRQHandler
                0x08001440                EXTI9_5_IRQHandler
                0x08001440                SPI2_IRQHandler
                0x08001440                DMA1_Channel5_IRQHandler
                0x08001440                EXTI4_IRQHandler
                0x08001440                USB_LP_CAN1_RX0_IRQHandler
                0x08001440                USB_HP_CAN1_TX_IRQHandler
                0x08001440                DMA1_Channel3_IRQHandler
                0x08001440                TIM1_UP_IRQHandler
                0x08001440                WWDG_IRQHandler
                0x08001440                TIM2_IRQHandler
                0x08001440                TIM1_BRK_IRQHandler
                0x08001440                EXTI1_IRQHandler
                0x08001440                USART2_IRQHandler
                0x08001440                I2C2_ER_IRQHandler
                0x08001440                DMA1_Channel2_IRQHandler
                0x08001440                CAN1_SCE_IRQHandler
                0x08001440                FLASH_IRQHandler
                0x08001440                USART1_IRQHandler
                0x08001440                I2C1_ER_IRQHandler
                0x08001440                USBWakeUp_IRQHandler
 *fill*         0x08001442        0x2 
 .text.__libc_init_array
                0x08001444       0x48 /usr/local/src/arm-gnu-toolchain-13.2/bin/../lib/gcc/arm-none-eabi/13.2.1/../../../../arm-none-eabi/lib/thumb/v7-m/nofp/libc_nano.a(libc_a-init.o)
                0x08001444                __libc_init_array
 .text.memset   0x0800148c       0x10 /usr/local/src/arm-gnu-toolchain-13.2/bin/../lib/gcc/arm-none-eabi/13.2.1/../../../../arm-none-eabi/lib/thumb/v7-m/nofp/libc_nano.a(libc_a-memset.o)
                0x0800148c                memset
 *(.glue_7)
 .glue_7        0x0800149c        0x0 linker stubs
 *(.glue_7t)
 .glue_7t       0x0800149c        0x0 linker stubs
 *(.eh_frame)
 .eh_frame      0x0800149c        0x0 /usr/local/src/arm-gnu-toolchain-13.2/bin/../lib/gcc/arm-none-eabi/13.2.1/thumb/v7-m/nofp/crtbegin.o
 *(.init)
 .init          0x0800149c        0x4 /usr/local/src/arm-gnu-toolchain-13.2/bin/../lib/gcc/arm-none-eabi/13.2.1/thumb/v7-m/nofp/crti.o
                0x0800149c                _init
 .init          0x080014a0        0x8 /usr/local/src/arm-gnu-toolchain-13.2/bin/../lib/gcc/arm-none-eabi/13.2.1/thumb/v7-m/nofp/crtn.o
 *(.fini)
 .fini          0x080014a8        0x4 /usr/local/src/arm-gnu-toolchain-13.2/bin/../lib/gcc/arm-none-eabi/13.2.1/thumb/v7-m/nofp/crti.o
                0x080014a8                _fini
 .fini          0x080014ac        0x8 /usr/local/src/arm-gnu-toolchain-13.2/bin/../lib/gcc/arm-none-eabi/13.2.1/thumb/v7-m/nofp/crtn.o
                0x080014b4                        . = ALIGN (0x4)
                0x080014b4                        _etext = .

.vfp11_veneer   0x080014b4        0x0
 .vfp11_veneer  0x080014b4        0x0 linker stubs

.v4_bx          0x080014b4        0x0
 .v4_bx         0x080014b4        0x0 linker stubs

.iplt           0x080014b4        0x0
 .iplt          0x080014b4        0x0 /usr/local/src/arm-gnu-toolchain-13.2/bin/../lib/gcc/arm-none-eabi/13.2.1/thumb/v7-m/nofp/crtbegin.o

.rodata         0x080014b4      0x2c0
                0x080014b4                        . = ALIGN (0x4)
 *(.rodata)
 *(.rodata*)
 .rodata.UnityStrResultsIgnored
                0x080014b4        0xa build/unity.o
 *fill*         0x080014be        0x2 
 .rodata.UnityStrResultsFailures
                0x080014c0        0xb build/unity.o
 *fill*         0x080014cb        0x1 
 .rodata.UnityStrResultsTests
                0x080014cc        0x8 build/unity.o
 .rodata.UnityStrBreaker
                0x080014d4       0x18 build/unity.o
 .rodata.UnityStrFail
                0x080014ec        0x5 build/unity.o
                0x080014ec                UnityStrFail
 *fill*         0x080014f1        0x3 
 .rodata.UnityStrOk
                0x080014f4        0x3 build/unity.o
                0x080014f4                UnityStrOk
 *fill*         0x080014f7        0x1 
 .rodata.announceTestRun.str1.4
                0x080014f8      0x24f build/unity_fixture.o
                                 0x15 (size before relaxing)
 .rodata.UnityGetCommandLineOptions.str1.4
                0x08001747      0x237 build/unity_fixture.o
 *fill*         0x08001747        0x1 
 .rodata.aPredivFactorTable.0
                0x08001748        0x2 build/stm32f1xx_hal_rcc.o
 *fill*         0x0800174a        0x2 
 .rodata.aPLLMULFactorTable.1
                0x0800174c       0x10 build/stm32f1xx_hal_rcc.o
 .rodata.APBPrescTable
                0x0800175c        0x8 build/system_stm32f1xx.o
                0x0800175c                APBPrescTable
 .rodata.AHBPrescTable
                0x08001764       0x10 build/system_stm32f1xx.o
                0x08001764                AHBPrescTable
                0x08001774                        . = ALIGN (0x4)

.ARM.extab
 *(.ARM.extab* .gnu.linkonce.armextab.*)

.ARM            0x08001774        0x8
                0x08001774                        __exidx_start = .
 *(.ARM.exidx*)
 .ARM.exidx     0x08001774        0x8 /usr/local/src/arm-gnu-toolchain-13.2/bin/../lib/gcc/arm-none-eabi/13.2.1/../../../../arm-none-eabi/lib/thumb/v7-m/nofp/libc_nano.a(libc_a-strcmp.o)
                0x0800177c                        __exidx_end = .

.rel.dyn        0x0800177c        0x0
 .rel.iplt      0x0800177c        0x0 /usr/local/src/arm-gnu-toolchain-13.2/bin/../lib/gcc/arm-none-eabi/13.2.1/thumb/v7-m/nofp/crtbegin.o

.preinit_array  0x0800177c        0x0
                0x0800177c                        PROVIDE (__preinit_array_start = .)
 *(.preinit_array*)
                0x0800177c                        PROVIDE (__preinit_array_end = .)

.init_array     0x0800177c        0x4
                0x0800177c                        PROVIDE (__init_array_start = .)
 *(SORT_BY_NAME(.init_array.*))
 *(.init_array*)
 .init_array    0x0800177c        0x4 /usr/local/src/arm-gnu-toolchain-13.2/bin/../lib/gcc/arm-none-eabi/13.2.1/thumb/v7-m/nofp/crtbegin.o
                0x08001780                        PROVIDE (__init_array_end = .)

.fini_array     0x08001780        0x4
                [!provide]                        PROVIDE (__fini_array_start = .)
 *(SORT_BY_NAME(.fini_array.*))
 *(.fini_array*)
 .fini_array    0x08001780        0x4 /usr/local/src/arm-gnu-toolchain-13.2/bin/../lib/gcc/arm-none-eabi/13.2.1/thumb/v7-m/nofp/crtbegin.o
                [!provide]                        PROVIDE (__fini_array_end = .)
                0x08001784                        _sidata = LOADADDR (.data)

.data           0x20000000        0xc load address 0x08001784
                0x20000000                        . = ALIGN (0x4)
                0x20000000                        _sdata = .
 *(.data)
 *(.data*)
 .data.uwTickFreq
                0x20000000        0x1 build/stm32f1xx_hal.o
                0x20000000                uwTickFreq
 *fill*         0x20000001        0x3 
 .data.uwTickPrio
                0x20000004        0x4 build/stm32f1xx_hal.o
                0x20000004                uwTickPrio
 .data.SystemCoreClock
                0x20000008        0x4 build/system_stm32f1xx.o
                0x20000008                SystemCoreClock
                0x2000000c                        . = ALIGN (0x4)
                0x2000000c                        _edata = .

.tm_clone_table
                0x2000000c        0x0 load address 0x08001790
 .tm_clone_table
                0x2000000c        0x0 /usr/local/src/arm-gnu-toolchain-13.2/bin/../lib/gcc/arm-none-eabi/13.2.1/thumb/v7-m/nofp/crtbegin.o
 .tm_clone_table
                0x2000000c        0x0 /usr/local/src/arm-gnu-toolchain-13.2/bin/../lib/gcc/arm-none-eabi/13.2.1/thumb/v7-m/nofp/crtend.o

.igot.plt       0x2000000c        0x0 load address 0x08001790
 .igot.plt      0x2000000c        0x0 /usr/local/src/arm-gnu-toolchain-13.2/bin/../lib/gcc/arm-none-eabi/13.2.1/thumb/v7-m/nofp/crtbegin.o
                0x2000000c                        . = ALIGN (0x4)

.bss            0x20000010      0x148 load address 0x08001790
                0x20000010                        _sbss = .
                0x20000010                        __bss_start__ = _sbss
 *(.bss)
 *(.bss*)
 .bss.completed.1
                0x20000010        0x1 /usr/local/src/arm-gnu-toolchain-13.2/bin/../lib/gcc/arm-none-eabi/13.2.1/thumb/v7-m/nofp/crtbegin.o
 *fill*         0x20000011        0x3 
 .bss.object.0  0x20000014       0x18 /usr/local/src/arm-gnu-toolchain-13.2/bin/../lib/gcc/arm-none-eabi/13.2.1/thumb/v7-m/nofp/crtbegin.o
 *fill*         0x2000002c        0x4 
 .bss.Unity     0x20000030       0xc8 build/unity.o
                0x20000030                Unity
 .bss.UnityFixture
                0x200000f8       0x14 build/unity_fixture.o
                0x200000f8                UnityFixture
 .bss.huart1    0x2000010c       0x48 build/target_tests.o
                0x2000010c                huart1
 .bss.uwTick    0x20000154        0x4 build/stm32f1xx_hal.o
                0x20000154                uwTick
 *(COMMON)
                0x20000158                        . = ALIGN (0x4)
                0x20000158                        _ebss = .
                0x20000158                        __bss_end__ = _ebss

._user_heap_stack
                0x20000158      0x600 load address 0x08001790
                0x20000158                        . = ALIGN (0x8)
                0x20000158                        PROVIDE (end = .)
                [!provide]                        PROVIDE (_end = .)
                0x20000358                        . = (. + _Min_Heap_Size)
 *fill*         0x20000158      0x200 
                0x20000758                        . = (. + _Min_Stack_Size)
 *fill*         0x20000358      0x400 
                0x20000758                        . = ALIGN (0x8)

/DISCARD/
 libc.a(*)
 libm.a(*)
 libgcc.a(*)

.ARM.attributes
                0x00000000       0x29
 *(.ARM.attributes)
 .ARM.attributes
                0x00000000       0x1d /usr/local/src/arm-gnu-toolchain-13.2/bin/../lib/gcc/arm-none-eabi/13.2.1/thumb/v7-m/nofp/crti.o
 .ARM.attributes
                0x0000001d       0x2d /usr/local/src/arm-gnu-toolchain-13.2/bin/../lib/gcc/arm-none-eabi/13.2.1/thumb/v7-m/nofp/crtbegin.o
 .ARM.attributes
                0x0000004a       0x2d build/unity.o
 .ARM.attributes
                0x00000077       0x2d build/unity_fixture.o
 .ARM.attributes
                0x000000a4       0x2d build/target_tests.o
 .ARM.attributes
                0x000000d1       0x2d build/eeprom_test_runner.o
 .ARM.attributes
                0x000000fe       0x2d build/stm32f1xx_it.o
 .ARM.attributes
                0x0000012b       0x2d build/stm32f1xx_hal_msp.o
 .ARM.attributes
                0x00000158       0x2d build/stm32f1xx_hal.o
 .ARM.attributes
                0x00000185       0x2d build/stm32f1xx_hal_rcc.o
 .ARM.attributes
                0x000001b2       0x2d build/stm32f1xx_hal_gpio.o
 .ARM.attributes
                0x000001df       0x2d build/stm32f1xx_hal_cortex.o
 .ARM.attributes
                0x0000020c       0x2d build/system_stm32f1xx.o
 .ARM.attributes
                0x00000239       0x2d build/stm32f1xx_hal_uart.o
 .ARM.attributes
                0x00000266       0x21 build/startup_stm32f103xb.o
 .ARM.attributes
                0x00000287       0x2d /usr/local/src/arm-gnu-toolchain-13.2/bin/../lib/gcc/arm-none-eabi/13.2.1/../../../../arm-none-eabi/lib/thumb/v7-m/nofp/libc_nano.a(libc_a-init.o)
 .ARM.attributes
                0x000002b4       0x1b /usr/local/src/arm-gnu-toolchain-13.2/bin/../lib/gcc/arm-none-eabi/13.2.1/../../../../arm-none-eabi/lib/thumb/v7-m/nofp/libc_nano.a(libc_a-strcmp.o)
 .ARM.attributes
                0x000002cf       0x2d /usr/local/src/arm-gnu-toolchain-13.2/bin/../lib/gcc/arm-none-eabi/13.2.1/../../../../arm-none-eabi/lib/thumb/v7-m/nofp/libc_nano.a(libc_a-memset.o)
 .ARM.attributes
                0x000002fc       0x2d /usr/local/src/arm-gnu-toolchain-13.2/bin/../lib/gcc/arm-none-eabi/13.2.1/thumb/v7-m/nofp/crtend.o
 .ARM.attributes
                0x00000329       0x1d /usr/local/src/arm-gnu-toolchain-13.2/bin/../lib/gcc/arm-none-eabi/13.2.1/thumb/v7-m/nofp/crtn.o
OUTPUT(build/EEPROM_Driver.elf elf32-littlearm)
LOAD linker stubs
LOAD /usr/local/src/arm-gnu-toolchain-13.2/bin/../lib/gcc/arm-none-eabi/13.2.1/../../../../arm-none-eabi/lib/thumb/v7-m/nofp/libc.a
LOAD /usr/local/src/arm-gnu-toolchain-13.2/bin/../lib/gcc/arm-none-eabi/13.2.1/../../../../arm-none-eabi/lib/thumb/v7-m/nofp/libm.a
LOAD /usr/local/src/arm-gnu-toolchain-13.2/bin/../lib/gcc/arm-none-eabi/13.2.1/thumb/v7-m/nofp/libgcc.a

.debug_info     0x00000000     0xcfa6
 .debug_info    0x00000000     0x375b build/unity.o
 .debug_info    0x0000375b      0xe05 build/unity_fixture.o
 .debug_info    0x00004560      0xb98 build/target_tests.o
 .debug_info    0x000050f8       0xa2 build/eeprom_test_runner.o
 .debug_info    0x0000519a      0x158 build/stm32f1xx_it.o
 .debug_info    0x000052f2      0xd64 build/stm32f1xx_hal_msp.o
 .debug_info    0x00006056      0x880 build/stm32f1xx_hal.o
 .debug_info    0x000068d6      0xb10 build/stm32f1xx_hal_rcc.o
 .debug_info    0x000073e6      0x6d7 build/stm32f1xx_hal_gpio.o
 .debug_info    0x00007abd      0xe3f build/stm32f1xx_hal_cortex.o
 .debug_info    0x000088fc      0x26e build/system_stm32f1xx.o
 .debug_info    0x00008b6a     0x440c build/stm32f1xx_hal_uart.o
 .debug_info    0x0000cf76       0x30 build/startup_stm32f103xb.o

.debug_abbrev   0x00000000     0x1bad
 .debug_abbrev  0x00000000      0x3e1 build/unity.o
 .debug_abbrev  0x000003e1      0x2c4 build/unity_fixture.o
 .debug_abbrev  0x000006a5      0x2dd build/target_tests.o
 .debug_abbrev  0x00000982       0x46 build/eeprom_test_runner.o
 .debug_abbrev  0x000009c8       0x80 build/stm32f1xx_it.o
 .debug_abbrev  0x00000a48      0x1d5 build/stm32f1xx_hal_msp.o
 .debug_abbrev  0x00000c1d      0x232 build/stm32f1xx_hal.o
 .debug_abbrev  0x00000e4f      0x2d6 build/stm32f1xx_hal_rcc.o
 .debug_abbrev  0x00001125      0x222 build/stm32f1xx_hal_gpio.o
 .debug_abbrev  0x00001347      0x3aa build/stm32f1xx_hal_cortex.o
 .debug_abbrev  0x000016f1      0x140 build/system_stm32f1xx.o
 .debug_abbrev  0x00001831      0x35f build/stm32f1xx_hal_uart.o
 .debug_abbrev  0x00001b90       0x1d build/startup_stm32f103xb.o

.debug_loc      0x00000000     0xa582
 .debug_loc     0x00000000     0x2fe5 build/unity.o
 .debug_loc     0x00002fe5      0x7a6 build/unity_fixture.o
 .debug_loc     0x0000378b      0x12d build/target_tests.o
 .debug_loc     0x000038b8       0x20 build/stm32f1xx_it.o
 .debug_loc     0x000038d8      0x21e build/stm32f1xx_hal_msp.o
 .debug_loc     0x00003af6      0x1f9 build/stm32f1xx_hal.o
 .debug_loc     0x00003cef      0x7c6 build/stm32f1xx_hal_rcc.o
 .debug_loc     0x000044b5      0x56c build/stm32f1xx_hal_gpio.o
 .debug_loc     0x00004a21      0x8b4 build/stm32f1xx_hal_cortex.o
 .debug_loc     0x000052d5      0x11b build/system_stm32f1xx.o
 .debug_loc     0x000053f0     0x5192 build/stm32f1xx_hal_uart.o

.debug_aranges  0x00000000      0x7e0
 .debug_aranges
                0x00000000      0x150 build/unity.o
 .debug_aranges
                0x00000150       0x88 build/unity_fixture.o
 .debug_aranges
                0x000001d8       0x68 build/target_tests.o
 .debug_aranges
                0x00000240       0x20 build/eeprom_test_runner.o
 .debug_aranges
                0x00000260       0x60 build/stm32f1xx_it.o
 .debug_aranges
                0x000002c0       0x40 build/stm32f1xx_hal_msp.o
 .debug_aranges
                0x00000300       0xe0 build/stm32f1xx_hal.o
 .debug_aranges
                0x000003e0       0x90 build/stm32f1xx_hal_rcc.o
 .debug_aranges
                0x00000470       0x58 build/stm32f1xx_hal_gpio.o
 .debug_aranges
                0x000004c8       0xc0 build/stm32f1xx_hal_cortex.o
 .debug_aranges
                0x00000588       0x28 build/system_stm32f1xx.o
 .debug_aranges
                0x000005b0      0x208 build/stm32f1xx_hal_uart.o
 .debug_aranges
                0x000007b8       0x28 build/startup_stm32f103xb.o

.debug_ranges   0x00000000      0x7e8
 .debug_ranges  0x00000000      0x1d8 build/unity.o
 .debug_ranges  0x000001d8       0x78 build/unity_fixture.o
 .debug_ranges  0x00000250       0x58 build/target_tests.o
 .debug_ranges  0x000002a8       0x10 build/eeprom_test_runner.o
 .debug_ranges  0x000002b8       0x50 build/stm32f1xx_it.o
 .debug_ranges  0x00000308       0x30 build/stm32f1xx_hal_msp.o
 .debug_ranges  0x00000338       0xd0 build/stm32f1xx_hal.o
 .debug_ranges  0x00000408       0xa0 build/stm32f1xx_hal_rcc.o
 .debug_ranges  0x000004a8       0x48 build/stm32f1xx_hal_gpio.o
 .debug_ranges  0x000004f0       0xb0 build/stm32f1xx_hal_cortex.o
 .debug_ranges  0x000005a0       0x18 build/system_stm32f1xx.o
 .debug_ranges  0x000005b8      0x210 build/stm32f1xx_hal_uart.o
 .debug_ranges  0x000007c8       0x20 build/startup_stm32f103xb.o

.debug_line     0x00000000     0x7cb1
 .debug_line    0x00000000     0x17b4 build/unity.o
 .debug_line    0x000017b4      0x75c build/unity_fixture.o
 .debug_line    0x00001f10      0x412 build/target_tests.o
 .debug_line    0x00002322       0x66 build/eeprom_test_runner.o
 .debug_line    0x00002388      0x13d build/stm32f1xx_it.o
 .debug_line    0x000024c5      0x310 build/stm32f1xx_hal_msp.o
 .debug_line    0x000027d5      0x4f8 build/stm32f1xx_hal.o
 .debug_line    0x00002ccd      0xc74 build/stm32f1xx_hal_rcc.o
 .debug_line    0x00003941      0x59a build/stm32f1xx_hal_gpio.o
 .debug_line    0x00003edb      0x671 build/stm32f1xx_hal_cortex.o
 .debug_line    0x0000454c      0x20f build/system_stm32f1xx.o
 .debug_line    0x0000475b     0x34e5 build/stm32f1xx_hal_uart.o
 .debug_line    0x00007c40       0x71 build/startup_stm32f103xb.o

.debug_str      0x00000000     0x2e22
 .debug_str     0x00000000     0x2e22 build/unity.o
                                0xe2c (size before relaxing)
 .debug_str     0x00002e22      0x4f0 build/unity_fixture.o
 .debug_str     0x00002e22      0x837 build/target_tests.o
 .debug_str     0x00002e22      0x1ba build/eeprom_test_runner.o
 .debug_str     0x00002e22      0x206 build/stm32f1xx_it.o
 .debug_str     0x00002e22      0x920 build/stm32f1xx_hal_msp.o
 .debug_str     0x00002e22      0x812 build/stm32f1xx_hal.o
 .debug_str     0x00002e22      0x60f build/stm32f1xx_hal_rcc.o
 .debug_str     0x00002e22      0x3e4 build/stm32f1xx_hal_gpio.o
 .debug_str     0x00002e22      0x8b7 build/stm32f1xx_hal_cortex.o
 .debug_str     0x00002e22      0x238 build/system_stm32f1xx.o
 .debug_str     0x00002e22      0xcd8 build/stm32f1xx_hal_uart.o
 .debug_str     0x00002e22       0x6f build/startup_stm32f103xb.o

.comment        0x00000000       0x44
 .comment       0x00000000       0x44 build/unity.o
                                 0x45 (size before relaxing)
 .comment       0x00000044       0x45 build/unity_fixture.o
 .comment       0x00000044       0x45 build/target_tests.o
 .comment       0x00000044       0x45 build/eeprom_test_runner.o
 .comment       0x00000044       0x45 build/stm32f1xx_it.o
 .comment       0x00000044       0x45 build/stm32f1xx_hal_msp.o
 .comment       0x00000044       0x45 build/stm32f1xx_hal.o
 .comment       0x00000044       0x45 build/stm32f1xx_hal_rcc.o
 .comment       0x00000044       0x45 build/stm32f1xx_hal_gpio.o
 .comment       0x00000044       0x45 build/stm32f1xx_hal_cortex.o
 .comment       0x00000044       0x45 build/system_stm32f1xx.o
 .comment       0x00000044       0x45 build/stm32f1xx_hal_uart.o

.debug_frame    0x00000000     0x148c
 .debug_frame   0x00000000      0x4a4 build/unity.o
 .debug_frame   0x000004a4      0x15c build/unity_fixture.o
 .debug_frame   0x00000600       0xec build/target_tests.o
 .debug_frame   0x000006ec       0x20 build/eeprom_test_runner.o
 .debug_frame   0x0000070c       0xa8 build/stm32f1xx_it.o
 .debug_frame   0x000007b4       0x98 build/stm32f1xx_hal_msp.o
 .debug_frame   0x0000084c      0x1cc build/stm32f1xx_hal.o
 .debug_frame   0x00000a18      0x184 build/stm32f1xx_hal_rcc.o
 .debug_frame   0x00000b9c       0xe4 build/stm32f1xx_hal_gpio.o
 .debug_frame   0x00000c80      0x19c build/stm32f1xx_hal_cortex.o
 .debug_frame   0x00000e1c       0x30 build/system_stm32f1xx.o
 .debug_frame   0x00000e4c      0x5d4 build/stm32f1xx_hal_uart.o
 .debug_frame   0x00001420       0x2c /usr/local/src/arm-gnu-toolchain-13.2/bin/../lib/gcc/arm-none-eabi/13.2.1/../../../../arm-none-eabi/lib/thumb/v7-m/nofp/libc_nano.a(libc_a-init.o)
 .debug_frame   0x0000144c       0x20 /usr/local/src/arm-gnu-toolchain-13.2/bin/../lib/gcc/arm-none-eabi/13.2.1/../../../../arm-none-eabi/lib/thumb/v7-m/nofp/libc_nano.a(libc_a-strcmp.o)
 .debug_frame   0x0000146c       0x20 /usr/local/src/arm-gnu-toolchain-13.2/bin/../lib/gcc/arm-none-eabi/13.2.1/../../../../arm-none-eabi/lib/thumb/v7-m/nofp/libc_nano.a(libc_a-memset.o)

.debug_line_str
                0x00000000       0xdf
 .debug_line_str
                0x00000000       0xdf /usr/local/src/arm-gnu-toolchain-13.2/bin/../lib/gcc/arm-none-eabi/13.2.1/../../../../arm-none-eabi/lib/thumb/v7-m/nofp/libc_nano.a(libc_a-strcmp.o)

Cross Reference Table

Symbol                                            File
ADC1_2_IRQHandler                                 build/startup_stm32f103xb.o
AHBPrescTable                                     build/system_stm32f1xx.o
                                                  build/stm32f1xx_hal_rcc.o
APBPrescTable                                     build/system_stm32f1xx.o
                                                  build/stm32f1xx_hal_rcc.o
BusFault_Handler                                  build/stm32f1xx_it.o
CAN1_RX1_IRQHandler                               build/startup_stm32f103xb.o
CAN1_SCE_IRQHandler                               build/startup_stm32f103xb.o
DMA1_Channel1_IRQHandler                          build/startup_stm32f103xb.o
DMA1_Channel2_IRQHandler                          build/startup_stm32f103xb.o
DMA1_Channel3_IRQHandler                          build/startup_stm32f103xb.o
DMA1_Channel4_IRQHandler                          build/startup_stm32f103xb.o
DMA1_Channel5_IRQHandler                          build/startup_stm32f103xb.o
DMA1_Channel6_IRQHandler                          build/startup_stm32f103xb.o
DMA1_Channel7_IRQHandler                          build/startup_stm32f103xb.o
DebugMon_Handler                                  build/stm32f1xx_it.o
Default_Handler                                   build/startup_stm32f103xb.o
EEPROM_random_read                                build/eeprom_driver.o
EXTI0_IRQHandler                                  build/startup_stm32f103xb.o
EXTI15_10_IRQHandler                              build/startup_stm32f103xb.o
EXTI1_IRQHandler                                  build/startup_stm32f103xb.o
EXTI2_IRQHandler                                  build/startup_stm32f103xb.o
EXTI3_IRQHandler                                  build/startup_stm32f103xb.o
EXTI4_IRQHandler                                  build/startup_stm32f103xb.o
EXTI9_5_IRQHandler                                build/startup_stm32f103xb.o
Error_Handler                                     build/target_tests.o
FLASH_IRQHandler                                  build/startup_stm32f103xb.o
FLASH_PageErase                                   build/stm32f1xx_hal_flash_ex.o
                                                  build/stm32f1xx_hal_flash.o
FLASH_WaitForLastOperation                        build/stm32f1xx_hal_flash.o
                                                  build/stm32f1xx_hal_flash_ex.o
HAL_DBGMCU_DisableDBGSleepMode                    build/stm32f1xx_hal.o
HAL_DBGMCU_DisableDBGStandbyMode                  build/stm32f1xx_hal.o
HAL_DBGMCU_DisableDBGStopMode                     build/stm32f1xx_hal.o
HAL_DBGMCU_EnableDBGSleepMode                     build/stm32f1xx_hal.o
HAL_DBGMCU_EnableDBGStandbyMode                   build/stm32f1xx_hal.o
HAL_DBGMCU_EnableDBGStopMode                      build/stm32f1xx_hal.o
HAL_DMA_Abort                                     build/stm32f1xx_hal_dma.o
                                                  build/stm32f1xx_hal_uart.o
HAL_DMA_Abort_IT                                  build/stm32f1xx_hal_dma.o
                                                  build/stm32f1xx_hal_uart.o
                                                  build/stm32f1xx_hal_i2c.o
HAL_DMA_DeInit                                    build/stm32f1xx_hal_dma.o
HAL_DMA_GetError                                  build/stm32f1xx_hal_dma.o
                                                  build/stm32f1xx_hal_uart.o
HAL_DMA_GetState                                  build/stm32f1xx_hal_dma.o
                                                  build/stm32f1xx_hal_i2c.o
HAL_DMA_IRQHandler                                build/stm32f1xx_hal_dma.o
HAL_DMA_Init                                      build/stm32f1xx_hal_dma.o
HAL_DMA_PollForTransfer                           build/stm32f1xx_hal_dma.o
HAL_DMA_RegisterCallback                          build/stm32f1xx_hal_dma.o
HAL_DMA_Start                                     build/stm32f1xx_hal_dma.o
HAL_DMA_Start_IT                                  build/stm32f1xx_hal_dma.o
                                                  build/stm32f1xx_hal_uart.o
                                                  build/stm32f1xx_hal_i2c.o
HAL_DMA_UnRegisterCallback                        build/stm32f1xx_hal_dma.o
HAL_DeInit                                        build/stm32f1xx_hal.o
HAL_Delay                                         build/stm32f1xx_hal.o
HAL_EXTI_ClearConfigLine                          build/stm32f1xx_hal_exti.o
HAL_EXTI_ClearPending                             build/stm32f1xx_hal_exti.o
HAL_EXTI_GenerateSWI                              build/stm32f1xx_hal_exti.o
HAL_EXTI_GetConfigLine                            build/stm32f1xx_hal_exti.o
HAL_EXTI_GetHandle                                build/stm32f1xx_hal_exti.o
HAL_EXTI_GetPending                               build/stm32f1xx_hal_exti.o
HAL_EXTI_IRQHandler                               build/stm32f1xx_hal_exti.o
HAL_EXTI_RegisterCallback                         build/stm32f1xx_hal_exti.o
HAL_EXTI_SetConfigLine                            build/stm32f1xx_hal_exti.o
HAL_FLASHEx_Erase                                 build/stm32f1xx_hal_flash_ex.o
HAL_FLASHEx_Erase_IT                              build/stm32f1xx_hal_flash_ex.o
HAL_FLASHEx_OBErase                               build/stm32f1xx_hal_flash_ex.o
HAL_FLASHEx_OBGetConfig                           build/stm32f1xx_hal_flash_ex.o
HAL_FLASHEx_OBGetUserData                         build/stm32f1xx_hal_flash_ex.o
HAL_FLASHEx_OBProgram                             build/stm32f1xx_hal_flash_ex.o
HAL_FLASH_EndOfOperationCallback                  build/stm32f1xx_hal_flash.o
HAL_FLASH_GetError                                build/stm32f1xx_hal_flash.o
HAL_FLASH_IRQHandler                              build/stm32f1xx_hal_flash.o
HAL_FLASH_Lock                                    build/stm32f1xx_hal_flash.o
HAL_FLASH_OB_Launch                               build/stm32f1xx_hal_flash.o
HAL_FLASH_OB_Lock                                 build/stm32f1xx_hal_flash.o
HAL_FLASH_OB_Unlock                               build/stm32f1xx_hal_flash.o
HAL_FLASH_OperationErrorCallback                  build/stm32f1xx_hal_flash.o
HAL_FLASH_Program                                 build/stm32f1xx_hal_flash.o
HAL_FLASH_Program_IT                              build/stm32f1xx_hal_flash.o
HAL_FLASH_Unlock                                  build/stm32f1xx_hal_flash.o
HAL_GPIOEx_ConfigEventout                         build/stm32f1xx_hal_gpio_ex.o
HAL_GPIOEx_DisableEventout                        build/stm32f1xx_hal_gpio_ex.o
HAL_GPIOEx_EnableEventout                         build/stm32f1xx_hal_gpio_ex.o
HAL_GPIO_DeInit                                   build/stm32f1xx_hal_gpio.o
                                                  build/stm32f1xx_hal_msp.o
HAL_GPIO_EXTI_Callback                            build/stm32f1xx_hal_gpio.o
HAL_GPIO_EXTI_IRQHandler                          build/stm32f1xx_hal_gpio.o
HAL_GPIO_Init                                     build/stm32f1xx_hal_gpio.o
                                                  build/stm32f1xx_hal_rcc.o
                                                  build/stm32f1xx_hal_msp.o
HAL_GPIO_LockPin                                  build/stm32f1xx_hal_gpio.o
HAL_GPIO_ReadPin                                  build/stm32f1xx_hal_gpio.o
HAL_GPIO_TogglePin                                build/stm32f1xx_hal_gpio.o
HAL_GPIO_WritePin                                 build/stm32f1xx_hal_gpio.o
HAL_GetDEVID                                      build/stm32f1xx_hal.o
HAL_GetHalVersion                                 build/stm32f1xx_hal.o
HAL_GetREVID                                      build/stm32f1xx_hal.o
HAL_GetTick                                       build/stm32f1xx_hal.o
                                                  build/stm32f1xx_hal_uart.o
                                                  build/stm32f1xx_hal_flash.o
                                                  build/stm32f1xx_hal_dma.o
                                                  build/stm32f1xx_hal_rcc_ex.o
                                                  build/stm32f1xx_hal_rcc.o
                                                  build/stm32f1xx_hal_i2c.o
HAL_GetTickFreq                                   build/stm32f1xx_hal.o
HAL_GetTickPrio                                   build/stm32f1xx_hal.o
HAL_GetUIDw0                                      build/stm32f1xx_hal.o
HAL_GetUIDw1                                      build/stm32f1xx_hal.o
HAL_GetUIDw2                                      build/stm32f1xx_hal.o
HAL_HalfDuplex_EnableReceiver                     build/stm32f1xx_hal_uart.o
HAL_HalfDuplex_EnableTransmitter                  build/stm32f1xx_hal_uart.o
HAL_HalfDuplex_Init                               build/stm32f1xx_hal_uart.o
HAL_I2C_AbortCpltCallback                         build/stm32f1xx_hal_i2c.o
HAL_I2C_AddrCallback                              build/stm32f1xx_hal_i2c.o
HAL_I2C_DeInit                                    build/stm32f1xx_hal_i2c.o
HAL_I2C_DisableListen_IT                          build/stm32f1xx_hal_i2c.o
HAL_I2C_ER_IRQHandler                             build/stm32f1xx_hal_i2c.o
HAL_I2C_EV_IRQHandler                             build/stm32f1xx_hal_i2c.o
HAL_I2C_EnableListen_IT                           build/stm32f1xx_hal_i2c.o
HAL_I2C_ErrorCallback                             build/stm32f1xx_hal_i2c.o
HAL_I2C_GetError                                  build/stm32f1xx_hal_i2c.o
HAL_I2C_GetMode                                   build/stm32f1xx_hal_i2c.o
HAL_I2C_GetState                                  build/stm32f1xx_hal_i2c.o
HAL_I2C_Init                                      build/stm32f1xx_hal_i2c.o
HAL_I2C_IsDeviceReady                             build/stm32f1xx_hal_i2c.o
HAL_I2C_ListenCpltCallback                        build/stm32f1xx_hal_i2c.o
HAL_I2C_MasterRxCpltCallback                      build/stm32f1xx_hal_i2c.o
HAL_I2C_MasterTxCpltCallback                      build/stm32f1xx_hal_i2c.o
HAL_I2C_Master_Abort_IT                           build/stm32f1xx_hal_i2c.o
HAL_I2C_Master_Receive                            build/stm32f1xx_hal_i2c.o
HAL_I2C_Master_Receive_DMA                        build/stm32f1xx_hal_i2c.o
HAL_I2C_Master_Receive_IT                         build/stm32f1xx_hal_i2c.o
HAL_I2C_Master_Seq_Receive_DMA                    build/stm32f1xx_hal_i2c.o
HAL_I2C_Master_Seq_Receive_IT                     build/stm32f1xx_hal_i2c.o
HAL_I2C_Master_Seq_Transmit_DMA                   build/stm32f1xx_hal_i2c.o
HAL_I2C_Master_Seq_Transmit_IT                    build/stm32f1xx_hal_i2c.o
HAL_I2C_Master_Transmit                           build/stm32f1xx_hal_i2c.o
HAL_I2C_Master_Transmit_DMA                       build/stm32f1xx_hal_i2c.o
HAL_I2C_Master_Transmit_IT                        build/stm32f1xx_hal_i2c.o
HAL_I2C_MemRxCpltCallback                         build/stm32f1xx_hal_i2c.o
HAL_I2C_MemTxCpltCallback                         build/stm32f1xx_hal_i2c.o
HAL_I2C_Mem_Read                                  build/stm32f1xx_hal_i2c.o
HAL_I2C_Mem_Read_DMA                              build/stm32f1xx_hal_i2c.o
HAL_I2C_Mem_Read_IT                               build/stm32f1xx_hal_i2c.o
HAL_I2C_Mem_Write                                 build/stm32f1xx_hal_i2c.o
HAL_I2C_Mem_Write_DMA                             build/stm32f1xx_hal_i2c.o
HAL_I2C_Mem_Write_IT                              build/stm32f1xx_hal_i2c.o
HAL_I2C_MspDeInit                                 build/stm32f1xx_hal_msp.o
HAL_I2C_MspInit                                   build/stm32f1xx_hal_msp.o
HAL_I2C_SlaveRxCpltCallback                       build/stm32f1xx_hal_i2c.o
HAL_I2C_SlaveTxCpltCallback                       build/stm32f1xx_hal_i2c.o
HAL_I2C_Slave_Receive                             build/stm32f1xx_hal_i2c.o
HAL_I2C_Slave_Receive_DMA                         build/stm32f1xx_hal_i2c.o
HAL_I2C_Slave_Receive_IT                          build/stm32f1xx_hal_i2c.o
HAL_I2C_Slave_Seq_Receive_DMA                     build/stm32f1xx_hal_i2c.o
HAL_I2C_Slave_Seq_Receive_IT                      build/stm32f1xx_hal_i2c.o
HAL_I2C_Slave_Seq_Transmit_DMA                    build/stm32f1xx_hal_i2c.o
HAL_I2C_Slave_Seq_Transmit_IT                     build/stm32f1xx_hal_i2c.o
HAL_I2C_Slave_Transmit                            build/stm32f1xx_hal_i2c.o
HAL_I2C_Slave_Transmit_DMA                        build/stm32f1xx_hal_i2c.o
HAL_I2C_Slave_Transmit_IT                         build/stm32f1xx_hal_i2c.o
HAL_IncTick                                       build/stm32f1xx_hal.o
                                                  build/stm32f1xx_it.o
HAL_Init                                          build/stm32f1xx_hal.o
                                                  build/target_tests.o
HAL_InitTick                                      build/stm32f1xx_hal.o
                                                  build/stm32f1xx_hal_rcc.o
HAL_LIN_Init                                      build/stm32f1xx_hal_uart.o
HAL_LIN_SendBreak                                 build/stm32f1xx_hal_uart.o
HAL_MspDeInit                                     build/stm32f1xx_hal.o
HAL_MspInit                                       build/stm32f1xx_hal_msp.o
HAL_MultiProcessor_EnterMuteMode                  build/stm32f1xx_hal_uart.o
HAL_MultiProcessor_ExitMuteMode                   build/stm32f1xx_hal_uart.o
HAL_MultiProcessor_Init                           build/stm32f1xx_hal_uart.o
HAL_NVIC_ClearPendingIRQ                          build/stm32f1xx_hal_cortex.o
HAL_NVIC_DisableIRQ                               build/stm32f1xx_hal_cortex.o
HAL_NVIC_EnableIRQ                                build/stm32f1xx_hal_cortex.o
HAL_NVIC_GetActive                                build/stm32f1xx_hal_cortex.o
HAL_NVIC_GetPendingIRQ                            build/stm32f1xx_hal_cortex.o
HAL_NVIC_GetPriority                              build/stm32f1xx_hal_cortex.o
HAL_NVIC_GetPriorityGrouping                      build/stm32f1xx_hal_cortex.o
HAL_NVIC_SetPendingIRQ                            build/stm32f1xx_hal_cortex.o
HAL_NVIC_SetPriority                              build/stm32f1xx_hal_cortex.o
                                                  build/stm32f1xx_hal.o
HAL_NVIC_SetPriorityGrouping                      build/stm32f1xx_hal_cortex.o
                                                  build/stm32f1xx_hal.o
HAL_NVIC_SystemReset                              build/stm32f1xx_hal_cortex.o
                                                  build/stm32f1xx_hal_flash.o
HAL_PWR_ConfigPVD                                 build/stm32f1xx_hal_pwr.o
HAL_PWR_DeInit                                    build/stm32f1xx_hal_pwr.o
HAL_PWR_DisableBkUpAccess                         build/stm32f1xx_hal_pwr.o
HAL_PWR_DisablePVD                                build/stm32f1xx_hal_pwr.o
HAL_PWR_DisableSEVOnPend                          build/stm32f1xx_hal_pwr.o
HAL_PWR_DisableSleepOnExit                        build/stm32f1xx_hal_pwr.o
HAL_PWR_DisableWakeUpPin                          build/stm32f1xx_hal_pwr.o
HAL_PWR_EnableBkUpAccess                          build/stm32f1xx_hal_pwr.o
HAL_PWR_EnablePVD                                 build/stm32f1xx_hal_pwr.o
HAL_PWR_EnableSEVOnPend                           build/stm32f1xx_hal_pwr.o
HAL_PWR_EnableSleepOnExit                         build/stm32f1xx_hal_pwr.o
HAL_PWR_EnableWakeUpPin                           build/stm32f1xx_hal_pwr.o
HAL_PWR_EnterSLEEPMode                            build/stm32f1xx_hal_pwr.o
HAL_PWR_EnterSTANDBYMode                          build/stm32f1xx_hal_pwr.o
HAL_PWR_EnterSTOPMode                             build/stm32f1xx_hal_pwr.o
HAL_PWR_PVDCallback                               build/stm32f1xx_hal_pwr.o
HAL_PWR_PVD_IRQHandler                            build/stm32f1xx_hal_pwr.o
HAL_RCCEx_GetPeriphCLKConfig                      build/stm32f1xx_hal_rcc_ex.o
HAL_RCCEx_GetPeriphCLKFreq                        build/stm32f1xx_hal_rcc_ex.o
HAL_RCCEx_PeriphCLKConfig                         build/stm32f1xx_hal_rcc_ex.o
HAL_RCC_CSSCallback                               build/stm32f1xx_hal_rcc.o
HAL_RCC_ClockConfig                               build/stm32f1xx_hal_rcc.o
                                                  build/target_tests.o
HAL_RCC_DeInit                                    build/stm32f1xx_hal_rcc.o
HAL_RCC_DisableCSS                                build/stm32f1xx_hal_rcc.o
HAL_RCC_EnableCSS                                 build/stm32f1xx_hal_rcc.o
HAL_RCC_GetClockConfig                            build/stm32f1xx_hal_rcc.o
HAL_RCC_GetHCLKFreq                               build/stm32f1xx_hal_rcc.o
HAL_RCC_GetOscConfig                              build/stm32f1xx_hal_rcc.o
HAL_RCC_GetPCLK1Freq                              build/stm32f1xx_hal_rcc.o
                                                  build/stm32f1xx_hal_uart.o
                                                  build/stm32f1xx_hal_i2c.o
HAL_RCC_GetPCLK2Freq                              build/stm32f1xx_hal_rcc.o
                                                  build/stm32f1xx_hal_uart.o
                                                  build/stm32f1xx_hal_rcc_ex.o
HAL_RCC_GetSysClockFreq                           build/stm32f1xx_hal_rcc.o
HAL_RCC_MCOConfig                                 build/stm32f1xx_hal_rcc.o
HAL_RCC_NMI_IRQHandler                            build/stm32f1xx_hal_rcc.o
HAL_RCC_OscConfig                                 build/stm32f1xx_hal_rcc.o
                                                  build/target_tests.o
HAL_ResumeTick                                    build/stm32f1xx_hal.o
HAL_SYSTICK_CLKSourceConfig                       build/stm32f1xx_hal_cortex.o
HAL_SYSTICK_Callback                              build/stm32f1xx_hal_cortex.o
HAL_SYSTICK_Config                                build/stm32f1xx_hal_cortex.o
                                                  build/stm32f1xx_hal.o
HAL_SYSTICK_IRQHandler                            build/stm32f1xx_hal_cortex.o
HAL_SetTickFreq                                   build/stm32f1xx_hal.o
HAL_SuspendTick                                   build/stm32f1xx_hal.o
HAL_UARTEx_GetRxEventType                         build/stm32f1xx_hal_uart.o
HAL_UARTEx_ReceiveToIdle                          build/stm32f1xx_hal_uart.o
HAL_UARTEx_ReceiveToIdle_DMA                      build/stm32f1xx_hal_uart.o
HAL_UARTEx_ReceiveToIdle_IT                       build/stm32f1xx_hal_uart.o
HAL_UARTEx_RxEventCallback                        build/stm32f1xx_hal_uart.o
HAL_UART_Abort                                    build/stm32f1xx_hal_uart.o
HAL_UART_AbortCpltCallback                        build/stm32f1xx_hal_uart.o
HAL_UART_AbortReceive                             build/stm32f1xx_hal_uart.o
HAL_UART_AbortReceiveCpltCallback                 build/stm32f1xx_hal_uart.o
HAL_UART_AbortReceive_IT                          build/stm32f1xx_hal_uart.o
HAL_UART_AbortTransmit                            build/stm32f1xx_hal_uart.o
HAL_UART_AbortTransmitCpltCallback                build/stm32f1xx_hal_uart.o
HAL_UART_AbortTransmit_IT                         build/stm32f1xx_hal_uart.o
HAL_UART_Abort_IT                                 build/stm32f1xx_hal_uart.o
HAL_UART_DMAPause                                 build/stm32f1xx_hal_uart.o
HAL_UART_DMAResume                                build/stm32f1xx_hal_uart.o
HAL_UART_DMAStop                                  build/stm32f1xx_hal_uart.o
HAL_UART_DeInit                                   build/stm32f1xx_hal_uart.o
HAL_UART_ErrorCallback                            build/stm32f1xx_hal_uart.o
HAL_UART_GetError                                 build/stm32f1xx_hal_uart.o
HAL_UART_GetState                                 build/stm32f1xx_hal_uart.o
HAL_UART_IRQHandler                               build/stm32f1xx_hal_uart.o
HAL_UART_Init                                     build/stm32f1xx_hal_uart.o
                                                  build/target_tests.o
HAL_UART_MspDeInit                                build/stm32f1xx_hal_msp.o
HAL_UART_MspInit                                  build/stm32f1xx_hal_msp.o
HAL_UART_Receive                                  build/stm32f1xx_hal_uart.o
HAL_UART_Receive_DMA                              build/stm32f1xx_hal_uart.o
HAL_UART_Receive_IT                               build/stm32f1xx_hal_uart.o
HAL_UART_RxCpltCallback                           build/stm32f1xx_hal_uart.o
HAL_UART_RxHalfCpltCallback                       build/stm32f1xx_hal_uart.o
HAL_UART_Transmit                                 build/stm32f1xx_hal_uart.o
                                                  build/target_tests.o
HAL_UART_Transmit_DMA                             build/stm32f1xx_hal_uart.o
HAL_UART_Transmit_IT                              build/stm32f1xx_hal_uart.o
HAL_UART_TxCpltCallback                           build/stm32f1xx_hal_uart.o
HAL_UART_TxHalfCpltCallback                       build/stm32f1xx_hal_uart.o
HardFault_Handler                                 build/stm32f1xx_it.o
I2C1_ER_IRQHandler                                build/startup_stm32f103xb.o
I2C1_EV_IRQHandler                                build/startup_stm32f103xb.o
I2C2_ER_IRQHandler                                build/startup_stm32f103xb.o
I2C2_EV_IRQHandler                                build/startup_stm32f103xb.o
MemManage_Handler                                 build/stm32f1xx_it.o
NMI_Handler                                       build/stm32f1xx_it.o
PVD_IRQHandler                                    build/startup_stm32f103xb.o
PendSV_Handler                                    build/stm32f1xx_it.o
RCC_IRQHandler                                    build/startup_stm32f103xb.o
RTC_Alarm_IRQHandler                              build/startup_stm32f103xb.o
RTC_IRQHandler                                    build/startup_stm32f103xb.o
Reset_Handler                                     build/startup_stm32f103xb.o
SPI1_IRQHandler                                   build/startup_stm32f103xb.o
SPI2_IRQHandler                                   build/startup_stm32f103xb.o
SVC_Handler                                       build/stm32f1xx_it.o
SysTick_Handler                                   build/stm32f1xx_it.o
SystemClock_Config                                build/target_tests.o
SystemCoreClock                                   build/system_stm32f1xx.o
                                                  build/stm32f1xx_hal_rcc.o
                                                  build/stm32f1xx_hal.o
                                                  build/stm32f1xx_hal_i2c.o
SystemCoreClockUpdate                             build/system_stm32f1xx.o
SystemInit                                        build/system_stm32f1xx.o
                                                  build/startup_stm32f103xb.o
TAMPER_IRQHandler                                 build/startup_stm32f103xb.o
TEST_eeprom_driver_GROUP_RUNNER                   build/eeprom_test_runner.o
                                                  build/target_tests.o
TEST_eeprom_driver_SETUP                          build/eeprom_test.o
TEST_eeprom_driver_TEAR_DOWN                      build/eeprom_test.o
TIM1_BRK_IRQHandler                               build/startup_stm32f103xb.o
TIM1_CC_IRQHandler                                build/startup_stm32f103xb.o
TIM1_TRG_COM_IRQHandler                           build/startup_stm32f103xb.o
TIM1_UP_IRQHandler                                build/startup_stm32f103xb.o
TIM2_IRQHandler                                   build/startup_stm32f103xb.o
TIM3_IRQHandler                                   build/startup_stm32f103xb.o
TIM4_IRQHandler                                   build/startup_stm32f103xb.o
UART_Start_Receive_DMA                            build/stm32f1xx_hal_uart.o
UART_Start_Receive_IT                             build/stm32f1xx_hal_uart.o
USART1_IRQHandler                                 build/startup_stm32f103xb.o
USART2_IRQHandler                                 build/startup_stm32f103xb.o
USART3_IRQHandler                                 build/startup_stm32f103xb.o
USBWakeUp_IRQHandler                              build/startup_stm32f103xb.o
USB_HP_CAN1_TX_IRQHandler                         build/startup_stm32f103xb.o
USB_LP_CAN1_RX0_IRQHandler                        build/startup_stm32f103xb.o
Unity                                             build/unity.o
                                                  build/unity_memory.o
                                                  build/unity_fixture.o
UnityAssertBits                                   build/unity.o
UnityAssertEqualFloatArray                        build/unity.o
UnityAssertEqualIntArray                          build/unity.o
UnityAssertEqualMemory                            build/unity.o
UnityAssertEqualNumber                            build/unity.o
UnityAssertEqualString                            build/unity.o
UnityAssertEqualStringArray                       build/unity.o
UnityAssertEqualStringLen                         build/unity.o
UnityAssertFloatSpecial                           build/unity.o
UnityAssertFloatsWithin                           build/unity.o
UnityAssertGreaterOrLessOrEqualNumber             build/unity.o
UnityAssertNumbersArrayWithin                     build/unity.o
UnityAssertNumbersWithin                          build/unity.o
UnityBegin                                        build/unity.o
                                                  build/unity_fixture.o
UnityConcludeFixtureTest                          build/unity_fixture.o
UnityConcludeTest                                 build/unity.o
UnityDefaultTestRun                               build/unity.o
UnityEnd                                          build/unity.o
                                                  build/unity_fixture.o
UnityFail                                         build/unity.o
                                                  build/mock_eeprom_io.o
                                                  build/unity_memory.o
                                                  build/unity_fixture.o
UnityFixture                                      build/unity_fixture.o
UnityFloatToPtr                                   build/unity.o
UnityGetCommandLineOptions                        build/unity_fixture.o
UnityIgnore                                       build/unity.o
UnityIgnoreTest                                   build/unity_fixture.o
UnityMain                                         build/unity_fixture.o
                                                  build/target_tests.o
UnityMalloc_EndTest                               build/unity_memory.o
UnityMalloc_MakeMallocFailAfterCount              build/unity_memory.o
UnityMalloc_StartTest                             build/unity_memory.o
UnityMessage                                      build/unity.o
UnityNumToPtr                                     build/unity.o
UnityPointer_Init                                 build/unity_fixture.o
UnityPointer_Set                                  build/unity_fixture.o
UnityPointer_UndoAllSets                          build/unity_fixture.o
UnityPrint                                        build/unity.o
                                                  build/unity_fixture.o
UnityPrintFloat                                   build/unity.o
UnityPrintLen                                     build/unity.o
UnityPrintMask                                    build/unity.o
UnityPrintNumber                                  build/unity.o
UnityPrintNumberByStyle                           build/unity.o
UnityPrintNumberHex                               build/unity.o
UnityPrintNumberUnsigned                          build/unity.o
                                                  build/unity_fixture.o
UnitySetTestFile                                  build/unity.o
UnityStrErr64                                     build/unity.o
UnityStrErrDouble                                 build/unity.o
UnityStrErrFloat                                  build/unity.o
UnityStrErrShorthand                              build/unity.o
UnityStrFail                                      build/unity.o
UnityStrIgnore                                    build/unity.o
UnityStrOk                                        build/unity.o
UnityStrPass                                      build/unity.o
                                                  build/unity_fixture.o
UnityTestRunner                                   build/unity_fixture.o
UsageFault_Handler                                build/stm32f1xx_it.o
WWDG_IRQHandler                                   build/startup_stm32f103xb.o
_ITM_deregisterTMCloneTable                       /usr/local/src/arm-gnu-toolchain-13.2/bin/../lib/gcc/arm-none-eabi/13.2.1/thumb/v7-m/nofp/crtbegin.o
_ITM_registerTMCloneTable                         /usr/local/src/arm-gnu-toolchain-13.2/bin/../lib/gcc/arm-none-eabi/13.2.1/thumb/v7-m/nofp/crtbegin.o
_Unwind_Backtrace                                 /usr/local/src/arm-gnu-toolchain-13.2/bin/../lib/gcc/arm-none-eabi/13.2.1/thumb/v7-m/nofp/libgcc.a(libunwind.o)
_Unwind_Complete                                  /usr/local/src/arm-gnu-toolchain-13.2/bin/../lib/gcc/arm-none-eabi/13.2.1/thumb/v7-m/nofp/libgcc.a(unwind-arm.o)
_Unwind_DeleteException                           /usr/local/src/arm-gnu-toolchain-13.2/bin/../lib/gcc/arm-none-eabi/13.2.1/thumb/v7-m/nofp/libgcc.a(unwind-arm.o)
_Unwind_ForcedUnwind                              /usr/local/src/arm-gnu-toolchain-13.2/bin/../lib/gcc/arm-none-eabi/13.2.1/thumb/v7-m/nofp/libgcc.a(libunwind.o)
_Unwind_GetCFA                                    /usr/local/src/arm-gnu-toolchain-13.2/bin/../lib/gcc/arm-none-eabi/13.2.1/thumb/v7-m/nofp/libgcc.a(unwind-arm.o)
_Unwind_GetDataRelBase                            /usr/local/src/arm-gnu-toolchain-13.2/bin/../lib/gcc/arm-none-eabi/13.2.1/thumb/v7-m/nofp/libgcc.a(pr-support.o)
_Unwind_GetLanguageSpecificData                   /usr/local/src/arm-gnu-toolchain-13.2/bin/../lib/gcc/arm-none-eabi/13.2.1/thumb/v7-m/nofp/libgcc.a(pr-support.o)
_Unwind_GetRegionStart                            /usr/local/src/arm-gnu-toolchain-13.2/bin/../lib/gcc/arm-none-eabi/13.2.1/thumb/v7-m/nofp/libgcc.a(pr-support.o)
_Unwind_GetTextRelBase                            /usr/local/src/arm-gnu-toolchain-13.2/bin/../lib/gcc/arm-none-eabi/13.2.1/thumb/v7-m/nofp/libgcc.a(pr-support.o)
_Unwind_RaiseException                            /usr/local/src/arm-gnu-toolchain-13.2/bin/../lib/gcc/arm-none-eabi/13.2.1/thumb/v7-m/nofp/libgcc.a(libunwind.o)
_Unwind_Resume                                    /usr/local/src/arm-gnu-toolchain-13.2/bin/../lib/gcc/arm-none-eabi/13.2.1/thumb/v7-m/nofp/libgcc.a(libunwind.o)
_Unwind_Resume_or_Rethrow                         /usr/local/src/arm-gnu-toolchain-13.2/bin/../lib/gcc/arm-none-eabi/13.2.1/thumb/v7-m/nofp/libgcc.a(libunwind.o)
_Unwind_VRS_Get                                   /usr/local/src/arm-gnu-toolchain-13.2/bin/../lib/gcc/arm-none-eabi/13.2.1/thumb/v7-m/nofp/libgcc.a(unwind-arm.o)
                                                  /usr/local/src/arm-gnu-toolchain-13.2/bin/../lib/gcc/arm-none-eabi/13.2.1/thumb/v7-m/nofp/libgcc.a(pr-support.o)
_Unwind_VRS_Pop                                   /usr/local/src/arm-gnu-toolchain-13.2/bin/../lib/gcc/arm-none-eabi/13.2.1/thumb/v7-m/nofp/libgcc.a(unwind-arm.o)
                                                  /usr/local/src/arm-gnu-toolchain-13.2/bin/../lib/gcc/arm-none-eabi/13.2.1/thumb/v7-m/nofp/libgcc.a(pr-support.o)
_Unwind_VRS_Set                                   /usr/local/src/arm-gnu-toolchain-13.2/bin/../lib/gcc/arm-none-eabi/13.2.1/thumb/v7-m/nofp/libgcc.a(unwind-arm.o)
                                                  /usr/local/src/arm-gnu-toolchain-13.2/bin/../lib/gcc/arm-none-eabi/13.2.1/thumb/v7-m/nofp/libgcc.a(pr-support.o)
__TMC_END__                                       /usr/local/src/arm-gnu-toolchain-13.2/bin/../lib/gcc/arm-none-eabi/13.2.1/thumb/v7-m/nofp/crtend.o
                                                  /usr/local/src/arm-gnu-toolchain-13.2/bin/../lib/gcc/arm-none-eabi/13.2.1/thumb/v7-m/nofp/crtbegin.o
___Unwind_Backtrace                               /usr/local/src/arm-gnu-toolchain-13.2/bin/../lib/gcc/arm-none-eabi/13.2.1/thumb/v7-m/nofp/libgcc.a(libunwind.o)
___Unwind_ForcedUnwind                            /usr/local/src/arm-gnu-toolchain-13.2/bin/../lib/gcc/arm-none-eabi/13.2.1/thumb/v7-m/nofp/libgcc.a(libunwind.o)
___Unwind_RaiseException                          /usr/local/src/arm-gnu-toolchain-13.2/bin/../lib/gcc/arm-none-eabi/13.2.1/thumb/v7-m/nofp/libgcc.a(libunwind.o)
___Unwind_Resume                                  /usr/local/src/arm-gnu-toolchain-13.2/bin/../lib/gcc/arm-none-eabi/13.2.1/thumb/v7-m/nofp/libgcc.a(libunwind.o)
___Unwind_Resume_or_Rethrow                       /usr/local/src/arm-gnu-toolchain-13.2/bin/../lib/gcc/arm-none-eabi/13.2.1/thumb/v7-m/nofp/libgcc.a(libunwind.o)
__addsf3                                          /usr/local/src/arm-gnu-toolchain-13.2/bin/../lib/gcc/arm-none-eabi/13.2.1/thumb/v7-m/nofp/libgcc.a(_arm_addsubsf3.o)
__aeabi_cfcmpeq                                   /usr/local/src/arm-gnu-toolchain-13.2/bin/../lib/gcc/arm-none-eabi/13.2.1/thumb/v7-m/nofp/libgcc.a(_arm_cmpsf2.o)
__aeabi_cfcmple                                   /usr/local/src/arm-gnu-toolchain-13.2/bin/../lib/gcc/arm-none-eabi/13.2.1/thumb/v7-m/nofp/libgcc.a(_arm_cmpsf2.o)
__aeabi_cfrcmple                                  /usr/local/src/arm-gnu-toolchain-13.2/bin/../lib/gcc/arm-none-eabi/13.2.1/thumb/v7-m/nofp/libgcc.a(_arm_cmpsf2.o)
__aeabi_f2iz                                      /usr/local/src/arm-gnu-toolchain-13.2/bin/../lib/gcc/arm-none-eabi/13.2.1/thumb/v7-m/nofp/libgcc.a(_arm_fixsfsi.o)
                                                  build/unity.o
__aeabi_fadd                                      /usr/local/src/arm-gnu-toolchain-13.2/bin/../lib/gcc/arm-none-eabi/13.2.1/thumb/v7-m/nofp/libgcc.a(_arm_addsubsf3.o)
                                                  build/unity.o
__aeabi_fcmpeq                                    /usr/local/src/arm-gnu-toolchain-13.2/bin/../lib/gcc/arm-none-eabi/13.2.1/thumb/v7-m/nofp/libgcc.a(_arm_cmpsf2.o)
                                                  build/unity.o
__aeabi_fcmpge                                    /usr/local/src/arm-gnu-toolchain-13.2/bin/../lib/gcc/arm-none-eabi/13.2.1/thumb/v7-m/nofp/libgcc.a(_arm_cmpsf2.o)
__aeabi_fcmpgt                                    /usr/local/src/arm-gnu-toolchain-13.2/bin/../lib/gcc/arm-none-eabi/13.2.1/thumb/v7-m/nofp/libgcc.a(_arm_cmpsf2.o)
                                                  build/unity.o
__aeabi_fcmple                                    /usr/local/src/arm-gnu-toolchain-13.2/bin/../lib/gcc/arm-none-eabi/13.2.1/thumb/v7-m/nofp/libgcc.a(_arm_cmpsf2.o)
                                                  build/unity.o
__aeabi_fcmplt                                    /usr/local/src/arm-gnu-toolchain-13.2/bin/../lib/gcc/arm-none-eabi/13.2.1/thumb/v7-m/nofp/libgcc.a(_arm_cmpsf2.o)
                                                  build/unity.o
__aeabi_fcmpun                                    /usr/local/src/arm-gnu-toolchain-13.2/bin/../lib/gcc/arm-none-eabi/13.2.1/thumb/v7-m/nofp/libgcc.a(_arm_unordsf2.o)
                                                  build/unity.o
__aeabi_fdiv                                      /usr/local/src/arm-gnu-toolchain-13.2/bin/../lib/gcc/arm-none-eabi/13.2.1/thumb/v7-m/nofp/libgcc.a(_arm_muldivsf3.o)
                                                  build/unity.o
__aeabi_fmul                                      /usr/local/src/arm-gnu-toolchain-13.2/bin/../lib/gcc/arm-none-eabi/13.2.1/thumb/v7-m/nofp/libgcc.a(_arm_muldivsf3.o)
                                                  /usr/local/src/arm-gnu-toolchain-13.2/bin/../lib/gcc/arm-none-eabi/13.2.1/thumb/v7-m/nofp/libgcc.a(_arm_mulsf3.o)
                                                  build/unity.o
__aeabi_frsub                                     /usr/local/src/arm-gnu-toolchain-13.2/bin/../lib/gcc/arm-none-eabi/13.2.1/thumb/v7-m/nofp/libgcc.a(_arm_addsubsf3.o)
__aeabi_fsub                                      /usr/local/src/arm-gnu-toolchain-13.2/bin/../lib/gcc/arm-none-eabi/13.2.1/thumb/v7-m/nofp/libgcc.a(_arm_addsubsf3.o)
                                                  build/unity.o
__aeabi_i2f                                       /usr/local/src/arm-gnu-toolchain-13.2/bin/../lib/gcc/arm-none-eabi/13.2.1/thumb/v7-m/nofp/libgcc.a(_arm_addsubsf3.o)
                                                  build/unity.o
__aeabi_l2f                                       /usr/local/src/arm-gnu-toolchain-13.2/bin/../lib/gcc/arm-none-eabi/13.2.1/thumb/v7-m/nofp/libgcc.a(_arm_addsubsf3.o)
__aeabi_ui2f                                      /usr/local/src/arm-gnu-toolchain-13.2/bin/../lib/gcc/arm-none-eabi/13.2.1/thumb/v7-m/nofp/libgcc.a(_arm_addsubsf3.o)
__aeabi_ul2f                                      /usr/local/src/arm-gnu-toolchain-13.2/bin/../lib/gcc/arm-none-eabi/13.2.1/thumb/v7-m/nofp/libgcc.a(_arm_addsubsf3.o)
__aeabi_unwind_cpp_pr0                            /usr/local/src/arm-gnu-toolchain-13.2/bin/../lib/gcc/arm-none-eabi/13.2.1/thumb/v7-m/nofp/libgcc.a(unwind-arm.o)
                                                  /usr/local/src/arm-gnu-toolchain-13.2/bin/../lib/gcc/arm-none-eabi/13.2.1/thumb/v7-m/nofp/libgcc.a(pr-support.o)
                                                  /usr/local/src/arm-gnu-toolchain-13.2/bin/../lib/gcc/arm-none-eabi/13.2.1/../../../../arm-none-eabi/lib/thumb/v7-m/nofp/libc_nano.a(libc_a-setjmp.o)
__aeabi_unwind_cpp_pr1                            /usr/local/src/arm-gnu-toolchain-13.2/bin/../lib/gcc/arm-none-eabi/13.2.1/thumb/v7-m/nofp/libgcc.a(unwind-arm.o)
                                                  /usr/local/src/arm-gnu-toolchain-13.2/bin/../lib/gcc/arm-none-eabi/13.2.1/thumb/v7-m/nofp/libgcc.a(pr-support.o)
__aeabi_unwind_cpp_pr2                            /usr/local/src/arm-gnu-toolchain-13.2/bin/../lib/gcc/arm-none-eabi/13.2.1/thumb/v7-m/nofp/libgcc.a(unwind-arm.o)
__bss_end__                                       /usr/local/src/arm-gnu-toolchain-13.2/bin/../lib/gcc/arm-none-eabi/13.2.1/../../../../arm-none-eabi/lib/thumb/v7-m/nofp/crt0.o
__bss_start__                                     /usr/local/src/arm-gnu-toolchain-13.2/bin/../lib/gcc/arm-none-eabi/13.2.1/../../../../arm-none-eabi/lib/thumb/v7-m/nofp/crt0.o
__call_exitprocs                                  /usr/local/src/arm-gnu-toolchain-13.2/bin/../lib/gcc/arm-none-eabi/13.2.1/../../../../arm-none-eabi/lib/thumb/v7-m/nofp/libc_nano.a(libc_a-exit.o)
__cmpsf2                                          /usr/local/src/arm-gnu-toolchain-13.2/bin/../lib/gcc/arm-none-eabi/13.2.1/thumb/v7-m/nofp/libgcc.a(_arm_cmpsf2.o)
__cxa_begin_cleanup                               /usr/local/src/arm-gnu-toolchain-13.2/bin/../lib/gcc/arm-none-eabi/13.2.1/thumb/v7-m/nofp/libgcc.a(unwind-arm.o)
__cxa_call_unexpected                             /usr/local/src/arm-gnu-toolchain-13.2/bin/../lib/gcc/arm-none-eabi/13.2.1/thumb/v7-m/nofp/libgcc.a(unwind-arm.o)
__cxa_type_match                                  /usr/local/src/arm-gnu-toolchain-13.2/bin/../lib/gcc/arm-none-eabi/13.2.1/thumb/v7-m/nofp/libgcc.a(unwind-arm.o)
__deregister_frame_info                           /usr/local/src/arm-gnu-toolchain-13.2/bin/../lib/gcc/arm-none-eabi/13.2.1/thumb/v7-m/nofp/crtbegin.o
__divsf3                                          /usr/local/src/arm-gnu-toolchain-13.2/bin/../lib/gcc/arm-none-eabi/13.2.1/thumb/v7-m/nofp/libgcc.a(_arm_muldivsf3.o)
__dso_handle                                      /usr/local/src/arm-gnu-toolchain-13.2/bin/../lib/gcc/arm-none-eabi/13.2.1/thumb/v7-m/nofp/crtbegin.o
__eqsf2                                           /usr/local/src/arm-gnu-toolchain-13.2/bin/../lib/gcc/arm-none-eabi/13.2.1/thumb/v7-m/nofp/libgcc.a(_arm_cmpsf2.o)
__exidx_end                                       /usr/local/src/arm-gnu-toolchain-13.2/bin/../lib/gcc/arm-none-eabi/13.2.1/thumb/v7-m/nofp/libgcc.a(unwind-arm.o)
__exidx_start                                     /usr/local/src/arm-gnu-toolchain-13.2/bin/../lib/gcc/arm-none-eabi/13.2.1/thumb/v7-m/nofp/libgcc.a(unwind-arm.o)
__fixsfsi                                         /usr/local/src/arm-gnu-toolchain-13.2/bin/../lib/gcc/arm-none-eabi/13.2.1/thumb/v7-m/nofp/libgcc.a(_arm_fixsfsi.o)
__floatdisf                                       /usr/local/src/arm-gnu-toolchain-13.2/bin/../lib/gcc/arm-none-eabi/13.2.1/thumb/v7-m/nofp/libgcc.a(_arm_addsubsf3.o)
__floatsisf                                       /usr/local/src/arm-gnu-toolchain-13.2/bin/../lib/gcc/arm-none-eabi/13.2.1/thumb/v7-m/nofp/libgcc.a(_arm_addsubsf3.o)
__floatundisf                                     /usr/local/src/arm-gnu-toolchain-13.2/bin/../lib/gcc/arm-none-eabi/13.2.1/thumb/v7-m/nofp/libgcc.a(_arm_addsubsf3.o)
__floatunsisf                                     /usr/local/src/arm-gnu-toolchain-13.2/bin/../lib/gcc/arm-none-eabi/13.2.1/thumb/v7-m/nofp/libgcc.a(_arm_addsubsf3.o)
__fp_lock_all                                     /usr/local/src/arm-gnu-toolchain-13.2/bin/../lib/gcc/arm-none-eabi/13.2.1/../../../../arm-none-eabi/lib/thumb/v7-m/nofp/libc_nano.a(libc_a-findfp.o)
__fp_unlock_all                                   /usr/local/src/arm-gnu-toolchain-13.2/bin/../lib/gcc/arm-none-eabi/13.2.1/../../../../arm-none-eabi/lib/thumb/v7-m/nofp/libc_nano.a(libc_a-findfp.o)
__gesf2                                           /usr/local/src/arm-gnu-toolchain-13.2/bin/../lib/gcc/arm-none-eabi/13.2.1/thumb/v7-m/nofp/libgcc.a(_arm_cmpsf2.o)
__gnu_Unwind_Backtrace                            /usr/local/src/arm-gnu-toolchain-13.2/bin/../lib/gcc/arm-none-eabi/13.2.1/thumb/v7-m/nofp/libgcc.a(unwind-arm.o)
                                                  /usr/local/src/arm-gnu-toolchain-13.2/bin/../lib/gcc/arm-none-eabi/13.2.1/thumb/v7-m/nofp/libgcc.a(libunwind.o)
__gnu_Unwind_Find_exidx                           /usr/local/src/arm-gnu-toolchain-13.2/bin/../lib/gcc/arm-none-eabi/13.2.1/thumb/v7-m/nofp/libgcc.a(unwind-arm.o)
__gnu_Unwind_ForcedUnwind                         /usr/local/src/arm-gnu-toolchain-13.2/bin/../lib/gcc/arm-none-eabi/13.2.1/thumb/v7-m/nofp/libgcc.a(unwind-arm.o)
                                                  /usr/local/src/arm-gnu-toolchain-13.2/bin/../lib/gcc/arm-none-eabi/13.2.1/thumb/v7-m/nofp/libgcc.a(libunwind.o)
__gnu_Unwind_RaiseException                       /usr/local/src/arm-gnu-toolchain-13.2/bin/../lib/gcc/arm-none-eabi/13.2.1/thumb/v7-m/nofp/libgcc.a(unwind-arm.o)
                                                  /usr/local/src/arm-gnu-toolchain-13.2/bin/../lib/gcc/arm-none-eabi/13.2.1/thumb/v7-m/nofp/libgcc.a(libunwind.o)
__gnu_Unwind_Restore_VFP                          /usr/local/src/arm-gnu-toolchain-13.2/bin/../lib/gcc/arm-none-eabi/13.2.1/thumb/v7-m/nofp/libgcc.a(libunwind.o)
                                                  /usr/local/src/arm-gnu-toolchain-13.2/bin/../lib/gcc/arm-none-eabi/13.2.1/thumb/v7-m/nofp/libgcc.a(unwind-arm.o)
__gnu_Unwind_Restore_VFP_D                        /usr/local/src/arm-gnu-toolchain-13.2/bin/../lib/gcc/arm-none-eabi/13.2.1/thumb/v7-m/nofp/libgcc.a(libunwind.o)
                                                  /usr/local/src/arm-gnu-toolchain-13.2/bin/../lib/gcc/arm-none-eabi/13.2.1/thumb/v7-m/nofp/libgcc.a(unwind-arm.o)
__gnu_Unwind_Restore_VFP_D_16_to_31               /usr/local/src/arm-gnu-toolchain-13.2/bin/../lib/gcc/arm-none-eabi/13.2.1/thumb/v7-m/nofp/libgcc.a(libunwind.o)
                                                  /usr/local/src/arm-gnu-toolchain-13.2/bin/../lib/gcc/arm-none-eabi/13.2.1/thumb/v7-m/nofp/libgcc.a(unwind-arm.o)
__gnu_Unwind_Restore_WMMXC                        /usr/local/src/arm-gnu-toolchain-13.2/bin/../lib/gcc/arm-none-eabi/13.2.1/thumb/v7-m/nofp/libgcc.a(libunwind.o)
                                                  /usr/local/src/arm-gnu-toolchain-13.2/bin/../lib/gcc/arm-none-eabi/13.2.1/thumb/v7-m/nofp/libgcc.a(unwind-arm.o)
__gnu_Unwind_Restore_WMMXD                        /usr/local/src/arm-gnu-toolchain-13.2/bin/../lib/gcc/arm-none-eabi/13.2.1/thumb/v7-m/nofp/libgcc.a(libunwind.o)
                                                  /usr/local/src/arm-gnu-toolchain-13.2/bin/../lib/gcc/arm-none-eabi/13.2.1/thumb/v7-m/nofp/libgcc.a(unwind-arm.o)
__gnu_Unwind_Resume                               /usr/local/src/arm-gnu-toolchain-13.2/bin/../lib/gcc/arm-none-eabi/13.2.1/thumb/v7-m/nofp/libgcc.a(unwind-arm.o)
                                                  /usr/local/src/arm-gnu-toolchain-13.2/bin/../lib/gcc/arm-none-eabi/13.2.1/thumb/v7-m/nofp/libgcc.a(libunwind.o)
__gnu_Unwind_Resume_or_Rethrow                    /usr/local/src/arm-gnu-toolchain-13.2/bin/../lib/gcc/arm-none-eabi/13.2.1/thumb/v7-m/nofp/libgcc.a(unwind-arm.o)
                                                  /usr/local/src/arm-gnu-toolchain-13.2/bin/../lib/gcc/arm-none-eabi/13.2.1/thumb/v7-m/nofp/libgcc.a(libunwind.o)
__gnu_Unwind_Save_VFP                             /usr/local/src/arm-gnu-toolchain-13.2/bin/../lib/gcc/arm-none-eabi/13.2.1/thumb/v7-m/nofp/libgcc.a(libunwind.o)
                                                  /usr/local/src/arm-gnu-toolchain-13.2/bin/../lib/gcc/arm-none-eabi/13.2.1/thumb/v7-m/nofp/libgcc.a(unwind-arm.o)
__gnu_Unwind_Save_VFP_D                           /usr/local/src/arm-gnu-toolchain-13.2/bin/../lib/gcc/arm-none-eabi/13.2.1/thumb/v7-m/nofp/libgcc.a(libunwind.o)
                                                  /usr/local/src/arm-gnu-toolchain-13.2/bin/../lib/gcc/arm-none-eabi/13.2.1/thumb/v7-m/nofp/libgcc.a(unwind-arm.o)
__gnu_Unwind_Save_VFP_D_16_to_31                  /usr/local/src/arm-gnu-toolchain-13.2/bin/../lib/gcc/arm-none-eabi/13.2.1/thumb/v7-m/nofp/libgcc.a(libunwind.o)
                                                  /usr/local/src/arm-gnu-toolchain-13.2/bin/../lib/gcc/arm-none-eabi/13.2.1/thumb/v7-m/nofp/libgcc.a(unwind-arm.o)
__gnu_Unwind_Save_WMMXC                           /usr/local/src/arm-gnu-toolchain-13.2/bin/../lib/gcc/arm-none-eabi/13.2.1/thumb/v7-m/nofp/libgcc.a(libunwind.o)
                                                  /usr/local/src/arm-gnu-toolchain-13.2/bin/../lib/gcc/arm-none-eabi/13.2.1/thumb/v7-m/nofp/libgcc.a(unwind-arm.o)
__gnu_Unwind_Save_WMMXD                           /usr/local/src/arm-gnu-toolchain-13.2/bin/../lib/gcc/arm-none-eabi/13.2.1/thumb/v7-m/nofp/libgcc.a(libunwind.o)
                                                  /usr/local/src/arm-gnu-toolchain-13.2/bin/../lib/gcc/arm-none-eabi/13.2.1/thumb/v7-m/nofp/libgcc.a(unwind-arm.o)
__gnu_unwind_execute                              /usr/local/src/arm-gnu-toolchain-13.2/bin/../lib/gcc/arm-none-eabi/13.2.1/thumb/v7-m/nofp/libgcc.a(pr-support.o)
                                                  /usr/local/src/arm-gnu-toolchain-13.2/bin/../lib/gcc/arm-none-eabi/13.2.1/thumb/v7-m/nofp/libgcc.a(unwind-arm.o)
__gnu_unwind_frame                                /usr/local/src/arm-gnu-toolchain-13.2/bin/../lib/gcc/arm-none-eabi/13.2.1/thumb/v7-m/nofp/libgcc.a(pr-support.o)
__gtsf2                                           /usr/local/src/arm-gnu-toolchain-13.2/bin/../lib/gcc/arm-none-eabi/13.2.1/thumb/v7-m/nofp/libgcc.a(_arm_cmpsf2.o)
__init_array_end                                  /usr/local/src/arm-gnu-toolchain-13.2/bin/../lib/gcc/arm-none-eabi/13.2.1/../../../../arm-none-eabi/lib/thumb/v7-m/nofp/libc_nano.a(libc_a-init.o)
__init_array_start                                /usr/local/src/arm-gnu-toolchain-13.2/bin/../lib/gcc/arm-none-eabi/13.2.1/../../../../arm-none-eabi/lib/thumb/v7-m/nofp/libc_nano.a(libc_a-init.o)
__lesf2                                           /usr/local/src/arm-gnu-toolchain-13.2/bin/../lib/gcc/arm-none-eabi/13.2.1/thumb/v7-m/nofp/libgcc.a(_arm_cmpsf2.o)
__libc_fini_array                                 /usr/local/src/arm-gnu-toolchain-13.2/bin/../lib/gcc/arm-none-eabi/13.2.1/../../../../arm-none-eabi/lib/thumb/v7-m/nofp/crt0.o
__libc_init_array                                 /usr/local/src/arm-gnu-toolchain-13.2/bin/../lib/gcc/arm-none-eabi/13.2.1/../../../../arm-none-eabi/lib/thumb/v7-m/nofp/libc_nano.a(libc_a-init.o)
                                                  build/startup_stm32f103xb.o
                                                  /usr/local/src/arm-gnu-toolchain-13.2/bin/../lib/gcc/arm-none-eabi/13.2.1/../../../../arm-none-eabi/lib/thumb/v7-m/nofp/crt0.o
__lock___arc4random_mutex                         /usr/local/src/arm-gnu-toolchain-13.2/bin/../lib/gcc/arm-none-eabi/13.2.1/../../../../arm-none-eabi/lib/thumb/v7-m/nofp/libc_nano.a(libc_a-lock.o)
__lock___at_quick_exit_mutex                      /usr/local/src/arm-gnu-toolchain-13.2/bin/../lib/gcc/arm-none-eabi/13.2.1/../../../../arm-none-eabi/lib/thumb/v7-m/nofp/libc_nano.a(libc_a-lock.o)
__lock___atexit_recursive_mutex                   /usr/local/src/arm-gnu-toolchain-13.2/bin/../lib/gcc/arm-none-eabi/13.2.1/../../../../arm-none-eabi/lib/thumb/v7-m/nofp/libc_nano.a(libc_a-lock.o)
__lock___dd_hash_mutex                            /usr/local/src/arm-gnu-toolchain-13.2/bin/../lib/gcc/arm-none-eabi/13.2.1/../../../../arm-none-eabi/lib/thumb/v7-m/nofp/libc_nano.a(libc_a-lock.o)
__lock___env_recursive_mutex                      /usr/local/src/arm-gnu-toolchain-13.2/bin/../lib/gcc/arm-none-eabi/13.2.1/../../../../arm-none-eabi/lib/thumb/v7-m/nofp/libc_nano.a(libc_a-lock.o)
__lock___malloc_recursive_mutex                   /usr/local/src/arm-gnu-toolchain-13.2/bin/../lib/gcc/arm-none-eabi/13.2.1/../../../../arm-none-eabi/lib/thumb/v7-m/nofp/libc_nano.a(libc_a-lock.o)
                                                  /usr/local/src/arm-gnu-toolchain-13.2/bin/../lib/gcc/arm-none-eabi/13.2.1/../../../../arm-none-eabi/lib/thumb/v7-m/nofp/libc_nano.a(libc_a-mlock.o)
__lock___sfp_recursive_mutex                      /usr/local/src/arm-gnu-toolchain-13.2/bin/../lib/gcc/arm-none-eabi/13.2.1/../../../../arm-none-eabi/lib/thumb/v7-m/nofp/libc_nano.a(libc_a-lock.o)
                                                  /usr/local/src/arm-gnu-toolchain-13.2/bin/../lib/gcc/arm-none-eabi/13.2.1/../../../../arm-none-eabi/lib/thumb/v7-m/nofp/libc_nano.a(libc_a-findfp.o)
__lock___tz_mutex                                 /usr/local/src/arm-gnu-toolchain-13.2/bin/../lib/gcc/arm-none-eabi/13.2.1/../../../../arm-none-eabi/lib/thumb/v7-m/nofp/libc_nano.a(libc_a-lock.o)
__ltsf2                                           /usr/local/src/arm-gnu-toolchain-13.2/bin/../lib/gcc/arm-none-eabi/13.2.1/thumb/v7-m/nofp/libgcc.a(_arm_cmpsf2.o)
__malloc_free_list                                /usr/local/src/arm-gnu-toolchain-13.2/bin/../lib/gcc/arm-none-eabi/13.2.1/../../../../arm-none-eabi/lib/thumb/v7-m/nofp/libc_nano.a(libc_a-mallocr.o)
                                                  /usr/local/src/arm-gnu-toolchain-13.2/bin/../lib/gcc/arm-none-eabi/13.2.1/../../../../arm-none-eabi/lib/thumb/v7-m/nofp/libc_nano.a(libc_a-freer.o)
__malloc_lock                                     /usr/local/src/arm-gnu-toolchain-13.2/bin/../lib/gcc/arm-none-eabi/13.2.1/../../../../arm-none-eabi/lib/thumb/v7-m/nofp/libc_nano.a(libc_a-mlock.o)
                                                  /usr/local/src/arm-gnu-toolchain-13.2/bin/../lib/gcc/arm-none-eabi/13.2.1/../../../../arm-none-eabi/lib/thumb/v7-m/nofp/libc_nano.a(libc_a-freer.o)
                                                  /usr/local/src/arm-gnu-toolchain-13.2/bin/../lib/gcc/arm-none-eabi/13.2.1/../../../../arm-none-eabi/lib/thumb/v7-m/nofp/libc_nano.a(libc_a-mallocr.o)
__malloc_sbrk_start                               /usr/local/src/arm-gnu-toolchain-13.2/bin/../lib/gcc/arm-none-eabi/13.2.1/../../../../arm-none-eabi/lib/thumb/v7-m/nofp/libc_nano.a(libc_a-mallocr.o)
__malloc_unlock                                   /usr/local/src/arm-gnu-toolchain-13.2/bin/../lib/gcc/arm-none-eabi/13.2.1/../../../../arm-none-eabi/lib/thumb/v7-m/nofp/libc_nano.a(libc_a-mlock.o)
                                                  /usr/local/src/arm-gnu-toolchain-13.2/bin/../lib/gcc/arm-none-eabi/13.2.1/../../../../arm-none-eabi/lib/thumb/v7-m/nofp/libc_nano.a(libc_a-freer.o)
                                                  /usr/local/src/arm-gnu-toolchain-13.2/bin/../lib/gcc/arm-none-eabi/13.2.1/../../../../arm-none-eabi/lib/thumb/v7-m/nofp/libc_nano.a(libc_a-mallocr.o)
__mulsf3                                          /usr/local/src/arm-gnu-toolchain-13.2/bin/../lib/gcc/arm-none-eabi/13.2.1/thumb/v7-m/nofp/libgcc.a(_arm_muldivsf3.o)
                                                  /usr/local/src/arm-gnu-toolchain-13.2/bin/../lib/gcc/arm-none-eabi/13.2.1/thumb/v7-m/nofp/libgcc.a(_arm_mulsf3.o)
__nesf2                                           /usr/local/src/arm-gnu-toolchain-13.2/bin/../lib/gcc/arm-none-eabi/13.2.1/thumb/v7-m/nofp/libgcc.a(_arm_cmpsf2.o)
__preinit_array_end                               /usr/local/src/arm-gnu-toolchain-13.2/bin/../lib/gcc/arm-none-eabi/13.2.1/../../../../arm-none-eabi/lib/thumb/v7-m/nofp/libc_nano.a(libc_a-init.o)
__preinit_array_start                             /usr/local/src/arm-gnu-toolchain-13.2/bin/../lib/gcc/arm-none-eabi/13.2.1/../../../../arm-none-eabi/lib/thumb/v7-m/nofp/libc_nano.a(libc_a-init.o)
__register_frame_info                             /usr/local/src/arm-gnu-toolchain-13.2/bin/../lib/gcc/arm-none-eabi/13.2.1/thumb/v7-m/nofp/crtbegin.o
__restore_core_regs                               /usr/local/src/arm-gnu-toolchain-13.2/bin/../lib/gcc/arm-none-eabi/13.2.1/thumb/v7-m/nofp/libgcc.a(libunwind.o)
__retarget_lock_acquire                           /usr/local/src/arm-gnu-toolchain-13.2/bin/../lib/gcc/arm-none-eabi/13.2.1/../../../../arm-none-eabi/lib/thumb/v7-m/nofp/libc_nano.a(libc_a-lock.o)
__retarget_lock_acquire_recursive                 /usr/local/src/arm-gnu-toolchain-13.2/bin/../lib/gcc/arm-none-eabi/13.2.1/../../../../arm-none-eabi/lib/thumb/v7-m/nofp/libc_nano.a(libc_a-lock.o)
                                                  /usr/local/src/arm-gnu-toolchain-13.2/bin/../lib/gcc/arm-none-eabi/13.2.1/../../../../arm-none-eabi/lib/thumb/v7-m/nofp/libc_nano.a(libc_a-fflush.o)
                                                  /usr/local/src/arm-gnu-toolchain-13.2/bin/../lib/gcc/arm-none-eabi/13.2.1/../../../../arm-none-eabi/lib/thumb/v7-m/nofp/libc_nano.a(libc_a-mlock.o)
                                                  /usr/local/src/arm-gnu-toolchain-13.2/bin/../lib/gcc/arm-none-eabi/13.2.1/../../../../arm-none-eabi/lib/thumb/v7-m/nofp/libc_nano.a(libc_a-findfp.o)
__retarget_lock_close                             /usr/local/src/arm-gnu-toolchain-13.2/bin/../lib/gcc/arm-none-eabi/13.2.1/../../../../arm-none-eabi/lib/thumb/v7-m/nofp/libc_nano.a(libc_a-lock.o)
__retarget_lock_close_recursive                   /usr/local/src/arm-gnu-toolchain-13.2/bin/../lib/gcc/arm-none-eabi/13.2.1/../../../../arm-none-eabi/lib/thumb/v7-m/nofp/libc_nano.a(libc_a-lock.o)
__retarget_lock_init                              /usr/local/src/arm-gnu-toolchain-13.2/bin/../lib/gcc/arm-none-eabi/13.2.1/../../../../arm-none-eabi/lib/thumb/v7-m/nofp/libc_nano.a(libc_a-lock.o)
__retarget_lock_init_recursive                    /usr/local/src/arm-gnu-toolchain-13.2/bin/../lib/gcc/arm-none-eabi/13.2.1/../../../../arm-none-eabi/lib/thumb/v7-m/nofp/libc_nano.a(libc_a-lock.o)
                                                  /usr/local/src/arm-gnu-toolchain-13.2/bin/../lib/gcc/arm-none-eabi/13.2.1/../../../../arm-none-eabi/lib/thumb/v7-m/nofp/libc_nano.a(libc_a-findfp.o)
__retarget_lock_release                           /usr/local/src/arm-gnu-toolchain-13.2/bin/../lib/gcc/arm-none-eabi/13.2.1/../../../../arm-none-eabi/lib/thumb/v7-m/nofp/libc_nano.a(libc_a-lock.o)
__retarget_lock_release_recursive                 /usr/local/src/arm-gnu-toolchain-13.2/bin/../lib/gcc/arm-none-eabi/13.2.1/../../../../arm-none-eabi/lib/thumb/v7-m/nofp/libc_nano.a(libc_a-lock.o)
                                                  /usr/local/src/arm-gnu-toolchain-13.2/bin/../lib/gcc/arm-none-eabi/13.2.1/../../../../arm-none-eabi/lib/thumb/v7-m/nofp/libc_nano.a(libc_a-fflush.o)
                                                  /usr/local/src/arm-gnu-toolchain-13.2/bin/../lib/gcc/arm-none-eabi/13.2.1/../../../../arm-none-eabi/lib/thumb/v7-m/nofp/libc_nano.a(libc_a-mlock.o)
                                                  /usr/local/src/arm-gnu-toolchain-13.2/bin/../lib/gcc/arm-none-eabi/13.2.1/../../../../arm-none-eabi/lib/thumb/v7-m/nofp/libc_nano.a(libc_a-findfp.o)
__retarget_lock_try_acquire                       /usr/local/src/arm-gnu-toolchain-13.2/bin/../lib/gcc/arm-none-eabi/13.2.1/../../../../arm-none-eabi/lib/thumb/v7-m/nofp/libc_nano.a(libc_a-lock.o)
__retarget_lock_try_acquire_recursive             /usr/local/src/arm-gnu-toolchain-13.2/bin/../lib/gcc/arm-none-eabi/13.2.1/../../../../arm-none-eabi/lib/thumb/v7-m/nofp/libc_nano.a(libc_a-lock.o)
__sclose                                          /usr/local/src/arm-gnu-toolchain-13.2/bin/../lib/gcc/arm-none-eabi/13.2.1/../../../../arm-none-eabi/lib/thumb/v7-m/nofp/libc_nano.a(libc_a-stdio.o)
                                                  /usr/local/src/arm-gnu-toolchain-13.2/bin/../lib/gcc/arm-none-eabi/13.2.1/../../../../arm-none-eabi/lib/thumb/v7-m/nofp/libc_nano.a(libc_a-findfp.o)
__seofread                                        /usr/local/src/arm-gnu-toolchain-13.2/bin/../lib/gcc/arm-none-eabi/13.2.1/../../../../arm-none-eabi/lib/thumb/v7-m/nofp/libc_nano.a(libc_a-stdio.o)
__sf                                              /usr/local/src/arm-gnu-toolchain-13.2/bin/../lib/gcc/arm-none-eabi/13.2.1/../../../../arm-none-eabi/lib/thumb/v7-m/nofp/libc_nano.a(libc_a-findfp.o)
                                                  /usr/local/src/arm-gnu-toolchain-13.2/bin/../lib/gcc/arm-none-eabi/13.2.1/../../../../arm-none-eabi/lib/thumb/v7-m/nofp/libc_nano.a(libc_a-impure.o)
__sflush_r                                        /usr/local/src/arm-gnu-toolchain-13.2/bin/../lib/gcc/arm-none-eabi/13.2.1/../../../../arm-none-eabi/lib/thumb/v7-m/nofp/libc_nano.a(libc_a-fflush.o)
__sfp                                             /usr/local/src/arm-gnu-toolchain-13.2/bin/../lib/gcc/arm-none-eabi/13.2.1/../../../../arm-none-eabi/lib/thumb/v7-m/nofp/libc_nano.a(libc_a-findfp.o)
__sfp_lock_acquire                                /usr/local/src/arm-gnu-toolchain-13.2/bin/../lib/gcc/arm-none-eabi/13.2.1/../../../../arm-none-eabi/lib/thumb/v7-m/nofp/libc_nano.a(libc_a-findfp.o)
__sfp_lock_release                                /usr/local/src/arm-gnu-toolchain-13.2/bin/../lib/gcc/arm-none-eabi/13.2.1/../../../../arm-none-eabi/lib/thumb/v7-m/nofp/libc_nano.a(libc_a-findfp.o)
__sglue                                           /usr/local/src/arm-gnu-toolchain-13.2/bin/../lib/gcc/arm-none-eabi/13.2.1/../../../../arm-none-eabi/lib/thumb/v7-m/nofp/libc_nano.a(libc_a-findfp.o)
                                                  /usr/local/src/arm-gnu-toolchain-13.2/bin/../lib/gcc/arm-none-eabi/13.2.1/../../../../arm-none-eabi/lib/thumb/v7-m/nofp/libc_nano.a(libc_a-fflush.o)
__sigtramp                                        /usr/local/src/arm-gnu-toolchain-13.2/bin/../lib/gcc/arm-none-eabi/13.2.1/../../../../arm-none-eabi/lib/thumb/v7-m/nofp/libc_nano.a(libc_a-signal.o)
__sigtramp_r                                      /usr/local/src/arm-gnu-toolchain-13.2/bin/../lib/gcc/arm-none-eabi/13.2.1/../../../../arm-none-eabi/lib/thumb/v7-m/nofp/libc_nano.a(libc_a-signal.o)
__sinit                                           /usr/local/src/arm-gnu-toolchain-13.2/bin/../lib/gcc/arm-none-eabi/13.2.1/../../../../arm-none-eabi/lib/thumb/v7-m/nofp/libc_nano.a(libc_a-findfp.o)
                                                  /usr/local/src/arm-gnu-toolchain-13.2/bin/../lib/gcc/arm-none-eabi/13.2.1/../../../../arm-none-eabi/lib/thumb/v7-m/nofp/libc_nano.a(libc_a-fflush.o)
__sread                                           /usr/local/src/arm-gnu-toolchain-13.2/bin/../lib/gcc/arm-none-eabi/13.2.1/../../../../arm-none-eabi/lib/thumb/v7-m/nofp/libc_nano.a(libc_a-stdio.o)
                                                  /usr/local/src/arm-gnu-toolchain-13.2/bin/../lib/gcc/arm-none-eabi/13.2.1/../../../../arm-none-eabi/lib/thumb/v7-m/nofp/libc_nano.a(libc_a-findfp.o)